Archive member included to satisfy reference by file (symbol)

e:/program/pico-sdk-v1.5.0/gcc-arm-none-eabi/bin/../lib/gcc/arm-none-eabi/10.3.1/thumb/v6-m/nofp\libgcc.a(_dvmd_tls.o)
                              CMakeFiles/blink.dir/E_/program/Pico-SDK-v1.5.0/pico-sdk/src/rp2_common/pico_divider/divider.S.obj (__aeabi_idiv0)
e:/program/pico-sdk-v1.5.0/gcc-arm-none-eabi/bin/../lib/gcc/arm-none-eabi/10.3.1/../../../../arm-none-eabi/lib/thumb/v6-m/nofp\libg.a(lib_a-calloc.o)
                              CMakeFiles/blink.dir/E_/program/Pico-SDK-v1.5.0/pico-sdk/src/rp2_common/pico_malloc/pico_malloc.c.obj (calloc)
e:/program/pico-sdk-v1.5.0/gcc-arm-none-eabi/bin/../lib/gcc/arm-none-eabi/10.3.1/../../../../arm-none-eabi/lib/thumb/v6-m/nofp\libg.a(lib_a-callocr.o)
                              e:/program/pico-sdk-v1.5.0/gcc-arm-none-eabi/bin/../lib/gcc/arm-none-eabi/10.3.1/../../../../arm-none-eabi/lib/thumb/v6-m/nofp\libg.a(lib_a-calloc.o) (_calloc_r)
e:/program/pico-sdk-v1.5.0/gcc-arm-none-eabi/bin/../lib/gcc/arm-none-eabi/10.3.1/../../../../arm-none-eabi/lib/thumb/v6-m/nofp\libg.a(lib_a-errno.o)
                              e:/program/pico-sdk-v1.5.0/gcc-arm-none-eabi/bin/../lib/gcc/arm-none-eabi/10.3.1/../../../../arm-none-eabi/lib/thumb/v6-m/nofp\libg.a(lib_a-callocr.o) (__errno)
e:/program/pico-sdk-v1.5.0/gcc-arm-none-eabi/bin/../lib/gcc/arm-none-eabi/10.3.1/../../../../arm-none-eabi/lib/thumb/v6-m/nofp\libg.a(lib_a-impure.o)
                              e:/program/pico-sdk-v1.5.0/gcc-arm-none-eabi/bin/../lib/gcc/arm-none-eabi/10.3.1/../../../../arm-none-eabi/lib/thumb/v6-m/nofp\libg.a(lib_a-calloc.o) (_impure_ptr)
e:/program/pico-sdk-v1.5.0/gcc-arm-none-eabi/bin/../lib/gcc/arm-none-eabi/10.3.1/../../../../arm-none-eabi/lib/thumb/v6-m/nofp\libg.a(lib_a-init.o)
                              e:/program/pico-sdk-v1.5.0/gcc-arm-none-eabi/bin/../lib/gcc/arm-none-eabi/10.3.1/../../../../arm-none-eabi/lib/thumb/v6-m/nofp/crt0.o (__libc_init_array)
e:/program/pico-sdk-v1.5.0/gcc-arm-none-eabi/bin/../lib/gcc/arm-none-eabi/10.3.1/../../../../arm-none-eabi/lib/thumb/v6-m/nofp\libg.a(lib_a-malloc.o)
                              CMakeFiles/blink.dir/E_/program/Pico-SDK-v1.5.0/pico-sdk/src/rp2_common/pico_malloc/pico_malloc.c.obj (malloc)
e:/program/pico-sdk-v1.5.0/gcc-arm-none-eabi/bin/../lib/gcc/arm-none-eabi/10.3.1/../../../../arm-none-eabi/lib/thumb/v6-m/nofp\libg.a(lib_a-mallocr.o)
                              e:/program/pico-sdk-v1.5.0/gcc-arm-none-eabi/bin/../lib/gcc/arm-none-eabi/10.3.1/../../../../arm-none-eabi/lib/thumb/v6-m/nofp\libg.a(lib_a-callocr.o) (_malloc_r)
e:/program/pico-sdk-v1.5.0/gcc-arm-none-eabi/bin/../lib/gcc/arm-none-eabi/10.3.1/../../../../arm-none-eabi/lib/thumb/v6-m/nofp\libg.a(lib_a-mlock.o)
                              e:/program/pico-sdk-v1.5.0/gcc-arm-none-eabi/bin/../lib/gcc/arm-none-eabi/10.3.1/../../../../arm-none-eabi/lib/thumb/v6-m/nofp\libg.a(lib_a-mallocr.o) (__malloc_lock)
e:/program/pico-sdk-v1.5.0/gcc-arm-none-eabi/bin/../lib/gcc/arm-none-eabi/10.3.1/../../../../arm-none-eabi/lib/thumb/v6-m/nofp\libg.a(lib_a-realloc.o)
                              CMakeFiles/blink.dir/E_/program/Pico-SDK-v1.5.0/pico-sdk/src/rp2_common/pico_malloc/pico_malloc.c.obj (realloc)
e:/program/pico-sdk-v1.5.0/gcc-arm-none-eabi/bin/../lib/gcc/arm-none-eabi/10.3.1/../../../../arm-none-eabi/lib/thumb/v6-m/nofp\libg.a(lib_a-reallocr.o)
                              e:/program/pico-sdk-v1.5.0/gcc-arm-none-eabi/bin/../lib/gcc/arm-none-eabi/10.3.1/../../../../arm-none-eabi/lib/thumb/v6-m/nofp\libg.a(lib_a-realloc.o) (_realloc_r)
e:/program/pico-sdk-v1.5.0/gcc-arm-none-eabi/bin/../lib/gcc/arm-none-eabi/10.3.1/../../../../arm-none-eabi/lib/thumb/v6-m/nofp\libg.a(lib_a-sbrkr.o)
                              e:/program/pico-sdk-v1.5.0/gcc-arm-none-eabi/bin/../lib/gcc/arm-none-eabi/10.3.1/../../../../arm-none-eabi/lib/thumb/v6-m/nofp\libg.a(lib_a-mallocr.o) (_sbrk_r)
e:/program/pico-sdk-v1.5.0/gcc-arm-none-eabi/bin/../lib/gcc/arm-none-eabi/10.3.1/../../../../arm-none-eabi/lib/thumb/v6-m/nofp\libg.a(lib_a-strlen-stub.o)
                              CMakeFiles/blink.dir/E_/program/Pico-SDK-v1.5.0/pico-sdk/src/rp2_common/pico_stdio/stdio.c.obj (strlen)
e:/program/pico-sdk-v1.5.0/gcc-arm-none-eabi/bin/../lib/gcc/arm-none-eabi/10.3.1/../../../../arm-none-eabi/lib/thumb/v6-m/nofp\libg.a(lib_a-freer.o)
                              e:/program/pico-sdk-v1.5.0/gcc-arm-none-eabi/bin/../lib/gcc/arm-none-eabi/10.3.1/../../../../arm-none-eabi/lib/thumb/v6-m/nofp\libg.a(lib_a-malloc.o) (_free_r)
e:/program/pico-sdk-v1.5.0/gcc-arm-none-eabi/bin/../lib/gcc/arm-none-eabi/10.3.1/../../../../arm-none-eabi/lib/thumb/v6-m/nofp\libg.a(lib_a-lock.o)
                              e:/program/pico-sdk-v1.5.0/gcc-arm-none-eabi/bin/../lib/gcc/arm-none-eabi/10.3.1/../../../../arm-none-eabi/lib/thumb/v6-m/nofp\libg.a(lib_a-mlock.o) (__retarget_lock_acquire_recursive)
[...]
Memory Configuration

Name             Origin             Length             Attributes
FLASH            0x10000000         0x00200000         xr
RAM              0x20000000         0x00040000         xrw
SCRATCH_X        0x20040000         0x00001000         xrw
SCRATCH_Y        0x20041000         0x00001000         xrw
*default*        0x00000000         0xffffffff

Linker script and memory map

LOAD e:/program/pico-sdk-v1.5.0/gcc-arm-none-eabi/bin/../lib/gcc/arm-none-eabi/10.3.1/thumb/v6-m/nofp/crti.o
LOAD e:/program/pico-sdk-v1.5.0/gcc-arm-none-eabi/bin/../lib/gcc/arm-none-eabi/10.3.1/thumb/v6-m/nofp/crtbegin.o
LOAD e:/program/pico-sdk-v1.5.0/gcc-arm-none-eabi/bin/../lib/gcc/arm-none-eabi/10.3.1/../../../../arm-none-eabi/lib/thumb/v6-m/nofp/crt0.o

.flash_begin    0x10000000        0x0
                0x10000000                __flash_binary_start = .

.boot2          0x10000000      0x100
                0x10000000                __boot2_start__ = .
 *(.boot2)
 .boot2         0x10000000      0x100 C:\Users\zhiyo\AppData\Local\Temp\ccKG4SAC.o
                0x10000100                __boot2_end__ = .
                0x00000001                ASSERT (((__boot2_end__ - __boot2_start__) == 0x100), ERROR: Pico second stage bootloader must be 256 bytes in size)

.text           0x10000100     0x4fb8
                0x10000100                __logical_binary_start = .
 *(.vectors)
 .vectors       0x10000100       0xd4 CMakeFiles/blink.dir/E_/program/Pico-SDK-v1.5.0/pico-sdk/src/rp2_common/pico_standard_link/crt0.S.obj
                0x10000100                __VECTOR_TABLE
                0x10000100                __vectors
                0x100001c0                isr_invalid
                0x100001c0                __default_isrs_start
                0x100001c2                isr_nmi
                0x100001c4                isr_hardfault
                0x100001c6                isr_svcall
                0x100001c8                isr_pendsv
                0x100001ca                isr_systick
                0x100001cc                isr_irq23
                0x100001cc                isr_irq18
                0x100001cc                isr_irq11
                0x100001cc                isr_irq28
                0x100001cc                isr_irq19
                0x100001cc                isr_irq0
                0x100001cc                isr_irq6
                0x100001cc                isr_irq5
                0x100001cc                isr_irq12
                0x100001cc                isr_irq22
                0x100001cc                isr_irq31
                0x100001cc                isr_irq17
                0x100001cc                isr_irq27
                0x100001cc                isr_irq30
                0x100001cc                isr_irq2
                0x100001cc                isr_irq10
                0x100001cc                isr_irq8
                0x100001cc                isr_irq24
                0x100001cc                isr_irq1
                0x100001cc                isr_irq7
                0x100001cc                isr_irq21
                0x100001cc                isr_irq20
                0x100001cc                isr_irq15
                0x100001cc                isr_irq25
                0x100001cc                isr_irq13
                0x100001cc                __unhandled_user_irq
                0x100001cc                isr_irq4
                0x100001cc                isr_irq16
                0x100001cc                isr_irq29
                0x100001cc                isr_irq26
                0x100001cc                __default_isrs_end
                0x100001cc                isr_irq3
                0x100001cc                isr_irq14
                0x100001cc                isr_irq9
                0x100001d2                unhandled_user_irq_num_in_r0
 *(.binary_info_header)
 .binary_info_header
                0x100001d4       0x14 CMakeFiles/blink.dir/E_/program/Pico-SDK-v1.5.0/pico-sdk/src/rp2_common/pico_standard_link/crt0.S.obj
                0x100001e8                __binary_info_header_end = .
 *(.reset)
 .reset         0x100001e8       0xa0 CMakeFiles/blink.dir/E_/program/Pico-SDK-v1.5.0/pico-sdk/src/rp2_common/pico_standard_link/crt0.S.obj
                0x100001e8                _entry_point
 .reset         0x10000288       0x30 CMakeFiles/blink.dir/E_/program/Pico-SDK-v1.5.0/pico-sdk/src/rp2_common/pico_standard_link/binary_info.c.obj
 *(.init)
 .init          0x100002b8        0x4 e:/program/pico-sdk-v1.5.0/gcc-arm-none-eabi/bin/../lib/gcc/arm-none-eabi/10.3.1/thumb/v6-m/nofp/crti.o
                0x100002b8                _init
 *(EXCLUDE_FILE(*libm.a: *libc.a:*lib_a-mem*.o *libgcc.a:) .text*)
 .text          0x100002bc       0x48 e:/program/pico-sdk-v1.5.0/gcc-arm-none-eabi/bin/../lib/gcc/arm-none-eabi/10.3.1/thumb/v6-m/nofp/crtbegin.o
 .text.gpio_handler
                0x10000304       0xa8 CMakeFiles/blink.dir/main.c.obj
 .text.gpio_button_init
                0x100003ac       0x34 CMakeFiles/blink.dir/main.c.obj
                0x100003ac                gpio_button_init
 .text.init_pmw
                0x100003e0       0xa8 CMakeFiles/blink.dir/main.c.obj
                0x100003e0                init_pmw
 .text.loop_pwm_set_chan_level
                0x10000488       0x5c CMakeFiles/blink.dir/main.c.obj
                0x10000488                loop_pwm_set_chan_level
 .text.main     0x100004e4      0x150 CMakeFiles/blink.dir/main.c.obj
                0x100004e4                main
 .text.gpio_set_function
                0x10000634       0x30 CMakeFiles/blink.dir/E_/program/Pico-SDK-v1.5.0/pico-sdk/src/rp2_common/hardware_gpio/gpio.c.obj
                0x10000634                gpio_set_function
 .text.gpio_set_pulls
                0x10000664       0x34 CMakeFiles/blink.dir/E_/program/Pico-SDK-v1.5.0/pico-sdk/src/rp2_common/hardware_gpio/gpio.c.obj
                0x10000664                gpio_set_pulls
 .text.gpio_set_irq_callback
                0x10000698       0x48 CMakeFiles/blink.dir/E_/program/Pico-SDK-v1.5.0/pico-sdk/src/rp2_common/hardware_gpio/gpio.c.obj
                0x10000698                gpio_set_irq_callback
 .text.gpio_acknowledge_irq
                0x100006e0       0x18 CMakeFiles/blink.dir/E_/program/Pico-SDK-v1.5.0/pico-sdk/src/rp2_common/hardware_gpio/gpio.c.obj
                0x100006e0                gpio_acknowledge_irq
 .text._gpio_set_irq_enabled
                0x100006f8       0x34 CMakeFiles/blink.dir/E_/program/Pico-SDK-v1.5.0/pico-sdk/src/rp2_common/hardware_gpio/gpio.c.obj
 .text.gpio_set_irq_enabled
                0x1000072c       0x20 CMakeFiles/blink.dir/E_/program/Pico-SDK-v1.5.0/pico-sdk/src/rp2_common/hardware_gpio/gpio.c.obj
                0x1000072c                gpio_set_irq_enabled
 .text.gpio_set_irq_enabled_with_callback
                0x1000074c       0x20 CMakeFiles/blink.dir/E_/program/Pico-SDK-v1.5.0/pico-sdk/src/rp2_common/hardware_gpio/gpio.c.obj
                0x1000074c                gpio_set_irq_enabled_with_callback
 .text.gpio_default_irq_handler
                0x1000076c       0x98 CMakeFiles/blink.dir/E_/program/Pico-SDK-v1.5.0/pico-sdk/src/rp2_common/hardware_gpio/gpio.c.obj
 .text.gpio_init
                0x10000804       0x16 CMakeFiles/blink.dir/E_/program/Pico-SDK-v1.5.0/pico-sdk/src/rp2_common/hardware_gpio/gpio.c.obj
                0x10000804                gpio_init
 *fill*         0x1000081a        0x2 
 .text.running_on_fpga
                0x1000081c       0x14 CMakeFiles/blink.dir/E_/program/Pico-SDK-v1.5.0/pico-sdk/src/rp2_common/pico_platform/platform.c.obj
                0x1000081c                running_on_fpga
 .text.hw_claim_lock
                0x10000830       0x18 CMakeFiles/blink.dir/E_/program/Pico-SDK-v1.5.0/pico-sdk/src/rp2_common/hardware_claim/claim.c.obj
                0x10000830                hw_claim_lock
 .text.hw_claim_unlock
                0x10000848       0x14 CMakeFiles/blink.dir/E_/program/Pico-SDK-v1.5.0/pico-sdk/src/rp2_common/hardware_claim/claim.c.obj
                0x10000848                hw_claim_unlock
 .text.hw_claim_or_assert
                0x1000085c       0x32 CMakeFiles/blink.dir/E_/program/Pico-SDK-v1.5.0/pico-sdk/src/rp2_common/hardware_claim/claim.c.obj
                0x1000085c                hw_claim_or_assert
 *fill*         0x1000088e        0x2 
 .text.spin_locks_reset
                0x10000890       0x20 CMakeFiles/blink.dir/E_/program/Pico-SDK-v1.5.0/pico-sdk/src/rp2_common/hardware_sync/sync.c.obj
                0x10000890                spin_locks_reset
 .text.next_striped_spin_lock_num
                0x100008b0       0x1c CMakeFiles/blink.dir/E_/program/Pico-SDK-v1.5.0/pico-sdk/src/rp2_common/hardware_sync/sync.c.obj
                0x100008b0                next_striped_spin_lock_num
 .text.set_raw_irq_handler_and_unlock
                0x100008cc       0x28 CMakeFiles/blink.dir/E_/program/Pico-SDK-v1.5.0/pico-sdk/src/rp2_common/hardware_irq/irq.c.obj
 .text.make_branch
                0x100008f4       0x48 CMakeFiles/blink.dir/E_/program/Pico-SDK-v1.5.0/pico-sdk/src/rp2_common/hardware_irq/irq.c.obj
 .text.insert_branch_and_link
                0x1000093c       0x40 CMakeFiles/blink.dir/E_/program/Pico-SDK-v1.5.0/pico-sdk/src/rp2_common/hardware_irq/irq.c.obj
 .text.irq_is_enabled
                0x1000097c       0x18 CMakeFiles/blink.dir/E_/program/Pico-SDK-v1.5.0/pico-sdk/src/rp2_common/hardware_irq/irq.c.obj
                0x1000097c                irq_is_enabled
 .text.irq_set_mask_enabled
                0x10000994       0x20 CMakeFiles/blink.dir/E_/program/Pico-SDK-v1.5.0/pico-sdk/src/rp2_common/hardware_irq/irq.c.obj
                0x10000994                irq_set_mask_enabled
 .text.irq_set_enabled
                0x100009b4        0xe CMakeFiles/blink.dir/E_/program/Pico-SDK-v1.5.0/pico-sdk/src/rp2_common/hardware_irq/irq.c.obj
                0x100009b4                irq_set_enabled
 *fill*         0x100009c2        0x2 
 .text.irq_get_vtable_handler
                0x100009c4       0x10 CMakeFiles/blink.dir/E_/program/Pico-SDK-v1.5.0/pico-sdk/src/rp2_common/hardware_irq/irq.c.obj
                0x100009c4                irq_get_vtable_handler
 .text.irq_set_exclusive_handler
                0x100009d4       0x54 CMakeFiles/blink.dir/E_/program/Pico-SDK-v1.5.0/pico-sdk/src/rp2_common/hardware_irq/irq.c.obj
                0x100009d4                irq_set_exclusive_handler
 .text.irq_add_shared_handler
                0x10000a28      0x234 CMakeFiles/blink.dir/E_/program/Pico-SDK-v1.5.0/pico-sdk/src/rp2_common/hardware_irq/irq.c.obj
                0x10000a28                irq_add_shared_handler
 .text.irq_remove_handler
                0x10000c5c      0x1ac CMakeFiles/blink.dir/E_/program/Pico-SDK-v1.5.0/pico-sdk/src/rp2_common/hardware_irq/irq.c.obj
                0x10000c5c                irq_remove_handler
 .text.irq_add_tail_to_free_list
                0x10000e08       0xf0 CMakeFiles/blink.dir/E_/program/Pico-SDK-v1.5.0/pico-sdk/src/rp2_common/hardware_irq/irq.c.obj
                0x10000e08                irq_add_tail_to_free_list
 .text.irq_init_priorities
                0x10000ef8       0x1c CMakeFiles/blink.dir/E_/program/Pico-SDK-v1.5.0/pico-sdk/src/rp2_common/hardware_irq/irq.c.obj
                0x10000ef8                irq_init_priorities
 .text.lock_init
                0x10000f14       0x10 CMakeFiles/blink.dir/E_/program/Pico-SDK-v1.5.0/pico-sdk/src/common/pico_sync/lock_core.c.obj
                0x10000f14                lock_init
 .text.mutex_init
                0x10000f24       0x1a CMakeFiles/blink.dir/E_/program/Pico-SDK-v1.5.0/pico-sdk/src/common/pico_sync/mutex.c.obj
                0x10000f24                mutex_init
 .text.recursive_mutex_init
                0x10000f3e       0x1e CMakeFiles/blink.dir/E_/program/Pico-SDK-v1.5.0/pico-sdk/src/common/pico_sync/mutex.c.obj
                0x10000f3e                recursive_mutex_init
 .text.alarm_pool_post_alloc_init
                0x10000f5c       0x40 CMakeFiles/blink.dir/E_/program/Pico-SDK-v1.5.0/pico-sdk/src/common/pico_time/time.c.obj
 .text.sleep_until_callback
                0x10000f9c       0x30 CMakeFiles/blink.dir/E_/program/Pico-SDK-v1.5.0/pico-sdk/src/common/pico_time/time.c.obj
 .text.timer_pool_entry_comparator
                0x10000fcc       0x7c CMakeFiles/blink.dir/E_/program/Pico-SDK-v1.5.0/pico-sdk/src/common/pico_time/time.c.obj
                0x10000fcc                timer_pool_entry_comparator
 .text.ph_add_child_node
                0x10001048       0xa4 CMakeFiles/blink.dir/E_/program/Pico-SDK-v1.5.0/pico-sdk/src/common/pico_time/time.c.obj
 .text.ph_merge_nodes
                0x100010ec       0x3e CMakeFiles/blink.dir/E_/program/Pico-SDK-v1.5.0/pico-sdk/src/common/pico_time/time.c.obj
 *fill*         0x1000112a        0x2 
 .text.add_alarm_under_lock
                0x1000112c      0x174 CMakeFiles/blink.dir/E_/program/Pico-SDK-v1.5.0/pico-sdk/src/common/pico_time/time.c.obj
 .text.alarm_pool_alarm_callback
                0x100012a0      0x33c CMakeFiles/blink.dir/E_/program/Pico-SDK-v1.5.0/pico-sdk/src/common/pico_time/time.c.obj
 .text.alarm_pool_init_default
                0x100015dc       0x40 CMakeFiles/blink.dir/E_/program/Pico-SDK-v1.5.0/pico-sdk/src/common/pico_time/time.c.obj
                0x100015dc                alarm_pool_init_default
 .text.alarm_pool_get_default
                0x1000161c       0x2c CMakeFiles/blink.dir/E_/program/Pico-SDK-v1.5.0/pico-sdk/src/common/pico_time/time.c.obj
                0x1000161c                alarm_pool_get_default
 .text.alarm_pool_add_alarm_at
                0x10001648      0x168 CMakeFiles/blink.dir/E_/program/Pico-SDK-v1.5.0/pico-sdk/src/common/pico_time/time.c.obj
                0x10001648                alarm_pool_add_alarm_at
 .text.alarm_pool_cancel_alarm
                0x100017b0       0xf0 CMakeFiles/blink.dir/E_/program/Pico-SDK-v1.5.0/pico-sdk/src/common/pico_time/time.c.obj
                0x100017b0                alarm_pool_cancel_alarm
 .text.best_effort_wfe_or_timeout
                0x100018a0       0xac CMakeFiles/blink.dir/E_/program/Pico-SDK-v1.5.0/pico-sdk/src/common/pico_time/time.c.obj
                0x100018a0                best_effort_wfe_or_timeout
 .text.hardware_alarm_irq_handler
                0x1000194c       0x90 CMakeFiles/blink.dir/E_/program/Pico-SDK-v1.5.0/pico-sdk/src/rp2_common/hardware_timer/timer.c.obj
 .text.hardware_alarm_claim
                0x100019dc       0x18 CMakeFiles/blink.dir/E_/program/Pico-SDK-v1.5.0/pico-sdk/src/rp2_common/hardware_timer/timer.c.obj
                0x100019dc                hardware_alarm_claim
 .text.time_us_64
                0x100019f4       0x18 CMakeFiles/blink.dir/E_/program/Pico-SDK-v1.5.0/pico-sdk/src/rp2_common/hardware_timer/timer.c.obj
                0x100019f4                time_us_64
 .text.hardware_alarm_set_callback
                0x10001a0c       0x90 CMakeFiles/blink.dir/E_/program/Pico-SDK-v1.5.0/pico-sdk/src/rp2_common/hardware_timer/timer.c.obj
                0x10001a0c                hardware_alarm_set_callback
 .text.hardware_alarm_set_target
                0x10001a9c       0xe8 CMakeFiles/blink.dir/E_/program/Pico-SDK-v1.5.0/pico-sdk/src/rp2_common/hardware_timer/timer.c.obj
                0x10001a9c                hardware_alarm_set_target
 .text.hardware_alarm_cancel
                0x10001b84       0x40 CMakeFiles/blink.dir/E_/program/Pico-SDK-v1.5.0/pico-sdk/src/rp2_common/hardware_timer/timer.c.obj
                0x10001b84                hardware_alarm_cancel
 .text.ph_add_child_node
                0x10001bc4       0xa4 CMakeFiles/blink.dir/E_/program/Pico-SDK-v1.5.0/pico-sdk/src/common/pico_util/pheap.c.obj
 .text.ph_merge_nodes
                0x10001c68       0x3e CMakeFiles/blink.dir/E_/program/Pico-SDK-v1.5.0/pico-sdk/src/common/pico_util/pheap.c.obj
 *fill*         0x10001ca6        0x2 
 .text.ph_clear
                0x10001ca8       0x70 CMakeFiles/blink.dir/E_/program/Pico-SDK-v1.5.0/pico-sdk/src/common/pico_util/pheap.c.obj
                0x10001ca8                ph_clear
 .text.ph_post_alloc_init
                0x10001d18        0xe CMakeFiles/blink.dir/E_/program/Pico-SDK-v1.5.0/pico-sdk/src/common/pico_util/pheap.c.obj
                0x10001d18                ph_post_alloc_init
 *fill*         0x10001d26        0x2 
 .text.ph_merge_two_pass
                0x10001d28       0xa8 CMakeFiles/blink.dir/E_/program/Pico-SDK-v1.5.0/pico-sdk/src/common/pico_util/pheap.c.obj
                0x10001d28                ph_merge_two_pass
 .text.ph_remove_any_head
                0x10001dd0      0x128 CMakeFiles/blink.dir/E_/program/Pico-SDK-v1.5.0/pico-sdk/src/common/pico_util/pheap.c.obj
 .text.ph_remove_head
                0x10001ef8       0x14 CMakeFiles/blink.dir/E_/program/Pico-SDK-v1.5.0/pico-sdk/src/common/pico_util/pheap.c.obj
                0x10001ef8                ph_remove_head
 .text.ph_remove_and_free_node
                0x10001f0c       0xf8 CMakeFiles/blink.dir/E_/program/Pico-SDK-v1.5.0/pico-sdk/src/common/pico_util/pheap.c.obj
                0x10001f0c                ph_remove_and_free_node
 .text.queue_add_internal
                0x10002004       0xa0 CMakeFiles/blink.dir/E_/program/Pico-SDK-v1.5.0/pico-sdk/src/common/pico_util/queue.c.obj
 .text.queue_remove_internal
                0x100020a4       0xa4 CMakeFiles/blink.dir/E_/program/Pico-SDK-v1.5.0/pico-sdk/src/common/pico_util/queue.c.obj
 .text.queue_init_with_spinlock
                0x10002148       0x24 CMakeFiles/blink.dir/E_/program/Pico-SDK-v1.5.0/pico-sdk/src/common/pico_util/queue.c.obj
                0x10002148                queue_init_with_spinlock
 .text.queue_try_add
                0x1000216c        0xa CMakeFiles/blink.dir/E_/program/Pico-SDK-v1.5.0/pico-sdk/src/common/pico_util/queue.c.obj
                0x1000216c                queue_try_add
 .text.queue_try_remove
                0x10002176        0xa CMakeFiles/blink.dir/E_/program/Pico-SDK-v1.5.0/pico-sdk/src/common/pico_util/queue.c.obj
                0x10002176                queue_try_remove
 .text.uart_set_baudrate
                0x10002180       0x5c CMakeFiles/blink.dir/E_/program/Pico-SDK-v1.5.0/pico-sdk/src/rp2_common/hardware_uart/uart.c.obj
                0x10002180                uart_set_baudrate
 .text.uart_set_translate_crlf
                0x100021dc       0x28 CMakeFiles/blink.dir/E_/program/Pico-SDK-v1.5.0/pico-sdk/src/rp2_common/hardware_uart/uart.c.obj
                0x100021dc                uart_set_translate_crlf
 .text.uart_init
                0x10002204       0x80 CMakeFiles/blink.dir/E_/program/Pico-SDK-v1.5.0/pico-sdk/src/rp2_common/hardware_uart/uart.c.obj
                0x10002204                uart_init
 .text.clock_configure
                0x10002284      0x104 CMakeFiles/blink.dir/E_/program/Pico-SDK-v1.5.0/pico-sdk/src/rp2_common/hardware_clocks/clocks.c.obj
                0x10002284                clock_configure
 .text.clocks_init
                0x10002388      0x100 CMakeFiles/blink.dir/E_/program/Pico-SDK-v1.5.0/pico-sdk/src/rp2_common/hardware_clocks/clocks.c.obj
                0x10002388                clocks_init
 .text.clock_get_hz
                0x10002488        0xc CMakeFiles/blink.dir/E_/program/Pico-SDK-v1.5.0/pico-sdk/src/rp2_common/hardware_clocks/clocks.c.obj
                0x10002488                clock_get_hz
 .text.pll_init
                0x10002494      0x12c CMakeFiles/blink.dir/E_/program/Pico-SDK-v1.5.0/pico-sdk/src/rp2_common/hardware_pll/pll.c.obj
                0x10002494                pll_init
 .text.watchdog_start_tick
                0x100025c0       0x10 CMakeFiles/blink.dir/E_/program/Pico-SDK-v1.5.0/pico-sdk/src/rp2_common/hardware_watchdog/watchdog.c.obj
                0x100025c0                watchdog_start_tick
 .text.xosc_init
                0x100025d0       0x28 CMakeFiles/blink.dir/E_/program/Pico-SDK-v1.5.0/pico-sdk/src/rp2_common/hardware_xosc/xosc.c.obj
                0x100025d0                xosc_init
 .text._exit    0x100025f8        0x4 CMakeFiles/blink.dir/E_/program/Pico-SDK-v1.5.0/pico-sdk/src/rp2_common/pico_runtime/runtime.c.obj
                0x100025f8                _exit
 .text._sbrk    0x100025fc       0x38 CMakeFiles/blink.dir/E_/program/Pico-SDK-v1.5.0/pico-sdk/src/rp2_common/pico_runtime/runtime.c.obj
                0x100025fc                _sbrk
 .text.exit     0x10002634        0x6 CMakeFiles/blink.dir/E_/program/Pico-SDK-v1.5.0/pico-sdk/src/rp2_common/pico_runtime/runtime.c.obj
                0x10002634                exit
 *fill*         0x1000263a        0x2 
 .text.__assert_func
                0x1000263c       0x3c CMakeFiles/blink.dir/E_/program/Pico-SDK-v1.5.0/pico-sdk/src/rp2_common/pico_runtime/runtime.c.obj
                0x1000263c                __assert_func
 .text.runtime_init
                0x10002678       0xf8 CMakeFiles/blink.dir/E_/program/Pico-SDK-v1.5.0/pico-sdk/src/rp2_common/pico_runtime/runtime.c.obj
                0x10002678                runtime_init
 .text.panic    0x10002770       0x30 CMakeFiles/blink.dir/E_/program/Pico-SDK-v1.5.0/pico-sdk/src/rp2_common/pico_runtime/runtime.c.obj
                0x10002770                panic
 .text._out_null
                0x100027a0        0x2 CMakeFiles/blink.dir/E_/program/Pico-SDK-v1.5.0/pico-sdk/src/rp2_common/pico_printf/printf.c.obj
 .text._out_fct
                0x100027a2        0xe CMakeFiles/blink.dir/E_/program/Pico-SDK-v1.5.0/pico-sdk/src/rp2_common/pico_printf/printf.c.obj
 .text._atoi    0x100027b0       0x24 CMakeFiles/blink.dir/E_/program/Pico-SDK-v1.5.0/pico-sdk/src/rp2_common/pico_printf/printf.c.obj
 .text._out_rev
                0x100027d4       0xae CMakeFiles/blink.dir/E_/program/Pico-SDK-v1.5.0/pico-sdk/src/rp2_common/pico_printf/printf.c.obj
 .text._ntoa_format
                0x10002882      0x112 CMakeFiles/blink.dir/E_/program/Pico-SDK-v1.5.0/pico-sdk/src/rp2_common/pico_printf/printf.c.obj
 .text._ntoa_long
                0x10002994       0xbc CMakeFiles/blink.dir/E_/program/Pico-SDK-v1.5.0/pico-sdk/src/rp2_common/pico_printf/printf.c.obj
 .text._ntoa_long_long
                0x10002a50       0xe2 CMakeFiles/blink.dir/E_/program/Pico-SDK-v1.5.0/pico-sdk/src/rp2_common/pico_printf/printf.c.obj
 *fill*         0x10002b32        0x2 
 .text._etoa    0x10002b34      0x414 CMakeFiles/blink.dir/E_/program/Pico-SDK-v1.5.0/pico-sdk/src/rp2_common/pico_printf/printf.c.obj
 .text._ftoa    0x10002f48      0x354 CMakeFiles/blink.dir/E_/program/Pico-SDK-v1.5.0/pico-sdk/src/rp2_common/pico_printf/printf.c.obj
 .text._vsnprintf
                0x1000329c      0x624 CMakeFiles/blink.dir/E_/program/Pico-SDK-v1.5.0/pico-sdk/src/rp2_common/pico_printf/printf.c.obj
 .text.vfctprintf
                0x100038c0       0x20 CMakeFiles/blink.dir/E_/program/Pico-SDK-v1.5.0/pico-sdk/src/rp2_common/pico_printf/printf.c.obj
                0x100038c0                vfctprintf
 .text          0x100038e0       0x10 CMakeFiles/blink.dir/E_/program/Pico-SDK-v1.5.0/pico-sdk/src/rp2_common/pico_bit_ops/bit_ops_aeabi.S.obj
 .text.rom_func_lookup
                0x100038f0       0x10 CMakeFiles/blink.dir/E_/program/Pico-SDK-v1.5.0/pico-sdk/src/rp2_common/pico_bootrom/bootrom.c.obj
                0x100038f0                rom_func_lookup
 .text.rom_data_lookup
                0x10003900       0x10 CMakeFiles/blink.dir/E_/program/Pico-SDK-v1.5.0/pico-sdk/src/rp2_common/pico_bootrom/bootrom.c.obj
                0x10003900                rom_data_lookup
 .text.rom_funcs_lookup
                0x10003910       0x36 CMakeFiles/blink.dir/E_/program/Pico-SDK-v1.5.0/pico-sdk/src/rp2_common/pico_bootrom/bootrom.c.obj
                0x10003910                rom_funcs_lookup
 *fill*         0x10003946        0x2 
 .text.__wrap___aeabi_idiv
                0x10003948       0x50 CMakeFiles/blink.dir/E_/program/Pico-SDK-v1.5.0/pico-sdk/src/rp2_common/pico_divider/divider.S.obj
                0x10003948                __wrap___aeabi_idivmod
                0x10003948                divmod_s32s32
                0x10003948                div_s32s32
                0x10003948                __wrap___aeabi_idiv
                0x10003950                divmod_s32s32_unsafe
                0x1000397c                divmod_s32s32_savestate
 .text.__wrap___aeabi_uidiv
                0x10003998       0x4c CMakeFiles/blink.dir/E_/program/Pico-SDK-v1.5.0/pico-sdk/src/rp2_common/pico_divider/divider.S.obj
                0x10003998                __wrap___aeabi_uidiv
                0x10003998                __wrap___aeabi_uidivmod
                0x10003998                div_u32u32
                0x10003998                divmod_u32u32
                0x100039a0                divmod_u32u32_unsafe
                0x100039c8                divmod_u32u32_savestate
 .text.__wrap___aeabi_ldiv
                0x100039e4      0x424 CMakeFiles/blink.dir/E_/program/Pico-SDK-v1.5.0/pico-sdk/src/rp2_common/pico_divider/divider.S.obj
                0x100039e4                div_s64s64
                0x100039e4                divmod_s64s64
                0x100039e4                __wrap___aeabi_ldivmod
                0x10003a14                divmod_u64u64
                0x10003a14                div_u64u64
                0x10003a14                __wrap___aeabi_uldivmod
                0x10003a24                divmod_u64u64_savestate
                0x10003a44                divmod_s64s64_unsafe
                0x10003acc                divmod_u64u64_unsafe
 .text.__wrap___aeabi_darithmetic
                0x10003e08       0x60 CMakeFiles/blink.dir/E_/program/Pico-SDK-v1.5.0/pico-sdk/src/rp2_common/pico_double/double_aeabi.S.obj
                0x10003e08                __wrap___aeabi_drsub
                0x10003e0e                __wrap___aeabi_dsub
                0x10003e18                __wrap___aeabi_dadd
                0x10003e22                __wrap___aeabi_ddiv
                0x10003e56                __wrap___aeabi_dmul
 .text.__wrap___aeabi_cdcmple
                0x10003e68       0x6c CMakeFiles/blink.dir/E_/program/Pico-SDK-v1.5.0/pico-sdk/src/rp2_common/pico_double/double_aeabi.S.obj
                0x10003e68                __wrap___aeabi_cdrcmple
                0x10003e78                __wrap___aeabi_cdcmpeq
                0x10003e78                __wrap___aeabi_cdcmple
 .text.__wrap___aeabi_dcmplt
                0x10003ed4        0xc CMakeFiles/blink.dir/E_/program/Pico-SDK-v1.5.0/pico-sdk/src/rp2_common/pico_double/double_aeabi.S.obj
                0x10003ed4                __wrap___aeabi_dcmplt
 .text.__wrap___aeabi_dcmple
                0x10003ee0       0x10 CMakeFiles/blink.dir/E_/program/Pico-SDK-v1.5.0/pico-sdk/src/rp2_common/pico_double/double_aeabi.S.obj
                0x10003ee0                __wrap___aeabi_dcmple
 .text.__wrap___aeabi_dcmpge
                0x10003ef0       0x10 CMakeFiles/blink.dir/E_/program/Pico-SDK-v1.5.0/pico-sdk/src/rp2_common/pico_double/double_aeabi.S.obj
                0x10003ef0                __wrap___aeabi_dcmpge
 .text.__wrap___aeabi_dcmpgt
                0x10003f00        0xa CMakeFiles/blink.dir/E_/program/Pico-SDK-v1.5.0/pico-sdk/src/rp2_common/pico_double/double_aeabi.S.obj
                0x10003f00                __wrap___aeabi_dcmpgt
 .text.__wrap___aeabi_dcmpun
                0x10003f0a       0x1c CMakeFiles/blink.dir/E_/program/Pico-SDK-v1.5.0/pico-sdk/src/rp2_common/pico_double/double_aeabi.S.obj
                0x10003f0a                __wrap___aeabi_dcmpun
 *fill*         0x10003f26        0x2 
 .text.__wrap___aeabi_i2d
                0x10003f28       0x38 CMakeFiles/blink.dir/E_/program/Pico-SDK-v1.5.0/pico-sdk/src/rp2_common/pico_double/double_aeabi.S.obj
                0x10003f28                __wrap___aeabi_ui2d
                0x10003f30                __wrap___aeabi_i2d
 .text.__wrap___aeabi_d2iz
                0x10003f60       0x48 CMakeFiles/blink.dir/E_/program/Pico-SDK-v1.5.0/pico-sdk/src/rp2_common/pico_double/double_aeabi.S.obj
                0x10003f60                double2int_z
                0x10003f60                __wrap___aeabi_d2iz
 .text.__wrap___aeabi_d2uiz
                0x10003fa8       0x10 CMakeFiles/blink.dir/E_/program/Pico-SDK-v1.5.0/pico-sdk/src/rp2_common/pico_double/double_aeabi.S.obj
                0x10003fa8                __wrap___aeabi_d2uiz
                0x10003fa8                double2uint
 .text.missing_double_func_shim
                0x10003fb8        0xc CMakeFiles/blink.dir/E_/program/Pico-SDK-v1.5.0/pico-sdk/src/rp2_common/pico_double/double_init_rom.c.obj
 .text.__aeabi_double_init
                0x10003fc4       0xcc CMakeFiles/blink.dir/E_/program/Pico-SDK-v1.5.0/pico-sdk/src/rp2_common/pico_double/double_init_rom.c.obj
                0x10003fc4                __aeabi_double_init
 .text.double_table_shim_on_use_helper
                0x10004090       0x34 CMakeFiles/blink.dir/E_/program/Pico-SDK-v1.5.0/pico-sdk/src/rp2_common/pico_double/double_v1_rom_shim.S.obj
                0x10004090                double_table_shim_on_use_helper
 .text.__wrap___aeabi_farithmetic
                0x100040c4       0x48 CMakeFiles/blink.dir/E_/program/Pico-SDK-v1.5.0/pico-sdk/src/rp2_common/pico_float/float_aeabi.S.obj
                0x100040c4                __wrap___aeabi_frsub
                0x100040ca                __wrap___aeabi_fsub
                0x100040d0                __wrap___aeabi_fadd
                0x100040d6                __wrap___aeabi_fdiv
                0x100040fe                __wrap___aeabi_fmul
 .text.__wrap___aeabi_ui2f
                0x1000410c        0xa CMakeFiles/blink.dir/E_/program/Pico-SDK-v1.5.0/pico-sdk/src/rp2_common/pico_float/float_aeabi.S.obj
                0x1000410c                __wrap___aeabi_ui2f
 *fill*         0x10004116        0x2 
 .text.__wrap___aeabi_i2f
                0x10004118       0x44 CMakeFiles/blink.dir/E_/program/Pico-SDK-v1.5.0/pico-sdk/src/rp2_common/pico_float/float_aeabi.S.obj
                0x10004118                __wrap___aeabi_i2f
 .text.__wrap___aeabi_f2uiz
                0x1000415c        0xc CMakeFiles/blink.dir/E_/program/Pico-SDK-v1.5.0/pico-sdk/src/rp2_common/pico_float/float_aeabi.S.obj
                0x1000415c                __wrap___aeabi_f2uiz
 .text.missing_float_func_shim
                0x10004168        0xc CMakeFiles/blink.dir/E_/program/Pico-SDK-v1.5.0/pico-sdk/src/rp2_common/pico_float/float_init_rom.c.obj
 .text.__aeabi_float_init
                0x10004174       0x88 CMakeFiles/blink.dir/E_/program/Pico-SDK-v1.5.0/pico-sdk/src/rp2_common/pico_float/float_init_rom.c.obj
                0x10004174                __aeabi_float_init
 .text.__wrap_calloc
                0x100041fc       0x24 CMakeFiles/blink.dir/E_/program/Pico-SDK-v1.5.0/pico-sdk/src/rp2_common/pico_malloc/pico_malloc.c.obj
                0x100041fc                __wrap_calloc
 .text          0x10004220       0x10 CMakeFiles/blink.dir/E_/program/Pico-SDK-v1.5.0/pico-sdk/src/rp2_common/pico_mem_ops/mem_ops_aeabi.S.obj
                0x10004220                __aeabi_mem_init
 .text.memset   0x10004230        0xc CMakeFiles/blink.dir/E_/program/Pico-SDK-v1.5.0/pico-sdk/src/rp2_common/pico_mem_ops/mem_ops_aeabi.S.obj
                0x10004230                __wrap_memset
 .text.memcpy   0x1000423c        0xc CMakeFiles/blink.dir/E_/program/Pico-SDK-v1.5.0/pico-sdk/src/rp2_common/pico_mem_ops/mem_ops_aeabi.S.obj
                0x1000423c                __wrap_memcpy
                0x1000423c                __wrap___aeabi_memcpy
 .text.stdio_out_chars_no_crlf
                0x10004248        0xe CMakeFiles/blink.dir/E_/program/Pico-SDK-v1.5.0/pico-sdk/src/rp2_common/pico_stdio/stdio.c.obj
 *fill*         0x10004256        0x2 
 .text.stdio_out_chars_crlf
                0x10004258       0x80 CMakeFiles/blink.dir/E_/program/Pico-SDK-v1.5.0/pico-sdk/src/rp2_common/pico_stdio/stdio.c.obj
 .text.stdio_stack_buffer_flush
                0x100042d8       0x44 CMakeFiles/blink.dir/E_/program/Pico-SDK-v1.5.0/pico-sdk/src/rp2_common/pico_stdio/stdio.c.obj
 .text.stdio_buffered_printer
                0x1000431c       0x20 CMakeFiles/blink.dir/E_/program/Pico-SDK-v1.5.0/pico-sdk/src/rp2_common/pico_stdio/stdio.c.obj
 .text.stdout_serialize_begin
                0x1000433c       0x5c CMakeFiles/blink.dir/E_/program/Pico-SDK-v1.5.0/pico-sdk/src/rp2_common/pico_stdio/stdio.c.obj
                0x1000433c                stdout_serialize_begin
 .text.stdout_serialize_end
                0x10004398       0x10 CMakeFiles/blink.dir/E_/program/Pico-SDK-v1.5.0/pico-sdk/src/rp2_common/pico_stdio/stdio.c.obj
                0x10004398                stdout_serialize_end
 .text.stdio_put_string
                0x100043a8       0x98 CMakeFiles/blink.dir/E_/program/Pico-SDK-v1.5.0/pico-sdk/src/rp2_common/pico_stdio/stdio.c.obj
 .text.stdio_set_driver_enabled
                0x10004440       0x2c CMakeFiles/blink.dir/E_/program/Pico-SDK-v1.5.0/pico-sdk/src/rp2_common/pico_stdio/stdio.c.obj
                0x10004440                stdio_set_driver_enabled
 .text.stdio_flush
                0x1000446c       0x20 CMakeFiles/blink.dir/E_/program/Pico-SDK-v1.5.0/pico-sdk/src/rp2_common/pico_stdio/stdio.c.obj
                0x1000446c                stdio_flush
 .text.__wrap_puts
                0x1000448c       0x1e CMakeFiles/blink.dir/E_/program/Pico-SDK-v1.5.0/pico-sdk/src/rp2_common/pico_stdio/stdio.c.obj
                0x1000448c                __wrap_puts
 *fill*         0x100044aa        0x2 
 .text.__wrap_vprintf
                0x100044ac       0x40 CMakeFiles/blink.dir/E_/program/Pico-SDK-v1.5.0/pico-sdk/src/rp2_common/pico_stdio/stdio.c.obj
                0x100044ac                __wrap_vprintf
 .text.__wrap_printf
                0x100044ec       0x18 CMakeFiles/blink.dir/E_/program/Pico-SDK-v1.5.0/pico-sdk/src/rp2_common/pico_stdio/stdio.c.obj
                0x100044ec                __wrap_printf
 .text.stdio_init_all
                0x10004504        0xa CMakeFiles/blink.dir/E_/program/Pico-SDK-v1.5.0/pico-sdk/src/rp2_common/pico_stdio/stdio.c.obj
                0x10004504                stdio_init_all
 *fill*         0x1000450e        0x2 
 .text.stdio_uart_out_chars
                0x10004510       0x74 CMakeFiles/blink.dir/E_/program/Pico-SDK-v1.5.0/pico-sdk/src/rp2_common/pico_stdio_uart/stdio_uart.c.obj
 .text.stdio_uart_in_chars
                0x10004584       0x80 CMakeFiles/blink.dir/E_/program/Pico-SDK-v1.5.0/pico-sdk/src/rp2_common/pico_stdio_uart/stdio_uart.c.obj
                0x10004584                stdio_uart_in_chars
 .text.on_uart_rx
                0x10004604       0x28 CMakeFiles/blink.dir/E_/program/Pico-SDK-v1.5.0/pico-sdk/src/rp2_common/pico_stdio_uart/stdio_uart.c.obj
 .text.stdio_uart_set_chars_available_callback
                0x1000462c       0x8c CMakeFiles/blink.dir/E_/program/Pico-SDK-v1.5.0/pico-sdk/src/rp2_common/pico_stdio_uart/stdio_uart.c.obj
 .text.stdio_uart_init_full
                0x100046b8       0x44 CMakeFiles/blink.dir/E_/program/Pico-SDK-v1.5.0/pico-sdk/src/rp2_common/pico_stdio_uart/stdio_uart.c.obj
                0x100046b8                stdio_uart_init_full
 .text.stdio_uart_init
                0x100046fc       0x28 CMakeFiles/blink.dir/E_/program/Pico-SDK-v1.5.0/pico-sdk/src/rp2_common/pico_stdio_uart/stdio_uart.c.obj
                0x100046fc                stdio_uart_init
 .text.calloc   0x10004724       0x18 e:/program/pico-sdk-v1.5.0/gcc-arm-none-eabi/bin/../lib/gcc/arm-none-eabi/10.3.1/../../../../arm-none-eabi/lib/thumb/v6-m/nofp\libg.a(lib_a-calloc.o)
                0x10004724                calloc
 .text._calloc_r
                0x1000473c       0x9c e:/program/pico-sdk-v1.5.0/gcc-arm-none-eabi/bin/../lib/gcc/arm-none-eabi/10.3.1/../../../../arm-none-eabi/lib/thumb/v6-m/nofp\libg.a(lib_a-callocr.o)
                0x1000473c                _calloc_r
 .text.__errno  0x100047d8        0xc e:/program/pico-sdk-v1.5.0/gcc-arm-none-eabi/bin/../lib/gcc/arm-none-eabi/10.3.1/../../../../arm-none-eabi/lib/thumb/v6-m/nofp\libg.a(lib_a-errno.o)
                0x100047d8                __errno
 .text._malloc_r
                0x100047e4      0x584 e:/program/pico-sdk-v1.5.0/gcc-arm-none-eabi/bin/../lib/gcc/arm-none-eabi/10.3.1/../../../../arm-none-eabi/lib/thumb/v6-m/nofp\libg.a(lib_a-mallocr.o)
                0x100047e4                _malloc_r
 .text.__malloc_lock
                0x10004d68       0x10 e:/program/pico-sdk-v1.5.0/gcc-arm-none-eabi/bin/../lib/gcc/arm-none-eabi/10.3.1/../../../../arm-none-eabi/lib/thumb/v6-m/nofp\libg.a(lib_a-mlock.o)
                0x10004d68                __malloc_lock
 .text.__malloc_unlock
                0x10004d78       0x10 e:/program/pico-sdk-v1.5.0/gcc-arm-none-eabi/bin/../lib/gcc/arm-none-eabi/10.3.1/../../../../arm-none-eabi/lib/thumb/v6-m/nofp\libg.a(lib_a-mlock.o)
                0x10004d78                __malloc_unlock
 .text._sbrk_r  0x10004d88       0x24 e:/program/pico-sdk-v1.5.0/gcc-arm-none-eabi/bin/../lib/gcc/arm-none-eabi/10.3.1/../../../../arm-none-eabi/lib/thumb/v6-m/nofp\libg.a(lib_a-sbrkr.o)
                0x10004d88                _sbrk_r
 .text.strlen   0x10004dac       0x5c e:/program/pico-sdk-v1.5.0/gcc-arm-none-eabi/bin/../lib/gcc/arm-none-eabi/10.3.1/../../../../arm-none-eabi/lib/thumb/v6-m/nofp\libg.a(lib_a-strlen-stub.o)
                0x10004dac                strlen
 .text._malloc_trim_r
                0x10004e08       0x9c e:/program/pico-sdk-v1.5.0/gcc-arm-none-eabi/bin/../lib/gcc/arm-none-eabi/10.3.1/../../../../arm-none-eabi/lib/thumb/v6-m/nofp\libg.a(lib_a-freer.o)
                0x10004e08                _malloc_trim_r
 .text._free_r  0x10004ea4      0x1c4 e:/program/pico-sdk-v1.5.0/gcc-arm-none-eabi/bin/../lib/gcc/arm-none-eabi/10.3.1/../../../../arm-none-eabi/lib/thumb/v6-m/nofp\libg.a(lib_a-freer.o)
                0x10004ea4                _free_r
 .text.__retarget_lock_acquire_recursive
                0x10005068        0x4 e:/program/pico-sdk-v1.5.0/gcc-arm-none-eabi/bin/../lib/gcc/arm-none-eabi/10.3.1/../../../../arm-none-eabi/lib/thumb/v6-m/nofp\libg.a(lib_a-lock.o)
                0x10005068                __retarget_lock_acquire_recursive
 .text.__retarget_lock_release_recursive
                0x1000506c        0x4 e:/program/pico-sdk-v1.5.0/gcc-arm-none-eabi/bin/../lib/gcc/arm-none-eabi/10.3.1/../../../../arm-none-eabi/lib/thumb/v6-m/nofp\libg.a(lib_a-lock.o)
                0x1000506c                __retarget_lock_release_recursive
 *(.fini)
 .fini          0x10005070        0x4 e:/program/pico-sdk-v1.5.0/gcc-arm-none-eabi/bin/../lib/gcc/arm-none-eabi/10.3.1/thumb/v6-m/nofp/crti.o
                0x10005070                _fini
 *fill*         0x10005074        0x4 
 .fini.__stub   0x10005078       0x40 linker stubs
 *crtbegin.o(.ctors)
 *crtbegin?.o(.ctors)
 *(EXCLUDE_FILE(*crtend.o *crtend?.o) .ctors)
 *(SORT_BY_NAME(.ctors.*))
 *(.ctors)
 *crtbegin.o(.dtors)
 *crtbegin?.o(.dtors)
 *(EXCLUDE_FILE(*crtend.o *crtend?.o) .dtors)
 *(SORT_BY_NAME(.dtors.*))
 *(.dtors)
 *(.eh_frame*)
 .eh_frame      0x100050b8        0x0 e:/program/pico-sdk-v1.5.0/gcc-arm-none-eabi/bin/../lib/gcc/arm-none-eabi/10.3.1/thumb/v6-m/nofp/crtbegin.o
                0x100050b8                . = ALIGN (0x4)

.glue_7         0x100050b8        0x0
 .glue_7        0x100050b8        0x0 linker stubs

.glue_7t        0x100050b8        0x0
 .glue_7t       0x100050b8        0x0 linker stubs

.vfp11_veneer   0x100050b8        0x0
 .vfp11_veneer  0x100050b8        0x0 linker stubs

.v4_bx          0x100050b8        0x0
 .v4_bx         0x100050b8        0x0 linker stubs

.iplt           0x100050b8        0x0
 .iplt          0x100050b8        0x0 e:/program/pico-sdk-v1.5.0/gcc-arm-none-eabi/bin/../lib/gcc/arm-none-eabi/10.3.1/thumb/v6-m/nofp/crtbegin.o

.rodata         0x100050b8     0x1024
 *(EXCLUDE_FILE(*libm.a: *libc.a:*lib_a-mem*.o *libgcc.a:) .rodata*)
 .rodata.gpio_handler.str1.4
                0x100050b8       0x6a CMakeFiles/blink.dir/main.c.obj
 *fill*         0x10005122        0x2 
 .rodata.main.str1.4
                0x10005124       0x10 CMakeFiles/blink.dir/main.c.obj
 .rodata.__func__.0
                0x10005134       0x15 CMakeFiles/blink.dir/main.c.obj
 *fill*         0x10005149        0x3 
 .rodata.make_branch.str1.4
                0x1000514c       0x76 CMakeFiles/blink.dir/E_/program/Pico-SDK-v1.5.0/pico-sdk/src/rp2_common/hardware_irq/irq.c.obj
 *fill*         0x100051c2        0x2 
 .rodata.insert_branch_and_link.str1.4
                0x100051c4       0x10 CMakeFiles/blink.dir/E_/program/Pico-SDK-v1.5.0/pico-sdk/src/rp2_common/hardware_irq/irq.c.obj
 .rodata.irq_set_exclusive_handler.str1.4
                0x100051d4       0x36 CMakeFiles/blink.dir/E_/program/Pico-SDK-v1.5.0/pico-sdk/src/rp2_common/hardware_irq/irq.c.obj
 *fill*         0x1000520a        0x2 
 .rodata.irq_add_shared_handler.str1.4
                0x1000520c       0xd9 CMakeFiles/blink.dir/E_/program/Pico-SDK-v1.5.0/pico-sdk/src/rp2_common/hardware_irq/irq.c.obj
 *fill*         0x100052e5        0x3 
 .rodata.irq_remove_handler.str1.4
                0x100052e8       0x3a CMakeFiles/blink.dir/E_/program/Pico-SDK-v1.5.0/pico-sdk/src/rp2_common/hardware_irq/irq.c.obj
 *fill*         0x10005322        0x2 
 .rodata.irq_add_tail_to_free_list.str1.4
                0x10005324       0x3a CMakeFiles/blink.dir/E_/program/Pico-SDK-v1.5.0/pico-sdk/src/rp2_common/hardware_irq/irq.c.obj
 *fill*         0x1000535e        0x2 
 .rodata.__func__.0
                0x10005360       0x1a CMakeFiles/blink.dir/E_/program/Pico-SDK-v1.5.0/pico-sdk/src/rp2_common/hardware_irq/irq.c.obj
 *fill*         0x1000537a        0x2 
 .rodata.__func__.1
                0x1000537c       0x17 CMakeFiles/blink.dir/E_/program/Pico-SDK-v1.5.0/pico-sdk/src/rp2_common/hardware_irq/irq.c.obj
 *fill*         0x10005393        0x1 
 .rodata.__func__.2
                0x10005394       0x13 CMakeFiles/blink.dir/E_/program/Pico-SDK-v1.5.0/pico-sdk/src/rp2_common/hardware_irq/irq.c.obj
 *fill*         0x100053a7        0x1 
 .rodata.__func__.3
                0x100053a8        0xc CMakeFiles/blink.dir/E_/program/Pico-SDK-v1.5.0/pico-sdk/src/rp2_common/hardware_irq/irq.c.obj
 .rodata.__func__.4
                0x100053b4        0xf CMakeFiles/blink.dir/E_/program/Pico-SDK-v1.5.0/pico-sdk/src/rp2_common/hardware_irq/irq.c.obj
 *fill*         0x100053c3        0x1 
 .rodata.__func__.5
                0x100053c4       0x17 CMakeFiles/blink.dir/E_/program/Pico-SDK-v1.5.0/pico-sdk/src/rp2_common/hardware_irq/irq.c.obj
 *fill*         0x100053db        0x1 
 .rodata.__func__.6
                0x100053dc       0x1a CMakeFiles/blink.dir/E_/program/Pico-SDK-v1.5.0/pico-sdk/src/rp2_common/hardware_irq/irq.c.obj
 *fill*         0x100053f6        0x2 
 .rodata.str1.4
                0x100053f8       0x95 CMakeFiles/blink.dir/E_/program/Pico-SDK-v1.5.0/pico-sdk/src/common/pico_sync/mutex.c.obj
                                0x101 (size before relaxing)
 *fill*         0x1000548d        0x3 
 .rodata.__func__.1
                0x10005490        0xb CMakeFiles/blink.dir/E_/program/Pico-SDK-v1.5.0/pico-sdk/src/common/pico_sync/mutex.c.obj
 *fill*         0x1000549b        0x1 
 .rodata.__func__.3
                0x1000549c       0x18 CMakeFiles/blink.dir/E_/program/Pico-SDK-v1.5.0/pico-sdk/src/common/pico_sync/mutex.c.obj
 .rodata.repeating_timer_callback.str1.4
                0x100054b4       0x54 CMakeFiles/blink.dir/E_/program/Pico-SDK-v1.5.0/pico-sdk/src/common/pico_time/time.c.obj
 .rodata.timer_pool_entry_comparator.str1.4
                0x10005508       0x22 CMakeFiles/blink.dir/E_/program/Pico-SDK-v1.5.0/pico-sdk/src/common/pico_time/time.c.obj
 *fill*         0x1000552a        0x2 
 .rodata.ph_add_child_node.str1.4
                0x1000552c       0x9e CMakeFiles/blink.dir/E_/program/Pico-SDK-v1.5.0/pico-sdk/src/common/pico_time/time.c.obj
 *fill*         0x100055ca        0x2 
 .rodata.add_alarm_under_lock.str1.4
                0x100055cc       0x28 CMakeFiles/blink.dir/E_/program/Pico-SDK-v1.5.0/pico-sdk/src/common/pico_time/time.c.obj
                                 0x2b (size before relaxing)
 .rodata.alarm_pool_alarm_callback.str1.4
                0x100055f4       0x98 CMakeFiles/blink.dir/E_/program/Pico-SDK-v1.5.0/pico-sdk/src/common/pico_time/time.c.obj
                                0x104 (size before relaxing)
 .rodata.alarm_pool_get_default.str1.4
                0x1000568c       0x21 CMakeFiles/blink.dir/E_/program/Pico-SDK-v1.5.0/pico-sdk/src/common/pico_time/time.c.obj
 *fill*         0x100056ad        0x3 
 .rodata.alarm_pool_cancel_alarm.str1.4
                0x100056b0       0x27 CMakeFiles/blink.dir/E_/program/Pico-SDK-v1.5.0/pico-sdk/src/common/pico_time/time.c.obj
 *fill*         0x100056d7        0x1 
 .rodata.__func__.1
                0x100056d8       0x18 CMakeFiles/blink.dir/E_/program/Pico-SDK-v1.5.0/pico-sdk/src/common/pico_time/time.c.obj
 .rodata.__func__.10
                0x100056f0       0x15 CMakeFiles/blink.dir/E_/program/Pico-SDK-v1.5.0/pico-sdk/src/common/pico_time/time.c.obj
 *fill*         0x10005705        0x3 
 .rodata.__func__.11
                0x10005708       0x1a CMakeFiles/blink.dir/E_/program/Pico-SDK-v1.5.0/pico-sdk/src/common/pico_time/time.c.obj
 *fill*         0x10005722        0x2 
 .rodata.__func__.12
                0x10005724        0xa CMakeFiles/blink.dir/E_/program/Pico-SDK-v1.5.0/pico-sdk/src/common/pico_time/time.c.obj
 *fill*         0x1000572e        0x2 
 .rodata.__func__.3
                0x10005730       0x17 CMakeFiles/blink.dir/E_/program/Pico-SDK-v1.5.0/pico-sdk/src/common/pico_time/time.c.obj
 *fill*         0x10005747        0x1 
 .rodata.__func__.4
                0x10005748       0x12 CMakeFiles/blink.dir/E_/program/Pico-SDK-v1.5.0/pico-sdk/src/common/pico_time/time.c.obj
 *fill*         0x1000575a        0x2 
 .rodata.__func__.5
                0x1000575c        0xd CMakeFiles/blink.dir/E_/program/Pico-SDK-v1.5.0/pico-sdk/src/common/pico_time/time.c.obj
 *fill*         0x10005769        0x3 
 .rodata.__func__.6
                0x1000576c       0x12 CMakeFiles/blink.dir/E_/program/Pico-SDK-v1.5.0/pico-sdk/src/common/pico_time/time.c.obj
 *fill*         0x1000577e        0x2 
 .rodata.__func__.7
                0x10005780        0xf CMakeFiles/blink.dir/E_/program/Pico-SDK-v1.5.0/pico-sdk/src/common/pico_time/time.c.obj
 *fill*         0x1000578f        0x1 
 .rodata.__func__.8
                0x10005790        0xc CMakeFiles/blink.dir/E_/program/Pico-SDK-v1.5.0/pico-sdk/src/common/pico_time/time.c.obj
 .rodata.__func__.9
                0x1000579c       0x15 CMakeFiles/blink.dir/E_/program/Pico-SDK-v1.5.0/pico-sdk/src/common/pico_time/time.c.obj
 *fill*         0x100057b1        0x3 
 .rodata.hardware_alarm_claim.str1.4
                0x100057b4       0x22 CMakeFiles/blink.dir/E_/program/Pico-SDK-v1.5.0/pico-sdk/src/rp2_common/hardware_timer/timer.c.obj
 *fill*         0x100057d6        0x2 
 .rodata.hardware_alarm_set_target.str1.4
                0x100057d8       0x6e CMakeFiles/blink.dir/E_/program/Pico-SDK-v1.5.0/pico-sdk/src/rp2_common/hardware_timer/timer.c.obj
 *fill*         0x10005846        0x2 
 .rodata.__func__.0
                0x10005848       0x1a CMakeFiles/blink.dir/E_/program/Pico-SDK-v1.5.0/pico-sdk/src/rp2_common/hardware_timer/timer.c.obj
 .rodata.ph_add_child_node.str1.4
                0x10005862       0x9e CMakeFiles/blink.dir/E_/program/Pico-SDK-v1.5.0/pico-sdk/src/common/pico_util/pheap.c.obj
 *fill*         0x10005862        0x2 
 .rodata.ph_remove_any_head.str1.4
                0x10005864       0x98 CMakeFiles/blink.dir/E_/program/Pico-SDK-v1.5.0/pico-sdk/src/common/pico_util/pheap.c.obj
                                 0xac (size before relaxing)
 .rodata.ph_remove_and_free_node.str1.4
                0x100058fc       0x1e CMakeFiles/blink.dir/E_/program/Pico-SDK-v1.5.0/pico-sdk/src/common/pico_util/pheap.c.obj
                                 0x26 (size before relaxing)
 *fill*         0x1000591a        0x2 
 .rodata.__func__.0
                0x1000591c       0x18 CMakeFiles/blink.dir/E_/program/Pico-SDK-v1.5.0/pico-sdk/src/common/pico_util/pheap.c.obj
 .rodata.__func__.1
                0x10005934       0x13 CMakeFiles/blink.dir/E_/program/Pico-SDK-v1.5.0/pico-sdk/src/common/pico_util/pheap.c.obj
 *fill*         0x10005947        0x1 
 .rodata.__func__.2
                0x10005948       0x12 CMakeFiles/blink.dir/E_/program/Pico-SDK-v1.5.0/pico-sdk/src/common/pico_util/pheap.c.obj
 *fill*         0x1000595a        0x2 
 .rodata.__func__.3
                0x1000595c        0xc CMakeFiles/blink.dir/E_/program/Pico-SDK-v1.5.0/pico-sdk/src/common/pico_util/pheap.c.obj
 .rodata.queue_add_internal.str1.4
                0x10005968       0x5d CMakeFiles/blink.dir/E_/program/Pico-SDK-v1.5.0/pico-sdk/src/common/pico_util/queue.c.obj
 *fill*         0x100059c5        0x3 
 .rodata.__func__.0
                0x100059c8        0xc CMakeFiles/blink.dir/E_/program/Pico-SDK-v1.5.0/pico-sdk/src/common/pico_util/queue.c.obj
 .rodata.clock_configure.str1.4
                0x100059d4       0x60 CMakeFiles/blink.dir/E_/program/Pico-SDK-v1.5.0/pico-sdk/src/rp2_common/hardware_clocks/clocks.c.obj
 .rodata.__func__.1
                0x10005a34       0x10 CMakeFiles/blink.dir/E_/program/Pico-SDK-v1.5.0/pico-sdk/src/rp2_common/hardware_clocks/clocks.c.obj
 .rodata.pll_init.str1.4
                0x10005a44      0x12b CMakeFiles/blink.dir/E_/program/Pico-SDK-v1.5.0/pico-sdk/src/rp2_common/hardware_pll/pll.c.obj
 *fill*         0x10005b6f        0x1 
 .rodata.__func__.0
                0x10005b70        0x9 CMakeFiles/blink.dir/E_/program/Pico-SDK-v1.5.0/pico-sdk/src/rp2_common/hardware_pll/pll.c.obj
 *fill*         0x10005b79        0x3 
 .rodata.__assert_func.str1.4
                0x10005b7c       0x3f CMakeFiles/blink.dir/E_/program/Pico-SDK-v1.5.0/pico-sdk/src/rp2_common/pico_runtime/runtime.c.obj
                                 0x43 (size before relaxing)
 *fill*         0x10005bbb        0x1 
 .rodata.runtime_init.str1.4
                0x10005bbc       0x6a CMakeFiles/blink.dir/E_/program/Pico-SDK-v1.5.0/pico-sdk/src/rp2_common/pico_runtime/runtime.c.obj
 *fill*         0x10005c26        0x2 
 .rodata.panic.str1.4
                0x10005c28       0x12 CMakeFiles/blink.dir/E_/program/Pico-SDK-v1.5.0/pico-sdk/src/rp2_common/pico_runtime/runtime.c.obj
 *fill*         0x10005c3a        0x2 
 .rodata.__func__.2
                0x10005c3c        0xd CMakeFiles/blink.dir/E_/program/Pico-SDK-v1.5.0/pico-sdk/src/rp2_common/pico_runtime/runtime.c.obj
 *fill*         0x10005c49        0x3 
 .rodata._ftoa.str1.4
                0x10005c4c       0x15 CMakeFiles/blink.dir/E_/program/Pico-SDK-v1.5.0/pico-sdk/src/rp2_common/pico_printf/printf.c.obj
 *fill*         0x10005c61        0x3 
 .rodata._vsnprintf
                0x10005c64      0x1e0 CMakeFiles/blink.dir/E_/program/Pico-SDK-v1.5.0/pico-sdk/src/rp2_common/pico_printf/printf.c.obj
 *fill*         0x10005e44        0x4 
 .rodata.pow10.0
                0x10005e48       0x50 CMakeFiles/blink.dir/E_/program/Pico-SDK-v1.5.0/pico-sdk/src/rp2_common/pico_printf/printf.c.obj
 .rodata.missing_double_func_shim.str1.4
                0x10005e98       0x18 CMakeFiles/blink.dir/E_/program/Pico-SDK-v1.5.0/pico-sdk/src/rp2_common/pico_double/double_init_rom.c.obj
 .rodata.__aeabi_double_init.str1.4
                0x10005eb0       0xb1 CMakeFiles/blink.dir/E_/program/Pico-SDK-v1.5.0/pico-sdk/src/rp2_common/pico_double/double_init_rom.c.obj
 *fill*         0x10005f61        0x3 
 .rodata.__func__.0
                0x10005f64       0x14 CMakeFiles/blink.dir/E_/program/Pico-SDK-v1.5.0/pico-sdk/src/rp2_common/pico_double/double_init_rom.c.obj
 .rodata.missing_float_func_shim.str1.4
                0x10005f78        0x1 CMakeFiles/blink.dir/E_/program/Pico-SDK-v1.5.0/pico-sdk/src/rp2_common/pico_float/float_init_rom.c.obj
 .rodata.__aeabi_float_init.str1.4
                0x10005f78       0x83 CMakeFiles/blink.dir/E_/program/Pico-SDK-v1.5.0/pico-sdk/src/rp2_common/pico_float/float_init_rom.c.obj
 *fill*         0x10005ffb        0x1 
 .rodata.__func__.0
                0x10005ffc       0x13 CMakeFiles/blink.dir/E_/program/Pico-SDK-v1.5.0/pico-sdk/src/rp2_common/pico_float/float_init_rom.c.obj
 *fill*         0x1000600f        0x1 
 .rodata.__wrap_malloc.str1.4
                0x10006010        0xe CMakeFiles/blink.dir/E_/program/Pico-SDK-v1.5.0/pico-sdk/src/rp2_common/pico_malloc/pico_malloc.c.obj
 *fill*         0x1000601e        0x2 
 .rodata.str1.4
                0x10006020       0x3c CMakeFiles/blink.dir/E_/program/Pico-SDK-v1.5.0/pico-sdk/src/rp2_common/pico_standard_link/binary_info.c.obj
 .rodata.__bi_44
                0x1000605c        0xc CMakeFiles/blink.dir/E_/program/Pico-SDK-v1.5.0/pico-sdk/src/rp2_common/pico_standard_link/binary_info.c.obj
 .rodata.__bi_75
                0x10006068        0xc CMakeFiles/blink.dir/E_/program/Pico-SDK-v1.5.0/pico-sdk/src/rp2_common/pico_standard_link/binary_info.c.obj
 .rodata.__bi_81
                0x10006074        0xc CMakeFiles/blink.dir/E_/program/Pico-SDK-v1.5.0/pico-sdk/src/rp2_common/pico_standard_link/binary_info.c.obj
 .rodata.stdout_serialize_begin.str1.4
                0x10006080       0x6a CMakeFiles/blink.dir/E_/program/Pico-SDK-v1.5.0/pico-sdk/src/rp2_common/pico_stdio/stdio.c.obj
 .rodata.__func__.3
                0x10006080       0x15 CMakeFiles/blink.dir/E_/program/Pico-SDK-v1.5.0/pico-sdk/src/rp2_common/pico_stdio/stdio.c.obj
 *fill*         0x10006095        0x3 
 .rodata.crlf_str.2
                0x10006098        0x2 CMakeFiles/blink.dir/E_/program/Pico-SDK-v1.5.0/pico-sdk/src/rp2_common/pico_stdio/stdio.c.obj
 *fill*         0x1000609a        0x2 
 .rodata.str1.4
                0x1000609c       0x2c CMakeFiles/blink.dir/E_/program/Pico-SDK-v1.5.0/pico-sdk/src/rp2_common/pico_stdio_uart/stdio_uart.c.obj
 .rodata.__bi_33.4
                0x100060c8        0xc CMakeFiles/blink.dir/E_/program/Pico-SDK-v1.5.0/pico-sdk/src/rp2_common/pico_stdio_uart/stdio_uart.c.obj
 .rodata.__bi_34.5
                0x100060d4        0x8 CMakeFiles/blink.dir/E_/program/Pico-SDK-v1.5.0/pico-sdk/src/rp2_common/pico_stdio_uart/stdio_uart.c.obj
                0x100060dc                . = ALIGN (0x4)
 *(SORT_BY_ALIGNMENT(SORT_BY_NAME(.flashdata*)))
                0x100060dc                . = ALIGN (0x4)

.rel.dyn        0x100060dc        0x0
 .rel.iplt      0x100060dc        0x0 e:/program/pico-sdk-v1.5.0/gcc-arm-none-eabi/bin/../lib/gcc/arm-none-eabi/10.3.1/thumb/v6-m/nofp/crtbegin.o

.ARM.extab
 *(.ARM.extab* .gnu.linkonce.armextab.*)
                0x100060dc                __exidx_start = .

.ARM.exidx
 *(.ARM.exidx* .gnu.linkonce.armexidx.*)
                0x100060dc                __exidx_end = .
                0x100060dc                . = ALIGN (0x4)
                0x100060dc                __binary_info_start = .

.binary_info    0x100060dc       0x24
 *(.binary_info.keep.*)
 .binary_info.keep.__bi_ptr22
                0x100060dc        0x4 CMakeFiles/blink.dir/E_/program/Pico-SDK-v1.5.0/pico-sdk/src/rp2_common/pico_standard_link/binary_info.c.obj
 .binary_info.keep.__bi_ptr30
                0x100060e0        0x4 CMakeFiles/blink.dir/E_/program/Pico-SDK-v1.5.0/pico-sdk/src/rp2_common/pico_standard_link/binary_info.c.obj
 .binary_info.keep.__bi_ptr38
                0x100060e4        0x4 CMakeFiles/blink.dir/E_/program/Pico-SDK-v1.5.0/pico-sdk/src/rp2_common/pico_standard_link/binary_info.c.obj
 .binary_info.keep.__bi_ptr44
                0x100060e8        0x4 CMakeFiles/blink.dir/E_/program/Pico-SDK-v1.5.0/pico-sdk/src/rp2_common/pico_standard_link/binary_info.c.obj
 .binary_info.keep.__bi_ptr50
                0x100060ec        0x4 CMakeFiles/blink.dir/E_/program/Pico-SDK-v1.5.0/pico-sdk/src/rp2_common/pico_standard_link/binary_info.c.obj
 .binary_info.keep.__bi_ptr75
                0x100060f0        0x4 CMakeFiles/blink.dir/E_/program/Pico-SDK-v1.5.0/pico-sdk/src/rp2_common/pico_standard_link/binary_info.c.obj
 .binary_info.keep.__bi_ptr81
                0x100060f4        0x4 CMakeFiles/blink.dir/E_/program/Pico-SDK-v1.5.0/pico-sdk/src/rp2_common/pico_standard_link/binary_info.c.obj
 *(.binary_info.*)
 .binary_info.__bi_ptr33
                0x100060f8        0x4 CMakeFiles/blink.dir/E_/program/Pico-SDK-v1.5.0/pico-sdk/src/rp2_common/pico_stdio_uart/stdio_uart.c.obj
 .binary_info.__bi_ptr34
                0x100060fc        0x4 CMakeFiles/blink.dir/E_/program/Pico-SDK-v1.5.0/pico-sdk/src/rp2_common/pico_stdio_uart/stdio_uart.c.obj
                0x10006100                __binary_info_end = .
                0x10006100                . = ALIGN (0x4)
                0x10006100                __etext = .

.ram_vector_table
                0x20000000       0xc0
 *(.ram_vector_table)
 .ram_vector_table
                0x20000000       0xc0 CMakeFiles/blink.dir/E_/program/Pico-SDK-v1.5.0/pico-sdk/src/rp2_common/pico_runtime/runtime.c.obj
                0x20000000                ram_vector_table

.data           0x200000c0      0xa84 load address 0x10006100
                0x200000c0                __data_start__ = .
 *(vtable)
 *(.time_critical*)
 .time_critical.mutex_try_enter
                0x200000c0       0x46 CMakeFiles/blink.dir/E_/program/Pico-SDK-v1.5.0/pico-sdk/src/common/pico_sync/mutex.c.obj
                0x200000c0                mutex_try_enter
 *fill*         0x20000106        0x2 
 .time_critical.mutex_enter_block_until
                0x20000108       0x8c CMakeFiles/blink.dir/E_/program/Pico-SDK-v1.5.0/pico-sdk/src/common/pico_sync/mutex.c.obj
                0x20000108                mutex_enter_block_until
 .time_critical.mutex_try_enter_block_until
                0x20000194       0x34 CMakeFiles/blink.dir/E_/program/Pico-SDK-v1.5.0/pico-sdk/src/common/pico_sync/mutex.c.obj
                0x20000194                mutex_try_enter_block_until
 .time_critical.mutex_exit
                0x200001c8       0x4c CMakeFiles/blink.dir/E_/program/Pico-SDK-v1.5.0/pico-sdk/src/common/pico_sync/mutex.c.obj
                0x200001c8                mutex_exit
 *(.text*)
 .text          0x20000214        0x4 e:/program/pico-sdk-v1.5.0/gcc-arm-none-eabi/bin/../lib/gcc/arm-none-eabi/10.3.1/thumb/v6-m/nofp\libgcc.a(_dvmd_tls.o)
                0x20000214                __aeabi_idiv0
                0x20000214                __aeabi_ldiv0
 .text.__stub   0x20000218       0x20 linker stubs
                0x20000238                . = ALIGN (0x4)
 *(.rodata*)
                0x20000238                . = ALIGN (0x4)
 *(.data*)
 .data.last_brightness
                0x20000238        0x4 CMakeFiles/blink.dir/main.c.obj
 .data.striped_spin_lock_num
                0x2000023c        0x1 CMakeFiles/blink.dir/E_/program/Pico-SDK-v1.5.0/pico-sdk/src/rp2_common/hardware_sync/sync.c.obj
 *fill*         0x2000023d        0x3 
 .data          0x20000240       0x48 CMakeFiles/blink.dir/E_/program/Pico-SDK-v1.5.0/pico-sdk/src/rp2_common/hardware_irq/irq_handler_chain.S.obj
                0x20000240                irq_handler_chain_slots
                0x20000270                irq_handler_chain_first_slot
                0x2000027a                irq_handler_chain_remove_tail
 .data.default_alarm_pool
                0x20000288       0x18 CMakeFiles/blink.dir/E_/program/Pico-SDK-v1.5.0/pico-sdk/src/common/pico_time/time.c.obj
 .data.default_alarm_pool_heap
                0x200002a0       0x10 CMakeFiles/blink.dir/E_/program/Pico-SDK-v1.5.0/pico-sdk/src/common/pico_time/time.c.obj
 .data.aeabi_bits_funcs
                0x200002b0       0x10 CMakeFiles/blink.dir/E_/program/Pico-SDK-v1.5.0/pico-sdk/src/rp2_common/pico_bit_ops/bit_ops_aeabi.S.obj
                0x200002b0                aeabi_bits_funcs
                0x200002c0                aeabi_bits_funcs_end
 .data.aeabi_mem_funcs
                0x200002c0       0x10 CMakeFiles/blink.dir/E_/program/Pico-SDK-v1.5.0/pico-sdk/src/rp2_common/pico_mem_ops/mem_ops_aeabi.S.obj
                0x200002c0                aeabi_mem_funcs
                0x200002d0                aeabi_mem_funcs_end
 .data.stdio_uart
                0x200002d0       0x18 CMakeFiles/blink.dir/E_/program/Pico-SDK-v1.5.0/pico-sdk/src/rp2_common/pico_stdio_uart/stdio_uart.c.obj
                0x200002d0                stdio_uart
 .data._impure_ptr
                0x200002e8        0x4 e:/program/pico-sdk-v1.5.0/gcc-arm-none-eabi/bin/../lib/gcc/arm-none-eabi/10.3.1/../../../../arm-none-eabi/lib/thumb/v6-m/nofp\libg.a(lib_a-impure.o)
                0x200002e8                _impure_ptr
 *fill*         0x200002ec        0x4 
 .data.impure_data
                0x200002f0      0x428 e:/program/pico-sdk-v1.5.0/gcc-arm-none-eabi/bin/../lib/gcc/arm-none-eabi/10.3.1/../../../../arm-none-eabi/lib/thumb/v6-m/nofp\libg.a(lib_a-impure.o)
 .data.__malloc_av_
                0x20000718      0x408 e:/program/pico-sdk-v1.5.0/gcc-arm-none-eabi/bin/../lib/gcc/arm-none-eabi/10.3.1/../../../../arm-none-eabi/lib/thumb/v6-m/nofp\libg.a(lib_a-mallocr.o)
                0x20000718                __malloc_av_
 .data.__malloc_sbrk_base
                0x20000b20        0x4 e:/program/pico-sdk-v1.5.0/gcc-arm-none-eabi/bin/../lib/gcc/arm-none-eabi/10.3.1/../../../../arm-none-eabi/lib/thumb/v6-m/nofp\libg.a(lib_a-mallocr.o)
                0x20000b20                __malloc_sbrk_base
 .data.__malloc_trim_threshold
                0x20000b24        0x4 e:/program/pico-sdk-v1.5.0/gcc-arm-none-eabi/bin/../lib/gcc/arm-none-eabi/10.3.1/../../../../arm-none-eabi/lib/thumb/v6-m/nofp\libg.a(lib_a-mallocr.o)
                0x20000b24                __malloc_trim_threshold
                0x20000b28                . = ALIGN (0x4)
 *(.after_data.*)
                0x20000b28                . = ALIGN (0x4)
                0x20000b28                PROVIDE (__mutex_array_start = .)
 *(SORT_BY_NAME(.mutex_array.*))
 *(.mutex_array)
 .mutex_array   0x20000b28        0x8 CMakeFiles/blink.dir/E_/program/Pico-SDK-v1.5.0/pico-sdk/src/rp2_common/pico_stdio/stdio.c.obj
                0x20000b30                PROVIDE (__mutex_array_end = .)
                0x20000b30                . = ALIGN (0x4)
                0x20000b30                PROVIDE (__preinit_array_start = .)
 *(SORT_BY_NAME(.preinit_array.*))
 .preinit_array.00001
                0x20000b30        0x4 CMakeFiles/blink.dir/E_/program/Pico-SDK-v1.5.0/pico-sdk/src/rp2_common/pico_mem_ops/mem_ops_aeabi.S.obj
 .preinit_array.00010
                0x20000b34        0x4 CMakeFiles/blink.dir/E_/program/Pico-SDK-v1.5.0/pico-sdk/src/rp2_common/pico_bit_ops/bit_ops_aeabi.S.obj
 .preinit_array.00020
                0x20000b38        0x4 CMakeFiles/blink.dir/E_/program/Pico-SDK-v1.5.0/pico-sdk/src/rp2_common/pico_double/double_aeabi.S.obj
 .preinit_array.00020
                0x20000b3c        0x4 CMakeFiles/blink.dir/E_/program/Pico-SDK-v1.5.0/pico-sdk/src/rp2_common/pico_float/float_aeabi.S.obj
 *(.preinit_array)
                0x20000b40                PROVIDE (__preinit_array_end = .)
                0x20000b40                . = ALIGN (0x4)
                0x20000b40                PROVIDE (__init_array_start = .)
 *(SORT_BY_NAME(.init_array.*))
 *(.init_array)
 .init_array    0x20000b40        0x4 e:/program/pico-sdk-v1.5.0/gcc-arm-none-eabi/bin/../lib/gcc/arm-none-eabi/10.3.1/thumb/v6-m/nofp/crtbegin.o
                0x20000b44                PROVIDE (__init_array_end = .)
                0x20000b44                . = ALIGN (0x4)
                [!provide]                PROVIDE (__fini_array_start = .)
 *(SORT_BY_NAME(.fini_array.*))
 *(.fini_array)
                [!provide]                PROVIDE (__fini_array_end = .)
 *(.jcr)
                0x20000b44                . = ALIGN (0x4)
                0x20000b44                __data_end__ = .

.igot.plt       0x20000b44        0x0 load address 0x10006b84
 .igot.plt      0x20000b44        0x0 e:/program/pico-sdk-v1.5.0/gcc-arm-none-eabi/bin/../lib/gcc/arm-none-eabi/10.3.1/thumb/v6-m/nofp/crtbegin.o

.uninitialized_data
                0x20000b44        0x0 load address 0x10006b84
                0x20000b44                . = ALIGN (0x4)
 *(.uninitialized_data*)

.scratch_x      0x20040000        0x0 load address 0x10006b84
                0x20040000                __scratch_x_start__ = .
 *(.scratch_x.*)
                0x20040000                . = ALIGN (0x4)
                0x20040000                __scratch_x_end__ = .
                0x10006b84                __scratch_x_source__ = LOADADDR (.scratch_x)

.scratch_y      0x20041000        0x0 load address 0x10006b84
                0x20041000                __scratch_y_start__ = .
 *(.scratch_y.*)
                0x20041000                . = ALIGN (0x4)
                0x20041000                __scratch_y_end__ = .
                0x10006b84                __scratch_y_source__ = LOADADDR (.scratch_y)

.bss            0x20000b48      0x464
                0x20000b48                . = ALIGN (0x4)
                0x20000b48                __bss_start__ = .
 *(SORT_BY_ALIGNMENT(SORT_BY_NAME(.bss*)))
 .bss.default_alarm_pool_entries
                0x20000b48      0x100 CMakeFiles/blink.dir/E_/program/Pico-SDK-v1.5.0/pico-sdk/src/common/pico_time/time.c.obj
 .bss           0x20000c48       0x1c e:/program/pico-sdk-v1.5.0/gcc-arm-none-eabi/bin/../lib/gcc/arm-none-eabi/10.3.1/thumb/v6-m/nofp/crtbegin.o
 .bss.__lock___malloc_recursive_mutex
                0x20000c64        0x1 e:/program/pico-sdk-v1.5.0/gcc-arm-none-eabi/bin/../lib/gcc/arm-none-eabi/10.3.1/../../../../arm-none-eabi/lib/thumb/v6-m/nofp\libg.a(lib_a-lock.o)
                0x20000c64                __lock___malloc_recursive_mutex
 *fill*         0x20000c65        0x3 
 .bss.__malloc_current_mallinfo
                0x20000c68       0x28 e:/program/pico-sdk-v1.5.0/gcc-arm-none-eabi/bin/../lib/gcc/arm-none-eabi/10.3.1/../../../../arm-none-eabi/lib/thumb/v6-m/nofp\libg.a(lib_a-mallocr.o)
                0x20000c68                __malloc_current_mallinfo
 .bss.__malloc_max_sbrked_mem
                0x20000c90        0x4 e:/program/pico-sdk-v1.5.0/gcc-arm-none-eabi/bin/../lib/gcc/arm-none-eabi/10.3.1/../../../../arm-none-eabi/lib/thumb/v6-m/nofp\libg.a(lib_a-mallocr.o)
                0x20000c90                __malloc_max_sbrked_mem
 .bss.__malloc_max_total_mem
                0x20000c94        0x4 e:/program/pico-sdk-v1.5.0/gcc-arm-none-eabi/bin/../lib/gcc/arm-none-eabi/10.3.1/../../../../arm-none-eabi/lib/thumb/v6-m/nofp\libg.a(lib_a-mallocr.o)
                0x20000c94                __malloc_max_total_mem
 .bss.__malloc_top_pad
                0x20000c98        0x4 e:/program/pico-sdk-v1.5.0/gcc-arm-none-eabi/bin/../lib/gcc/arm-none-eabi/10.3.1/../../../../arm-none-eabi/lib/thumb/v6-m/nofp\libg.a(lib_a-mallocr.o)
                0x20000c98                __malloc_top_pad
 .bss.alarm_callbacks
                0x20000c9c       0x10 CMakeFiles/blink.dir/E_/program/Pico-SDK-v1.5.0/pico-sdk/src/rp2_common/hardware_timer/timer.c.obj
 .bss.button_last_time
                0x20000cac        0x4 CMakeFiles/blink.dir/main.c.obj
 .bss.callbacks
                0x20000cb0        0x8 CMakeFiles/blink.dir/E_/program/Pico-SDK-v1.5.0/pico-sdk/src/rp2_common/hardware_gpio/gpio.c.obj
 .bss.channel_arr
                0x20000cb8       0x10 CMakeFiles/blink.dir/main.c.obj
 .bss.chars_available_callback
                0x20000cc8        0x4 CMakeFiles/blink.dir/E_/program/Pico-SDK-v1.5.0/pico-sdk/src/rp2_common/pico_stdio_uart/stdio_uart.c.obj
 .bss.chars_available_param
                0x20000ccc        0x4 CMakeFiles/blink.dir/E_/program/Pico-SDK-v1.5.0/pico-sdk/src/rp2_common/pico_stdio_uart/stdio_uart.c.obj
 .bss.configured_freq
                0x20000cd0       0x28 CMakeFiles/blink.dir/E_/program/Pico-SDK-v1.5.0/pico-sdk/src/rp2_common/hardware_clocks/clocks.c.obj
 .bss.default_alarm_pool_entry_ids_high
                0x20000cf8       0x10 CMakeFiles/blink.dir/E_/program/Pico-SDK-v1.5.0/pico-sdk/src/common/pico_time/time.c.obj
 .bss.default_alarm_pool_heap_nodes
                0x20000d08       0x30 CMakeFiles/blink.dir/E_/program/Pico-SDK-v1.5.0/pico-sdk/src/common/pico_time/time.c.obj
 .bss.drivers   0x20000d38        0x4 CMakeFiles/blink.dir/E_/program/Pico-SDK-v1.5.0/pico-sdk/src/rp2_common/pico_stdio/stdio.c.obj
 .bss.errno     0x20000d3c        0x4 e:/program/pico-sdk-v1.5.0/gcc-arm-none-eabi/bin/../lib/gcc/arm-none-eabi/10.3.1/../../../../arm-none-eabi/lib/thumb/v6-m/nofp\libg.a(lib_a-reent.o)
                0x20000d3c                errno
 .bss.events    0x20000d40       0x10 CMakeFiles/blink.dir/main.c.obj
 .bss.filter    0x20000d50        0x4 CMakeFiles/blink.dir/E_/program/Pico-SDK-v1.5.0/pico-sdk/src/rp2_common/pico_stdio/stdio.c.obj
 .bss.heap_end.1
                0x20000d54        0x4 CMakeFiles/blink.dir/E_/program/Pico-SDK-v1.5.0/pico-sdk/src/rp2_common/pico_runtime/runtime.c.obj
 .bss.pools     0x20000d58       0x10 CMakeFiles/blink.dir/E_/program/Pico-SDK-v1.5.0/pico-sdk/src/common/pico_time/time.c.obj
 .bss.raw_irq_mask
                0x20000d68        0x8 CMakeFiles/blink.dir/E_/program/Pico-SDK-v1.5.0/pico-sdk/src/rp2_common/hardware_gpio/gpio.c.obj
 .bss.rot_last_time
                0x20000d70        0x4 CMakeFiles/blink.dir/main.c.obj
 .bss.sd_table  0x20000d74      0x100 CMakeFiles/blink.dir/E_/program/Pico-SDK-v1.5.0/pico-sdk/src/rp2_common/pico_double/double_init_rom.c.obj
                0x20000d74                sd_table
 .bss.sf_clz_func
                0x20000e74        0x4 CMakeFiles/blink.dir/E_/program/Pico-SDK-v1.5.0/pico-sdk/src/rp2_common/pico_double/double_init_rom.c.obj
                0x20000e74                sf_clz_func
 .bss.sf_table  0x20000e78      0x100 CMakeFiles/blink.dir/E_/program/Pico-SDK-v1.5.0/pico-sdk/src/rp2_common/pico_float/float_init_rom.c.obj
                0x20000e78                sf_table
 .bss.sleep_notifier
                0x20000f78        0x4 CMakeFiles/blink.dir/E_/program/Pico-SDK-v1.5.0/pico-sdk/src/common/pico_time/time.c.obj
 .bss.slice_num_arr
                0x20000f7c       0x10 CMakeFiles/blink.dir/main.c.obj
 .bss.target_hi
                0x20000f8c       0x10 CMakeFiles/blink.dir/E_/program/Pico-SDK-v1.5.0/pico-sdk/src/rp2_common/hardware_timer/timer.c.obj
 .bss.uart_char_to_line_feed
                0x20000f9c        0x4 CMakeFiles/blink.dir/E_/program/Pico-SDK-v1.5.0/pico-sdk/src/rp2_common/hardware_uart/uart.c.obj
                0x20000f9c                uart_char_to_line_feed
 .bss.uart_instance
                0x20000fa0        0x4 CMakeFiles/blink.dir/E_/program/Pico-SDK-v1.5.0/pico-sdk/src/rp2_common/pico_stdio_uart/stdio_uart.c.obj
 .bss.claimed   0x20000fa4        0x1 CMakeFiles/blink.dir/E_/program/Pico-SDK-v1.5.0/pico-sdk/src/rp2_common/hardware_timer/timer.c.obj
 .bss.irq_hander_chain_free_slot_head
                0x20000fa5        0x1 CMakeFiles/blink.dir/E_/program/Pico-SDK-v1.5.0/pico-sdk/src/rp2_common/hardware_irq/irq.c.obj
 .bss.on_or_off
                0x20000fa6        0x1 CMakeFiles/blink.dir/main.c.obj
 .bss.sw1_pressed
                0x20000fa7        0x1 CMakeFiles/blink.dir/main.c.obj
 .bss.timer_callbacks_pending
                0x20000fa8        0x1 CMakeFiles/blink.dir/E_/program/Pico-SDK-v1.5.0/pico-sdk/src/rp2_common/hardware_timer/timer.c.obj
 *(COMMON)
                0x20000fac                . = ALIGN (0x4)
 *fill*         0x20000fa9        0x3 
                0x20000fac                __bss_end__ = .

.heap           0x20000fac      0x800
                0x20000fac                __end__ = .
                0x20000fac                end = __end__
 *(.heap*)
 .heap          0x20000fac      0x800 CMakeFiles/blink.dir/E_/program/Pico-SDK-v1.5.0/pico-sdk/src/rp2_common/pico_standard_link/crt0.S.obj
                0x200017ac                __HeapLimit = .

.stack1_dummy   0x20040000        0x0
 *(.stack1*)

.stack_dummy    0x20041000      0x800
 *(.stack*)
 .stack         0x20041000      0x800 CMakeFiles/blink.dir/E_/program/Pico-SDK-v1.5.0/pico-sdk/src/rp2_common/pico_standard_link/crt0.S.obj

.flash_end      0x10006b84        0x0
                0x10006b84                __flash_binary_end = .
                0x20040000                __StackLimit = (ORIGIN (RAM) + LENGTH (RAM))
                0x20041000                __StackOneTop = (ORIGIN (SCRATCH_X) + LENGTH (SCRATCH_X))
                0x20042000                __StackTop = (ORIGIN (SCRATCH_Y) + LENGTH (SCRATCH_Y))
                0x20041000                __StackOneBottom = (__StackOneTop - SIZEOF (.stack1_dummy))
                0x20041800                __StackBottom = (__StackTop - SIZEOF (.stack_dummy))
                0x20042000                PROVIDE (__stack = __StackTop)
                0x00000001                ASSERT ((__StackLimit >= __HeapLimit), region RAM overflowed)
                0x00000001                ASSERT (((__binary_info_header_end - __logical_binary_start) <= 0x100), Binary info must be in first 256 bytes of the binary)
LOAD CMakeFiles/blink.dir/main.c.obj
LOAD CMakeFiles/blink.dir/main_test.c.obj
LOAD CMakeFiles/blink.dir/E_/program/Pico-SDK-v1.5.0/pico-sdk/src/rp2_common/pico_stdlib/stdlib.c.obj
LOAD CMakeFiles/blink.dir/E_/program/Pico-SDK-v1.5.0/pico-sdk/src/rp2_common/hardware_gpio/gpio.c.obj
LOAD CMakeFiles/blink.dir/E_/program/Pico-SDK-v1.5.0/pico-sdk/src/rp2_common/pico_platform/platform.c.obj
LOAD CMakeFiles/blink.dir/E_/program/Pico-SDK-v1.5.0/pico-sdk/src/rp2_common/hardware_claim/claim.c.obj
LOAD CMakeFiles/blink.dir/E_/program/Pico-SDK-v1.5.0/pico-sdk/src/rp2_common/hardware_sync/sync.c.obj
LOAD CMakeFiles/blink.dir/E_/program/Pico-SDK-v1.5.0/pico-sdk/src/rp2_common/hardware_irq/irq.c.obj
LOAD CMakeFiles/blink.dir/E_/program/Pico-SDK-v1.5.0/pico-sdk/src/rp2_common/hardware_irq/irq_handler_chain.S.obj
LOAD CMakeFiles/blink.dir/E_/program/Pico-SDK-v1.5.0/pico-sdk/src/common/pico_sync/sem.c.obj
LOAD CMakeFiles/blink.dir/E_/program/Pico-SDK-v1.5.0/pico-sdk/src/common/pico_sync/lock_core.c.obj
LOAD CMakeFiles/blink.dir/E_/program/Pico-SDK-v1.5.0/pico-sdk/src/common/pico_sync/mutex.c.obj
LOAD CMakeFiles/blink.dir/E_/program/Pico-SDK-v1.5.0/pico-sdk/src/common/pico_sync/critical_section.c.obj
LOAD CMakeFiles/blink.dir/E_/program/Pico-SDK-v1.5.0/pico-sdk/src/common/pico_time/time.c.obj
LOAD CMakeFiles/blink.dir/E_/program/Pico-SDK-v1.5.0/pico-sdk/src/common/pico_time/timeout_helper.c.obj
LOAD CMakeFiles/blink.dir/E_/program/Pico-SDK-v1.5.0/pico-sdk/src/rp2_common/hardware_timer/timer.c.obj
LOAD CMakeFiles/blink.dir/E_/program/Pico-SDK-v1.5.0/pico-sdk/src/common/pico_util/datetime.c.obj
LOAD CMakeFiles/blink.dir/E_/program/Pico-SDK-v1.5.0/pico-sdk/src/common/pico_util/pheap.c.obj
LOAD CMakeFiles/blink.dir/E_/program/Pico-SDK-v1.5.0/pico-sdk/src/common/pico_util/queue.c.obj
LOAD CMakeFiles/blink.dir/E_/program/Pico-SDK-v1.5.0/pico-sdk/src/rp2_common/hardware_uart/uart.c.obj
LOAD CMakeFiles/blink.dir/E_/program/Pico-SDK-v1.5.0/pico-sdk/src/rp2_common/hardware_clocks/clocks.c.obj
LOAD CMakeFiles/blink.dir/E_/program/Pico-SDK-v1.5.0/pico-sdk/src/rp2_common/hardware_pll/pll.c.obj
LOAD CMakeFiles/blink.dir/E_/program/Pico-SDK-v1.5.0/pico-sdk/src/rp2_common/hardware_vreg/vreg.c.obj
LOAD CMakeFiles/blink.dir/E_/program/Pico-SDK-v1.5.0/pico-sdk/src/rp2_common/hardware_watchdog/watchdog.c.obj
LOAD CMakeFiles/blink.dir/E_/program/Pico-SDK-v1.5.0/pico-sdk/src/rp2_common/hardware_xosc/xosc.c.obj
LOAD CMakeFiles/blink.dir/E_/program/Pico-SDK-v1.5.0/pico-sdk/src/rp2_common/hardware_divider/divider.S.obj
LOAD CMakeFiles/blink.dir/E_/program/Pico-SDK-v1.5.0/pico-sdk/src/rp2_common/pico_runtime/runtime.c.obj
LOAD CMakeFiles/blink.dir/E_/program/Pico-SDK-v1.5.0/pico-sdk/src/rp2_common/pico_printf/printf.c.obj
LOAD CMakeFiles/blink.dir/E_/program/Pico-SDK-v1.5.0/pico-sdk/src/rp2_common/pico_bit_ops/bit_ops_aeabi.S.obj
LOAD CMakeFiles/blink.dir/E_/program/Pico-SDK-v1.5.0/pico-sdk/src/rp2_common/pico_bootrom/bootrom.c.obj
LOAD CMakeFiles/blink.dir/E_/program/Pico-SDK-v1.5.0/pico-sdk/src/rp2_common/pico_divider/divider.S.obj
LOAD CMakeFiles/blink.dir/E_/program/Pico-SDK-v1.5.0/pico-sdk/src/rp2_common/pico_double/double_aeabi.S.obj
LOAD CMakeFiles/blink.dir/E_/program/Pico-SDK-v1.5.0/pico-sdk/src/rp2_common/pico_double/double_init_rom.c.obj
LOAD CMakeFiles/blink.dir/E_/program/Pico-SDK-v1.5.0/pico-sdk/src/rp2_common/pico_double/double_math.c.obj
LOAD CMakeFiles/blink.dir/E_/program/Pico-SDK-v1.5.0/pico-sdk/src/rp2_common/pico_double/double_v1_rom_shim.S.obj
LOAD CMakeFiles/blink.dir/E_/program/Pico-SDK-v1.5.0/pico-sdk/src/rp2_common/pico_int64_ops/pico_int64_ops_aeabi.S.obj
LOAD CMakeFiles/blink.dir/E_/program/Pico-SDK-v1.5.0/pico-sdk/src/rp2_common/pico_float/float_aeabi.S.obj
LOAD CMakeFiles/blink.dir/E_/program/Pico-SDK-v1.5.0/pico-sdk/src/rp2_common/pico_float/float_init_rom.c.obj
LOAD CMakeFiles/blink.dir/E_/program/Pico-SDK-v1.5.0/pico-sdk/src/rp2_common/pico_float/float_math.c.obj
LOAD CMakeFiles/blink.dir/E_/program/Pico-SDK-v1.5.0/pico-sdk/src/rp2_common/pico_float/float_v1_rom_shim.S.obj
LOAD CMakeFiles/blink.dir/E_/program/Pico-SDK-v1.5.0/pico-sdk/src/rp2_common/pico_malloc/pico_malloc.c.obj
LOAD CMakeFiles/blink.dir/E_/program/Pico-SDK-v1.5.0/pico-sdk/src/rp2_common/pico_mem_ops/mem_ops_aeabi.S.obj
LOAD CMakeFiles/blink.dir/E_/program/Pico-SDK-v1.5.0/pico-sdk/src/rp2_common/pico_standard_link/crt0.S.obj
LOAD CMakeFiles/blink.dir/E_/program/Pico-SDK-v1.5.0/pico-sdk/src/rp2_common/pico_standard_link/new_delete.cpp.obj
LOAD CMakeFiles/blink.dir/E_/program/Pico-SDK-v1.5.0/pico-sdk/src/rp2_common/pico_standard_link/binary_info.c.obj
LOAD CMakeFiles/blink.dir/E_/program/Pico-SDK-v1.5.0/pico-sdk/src/rp2_common/pico_stdio/stdio.c.obj
LOAD CMakeFiles/blink.dir/E_/program/Pico-SDK-v1.5.0/pico-sdk/src/rp2_common/pico_stdio_uart/stdio_uart.c.obj
LOAD C:\Users\zhiyo\AppData\Local\Temp\ccKG4SAC.o
LOAD e:/program/pico-sdk-v1.5.0/gcc-arm-none-eabi/bin/../lib/gcc/arm-none-eabi/10.3.1/../../../../arm-none-eabi/lib/thumb/v6-m/nofp\libstdc++.a
LOAD e:/program/pico-sdk-v1.5.0/gcc-arm-none-eabi/bin/../lib/gcc/arm-none-eabi/10.3.1/../../../../arm-none-eabi/lib/thumb/v6-m/nofp\libm.a
START GROUP
LOAD e:/program/pico-sdk-v1.5.0/gcc-arm-none-eabi/bin/../lib/gcc/arm-none-eabi/10.3.1/thumb/v6-m/nofp\libgcc.a
LOAD e:/program/pico-sdk-v1.5.0/gcc-arm-none-eabi/bin/../lib/gcc/arm-none-eabi/10.3.1/../../../../arm-none-eabi/lib/thumb/v6-m/nofp\libg.a
LOAD e:/program/pico-sdk-v1.5.0/gcc-arm-none-eabi/bin/../lib/gcc/arm-none-eabi/10.3.1/../../../../arm-none-eabi/lib/thumb/v6-m/nofp\libc.a
END GROUP
START GROUP
LOAD e:/program/pico-sdk-v1.5.0/gcc-arm-none-eabi/bin/../lib/gcc/arm-none-eabi/10.3.1/thumb/v6-m/nofp\libgcc.a
LOAD e:/program/pico-sdk-v1.5.0/gcc-arm-none-eabi/bin/../lib/gcc/arm-none-eabi/10.3.1/../../../../arm-none-eabi/lib/thumb/v6-m/nofp\libc.a
LOAD e:/program/pico-sdk-v1.5.0/gcc-arm-none-eabi/bin/../lib/gcc/arm-none-eabi/10.3.1/../../../../arm-none-eabi/lib/thumb/v6-m/nofp\libnosys.a
END GROUP
LOAD e:/program/pico-sdk-v1.5.0/gcc-arm-none-eabi/bin/../lib/gcc/arm-none-eabi/10.3.1/thumb/v6-m/nofp/crtend.o
LOAD e:/program/pico-sdk-v1.5.0/gcc-arm-none-eabi/bin/../lib/gcc/arm-none-eabi/10.3.1/thumb/v6-m/nofp/crtn.o
OUTPUT(blink.elf elf32-littlearm)
LOAD linker stubs

.ARM.attributes
                0x00000000       0x28
 .ARM.attributes
                0x00000000       0x1e e:/program/pico-sdk-v1.5.0/gcc-arm-none-eabi/bin/../lib/gcc/arm-none-eabi/10.3.1/thumb/v6-m/nofp/crti.o
 .ARM.attributes
                0x0000001e       0x2c e:/program/pico-sdk-v1.5.0/gcc-arm-none-eabi/bin/../lib/gcc/arm-none-eabi/10.3.1/thumb/v6-m/nofp/crtbegin.o
 .ARM.attributes
                0x0000004a       0x2c CMakeFiles/blink.dir/main.c.obj
 .ARM.attributes
                0x00000076       0x2c CMakeFiles/blink.dir/E_/program/Pico-SDK-v1.5.0/pico-sdk/src/rp2_common/hardware_gpio/gpio.c.obj
 .ARM.attributes
                0x000000a2       0x2c CMakeFiles/blink.dir/E_/program/Pico-SDK-v1.5.0/pico-sdk/src/rp2_common/pico_platform/platform.c.obj
 .ARM.attributes
                0x000000ce       0x2c CMakeFiles/blink.dir/E_/program/Pico-SDK-v1.5.0/pico-sdk/src/rp2_common/hardware_claim/claim.c.obj
 .ARM.attributes
                0x000000fa       0x2c CMakeFiles/blink.dir/E_/program/Pico-SDK-v1.5.0/pico-sdk/src/rp2_common/hardware_sync/sync.c.obj
 .ARM.attributes
                0x00000126       0x2c CMakeFiles/blink.dir/E_/program/Pico-SDK-v1.5.0/pico-sdk/src/rp2_common/hardware_irq/irq.c.obj
 .ARM.attributes
                0x00000152       0x22 CMakeFiles/blink.dir/E_/program/Pico-SDK-v1.5.0/pico-sdk/src/rp2_common/hardware_irq/irq_handler_chain.S.obj
 .ARM.attributes
                0x00000174       0x2c CMakeFiles/blink.dir/E_/program/Pico-SDK-v1.5.0/pico-sdk/src/common/pico_sync/lock_core.c.obj
 .ARM.attributes
                0x000001a0       0x2c CMakeFiles/blink.dir/E_/program/Pico-SDK-v1.5.0/pico-sdk/src/common/pico_sync/mutex.c.obj
 .ARM.attributes
                0x000001cc       0x2c CMakeFiles/blink.dir/E_/program/Pico-SDK-v1.5.0/pico-sdk/src/common/pico_time/time.c.obj
 .ARM.attributes
                0x000001f8       0x2c CMakeFiles/blink.dir/E_/program/Pico-SDK-v1.5.0/pico-sdk/src/rp2_common/hardware_timer/timer.c.obj
 .ARM.attributes
                0x00000224       0x2c CMakeFiles/blink.dir/E_/program/Pico-SDK-v1.5.0/pico-sdk/src/common/pico_util/pheap.c.obj
 .ARM.attributes
                0x00000250       0x2c CMakeFiles/blink.dir/E_/program/Pico-SDK-v1.5.0/pico-sdk/src/common/pico_util/queue.c.obj
 .ARM.attributes
                0x0000027c       0x2c CMakeFiles/blink.dir/E_/program/Pico-SDK-v1.5.0/pico-sdk/src/rp2_common/hardware_uart/uart.c.obj
 .ARM.attributes
                0x000002a8       0x2c CMakeFiles/blink.dir/E_/program/Pico-SDK-v1.5.0/pico-sdk/src/rp2_common/hardware_clocks/clocks.c.obj
 .ARM.attributes
                0x000002d4       0x2c CMakeFiles/blink.dir/E_/program/Pico-SDK-v1.5.0/pico-sdk/src/rp2_common/hardware_pll/pll.c.obj
 .ARM.attributes
                0x00000300       0x2c CMakeFiles/blink.dir/E_/program/Pico-SDK-v1.5.0/pico-sdk/src/rp2_common/hardware_watchdog/watchdog.c.obj
 .ARM.attributes
                0x0000032c       0x2c CMakeFiles/blink.dir/E_/program/Pico-SDK-v1.5.0/pico-sdk/src/rp2_common/hardware_xosc/xosc.c.obj
 .ARM.attributes
                0x00000358       0x2c CMakeFiles/blink.dir/E_/program/Pico-SDK-v1.5.0/pico-sdk/src/rp2_common/pico_runtime/runtime.c.obj
 .ARM.attributes
                0x00000384       0x2c CMakeFiles/blink.dir/E_/program/Pico-SDK-v1.5.0/pico-sdk/src/rp2_common/pico_printf/printf.c.obj
 .ARM.attributes
                0x000003b0       0x22 CMakeFiles/blink.dir/E_/program/Pico-SDK-v1.5.0/pico-sdk/src/rp2_common/pico_bit_ops/bit_ops_aeabi.S.obj
 .ARM.attributes
                0x000003d2       0x2c CMakeFiles/blink.dir/E_/program/Pico-SDK-v1.5.0/pico-sdk/src/rp2_common/pico_bootrom/bootrom.c.obj
 .ARM.attributes
                0x000003fe       0x22 CMakeFiles/blink.dir/E_/program/Pico-SDK-v1.5.0/pico-sdk/src/rp2_common/pico_divider/divider.S.obj
 .ARM.attributes
                0x00000420       0x22 CMakeFiles/blink.dir/E_/program/Pico-SDK-v1.5.0/pico-sdk/src/rp2_common/pico_double/double_aeabi.S.obj
 .ARM.attributes
                0x00000442       0x2c CMakeFiles/blink.dir/E_/program/Pico-SDK-v1.5.0/pico-sdk/src/rp2_common/pico_double/double_init_rom.c.obj
 .ARM.attributes
                0x0000046e       0x22 CMakeFiles/blink.dir/E_/program/Pico-SDK-v1.5.0/pico-sdk/src/rp2_common/pico_double/double_v1_rom_shim.S.obj
 .ARM.attributes
                0x00000490       0x22 CMakeFiles/blink.dir/E_/program/Pico-SDK-v1.5.0/pico-sdk/src/rp2_common/pico_float/float_aeabi.S.obj
 .ARM.attributes
                0x000004b2       0x2c CMakeFiles/blink.dir/E_/program/Pico-SDK-v1.5.0/pico-sdk/src/rp2_common/pico_float/float_init_rom.c.obj
 .ARM.attributes
                0x000004de       0x2c CMakeFiles/blink.dir/E_/program/Pico-SDK-v1.5.0/pico-sdk/src/rp2_common/pico_malloc/pico_malloc.c.obj
 .ARM.attributes
                0x0000050a       0x22 CMakeFiles/blink.dir/E_/program/Pico-SDK-v1.5.0/pico-sdk/src/rp2_common/pico_mem_ops/mem_ops_aeabi.S.obj
 .ARM.attributes
                0x0000052c       0x22 CMakeFiles/blink.dir/E_/program/Pico-SDK-v1.5.0/pico-sdk/src/rp2_common/pico_standard_link/crt0.S.obj
 .ARM.attributes
                0x0000054e       0x2c CMakeFiles/blink.dir/E_/program/Pico-SDK-v1.5.0/pico-sdk/src/rp2_common/pico_standard_link/binary_info.c.obj
 .ARM.attributes
                0x0000057a       0x2c CMakeFiles/blink.dir/E_/program/Pico-SDK-v1.5.0/pico-sdk/src/rp2_common/pico_stdio/stdio.c.obj
 .ARM.attributes
                0x000005a6       0x2c CMakeFiles/blink.dir/E_/program/Pico-SDK-v1.5.0/pico-sdk/src/rp2_common/pico_stdio_uart/stdio_uart.c.obj
 .ARM.attributes
                0x000005d2       0x22 C:\Users\zhiyo\AppData\Local\Temp\ccKG4SAC.o
 .ARM.attributes
                0x000005f4       0x1e e:/program/pico-sdk-v1.5.0/gcc-arm-none-eabi/bin/../lib/gcc/arm-none-eabi/10.3.1/thumb/v6-m/nofp\libgcc.a(_dvmd_tls.o)
 .ARM.attributes
                0x00000612       0x2c e:/program/pico-sdk-v1.5.0/gcc-arm-none-eabi/bin/../lib/gcc/arm-none-eabi/10.3.1/../../../../arm-none-eabi/lib/thumb/v6-m/nofp\libg.a(lib_a-calloc.o)
 .ARM.attributes
                0x0000063e       0x2c e:/program/pico-sdk-v1.5.0/gcc-arm-none-eabi/bin/../lib/gcc/arm-none-eabi/10.3.1/../../../../arm-none-eabi/lib/thumb/v6-m/nofp\libg.a(lib_a-callocr.o)
 .ARM.attributes
                0x0000066a       0x2c e:/program/pico-sdk-v1.5.0/gcc-arm-none-eabi/bin/../lib/gcc/arm-none-eabi/10.3.1/../../../../arm-none-eabi/lib/thumb/v6-m/nofp\libg.a(lib_a-errno.o)
 .ARM.attributes
                0x00000696       0x2c e:/program/pico-sdk-v1.5.0/gcc-arm-none-eabi/bin/../lib/gcc/arm-none-eabi/10.3.1/../../../../arm-none-eabi/lib/thumb/v6-m/nofp\libg.a(lib_a-impure.o)
 .ARM.attributes
                0x000006c2       0x2c e:/program/pico-sdk-v1.5.0/gcc-arm-none-eabi/bin/../lib/gcc/arm-none-eabi/10.3.1/../../../../arm-none-eabi/lib/thumb/v6-m/nofp\libg.a(lib_a-mallocr.o)
 .ARM.attributes
                0x000006ee       0x2c e:/program/pico-sdk-v1.5.0/gcc-arm-none-eabi/bin/../lib/gcc/arm-none-eabi/10.3.1/../../../../arm-none-eabi/lib/thumb/v6-m/nofp\libg.a(lib_a-mlock.o)
 .ARM.attributes
                0x0000071a       0x2c e:/program/pico-sdk-v1.5.0/gcc-arm-none-eabi/bin/../lib/gcc/arm-none-eabi/10.3.1/../../../../arm-none-eabi/lib/thumb/v6-m/nofp\libg.a(lib_a-sbrkr.o)
 .ARM.attributes
                0x00000746       0x2c e:/program/pico-sdk-v1.5.0/gcc-arm-none-eabi/bin/../lib/gcc/arm-none-eabi/10.3.1/../../../../arm-none-eabi/lib/thumb/v6-m/nofp\libg.a(lib_a-strlen-stub.o)
 .ARM.attributes
                0x00000772       0x2c e:/program/pico-sdk-v1.5.0/gcc-arm-none-eabi/bin/../lib/gcc/arm-none-eabi/10.3.1/../../../../arm-none-eabi/lib/thumb/v6-m/nofp\libg.a(lib_a-freer.o)
 .ARM.attributes
                0x0000079e       0x2c e:/program/pico-sdk-v1.5.0/gcc-arm-none-eabi/bin/../lib/gcc/arm-none-eabi/10.3.1/../../../../arm-none-eabi/lib/thumb/v6-m/nofp\libg.a(lib_a-lock.o)
 .ARM.attributes
                0x000007ca       0x2c e:/program/pico-sdk-v1.5.0/gcc-arm-none-eabi/bin/../lib/gcc/arm-none-eabi/10.3.1/../../../../arm-none-eabi/lib/thumb/v6-m/nofp\libg.a(lib_a-reent.o)

.comment        0x00000000       0x49
 .comment       0x00000000       0x49 CMakeFiles/blink.dir/main.c.obj
                                 0x4a (size before relaxing)
 .comment       0x00000049       0x4a CMakeFiles/blink.dir/E_/program/Pico-SDK-v1.5.0/pico-sdk/src/rp2_common/hardware_gpio/gpio.c.obj
 .comment       0x00000049       0x4a CMakeFiles/blink.dir/E_/program/Pico-SDK-v1.5.0/pico-sdk/src/rp2_common/pico_platform/platform.c.obj
 .comment       0x00000049       0x4a CMakeFiles/blink.dir/E_/program/Pico-SDK-v1.5.0/pico-sdk/src/rp2_common/hardware_claim/claim.c.obj
 .comment       0x00000049       0x4a CMakeFiles/blink.dir/E_/program/Pico-SDK-v1.5.0/pico-sdk/src/rp2_common/hardware_sync/sync.c.obj
 .comment       0x00000049       0x4a CMakeFiles/blink.dir/E_/program/Pico-SDK-v1.5.0/pico-sdk/src/rp2_common/hardware_irq/irq.c.obj
 .comment       0x00000049       0x4a CMakeFiles/blink.dir/E_/program/Pico-SDK-v1.5.0/pico-sdk/src/common/pico_sync/lock_core.c.obj
 .comment       0x00000049       0x4a CMakeFiles/blink.dir/E_/program/Pico-SDK-v1.5.0/pico-sdk/src/common/pico_sync/mutex.c.obj
 .comment       0x00000049       0x4a CMakeFiles/blink.dir/E_/program/Pico-SDK-v1.5.0/pico-sdk/src/common/pico_time/time.c.obj
 .comment       0x00000049       0x4a CMakeFiles/blink.dir/E_/program/Pico-SDK-v1.5.0/pico-sdk/src/rp2_common/hardware_timer/timer.c.obj
 .comment       0x00000049       0x4a CMakeFiles/blink.dir/E_/program/Pico-SDK-v1.5.0/pico-sdk/src/common/pico_util/pheap.c.obj
 .comment       0x00000049       0x4a CMakeFiles/blink.dir/E_/program/Pico-SDK-v1.5.0/pico-sdk/src/common/pico_util/queue.c.obj
 .comment       0x00000049       0x4a CMakeFiles/blink.dir/E_/program/Pico-SDK-v1.5.0/pico-sdk/src/rp2_common/hardware_uart/uart.c.obj
 .comment       0x00000049       0x4a CMakeFiles/blink.dir/E_/program/Pico-SDK-v1.5.0/pico-sdk/src/rp2_common/hardware_clocks/clocks.c.obj
 .comment       0x00000049       0x4a CMakeFiles/blink.dir/E_/program/Pico-SDK-v1.5.0/pico-sdk/src/rp2_common/hardware_pll/pll.c.obj
 .comment       0x00000049       0x4a CMakeFiles/blink.dir/E_/program/Pico-SDK-v1.5.0/pico-sdk/src/rp2_common/hardware_watchdog/watchdog.c.obj
 .comment       0x00000049       0x4a CMakeFiles/blink.dir/E_/program/Pico-SDK-v1.5.0/pico-sdk/src/rp2_common/hardware_xosc/xosc.c.obj
 .comment       0x00000049       0x4a CMakeFiles/blink.dir/E_/program/Pico-SDK-v1.5.0/pico-sdk/src/rp2_common/pico_runtime/runtime.c.obj
 .comment       0x00000049       0x4a CMakeFiles/blink.dir/E_/program/Pico-SDK-v1.5.0/pico-sdk/src/rp2_common/pico_printf/printf.c.obj
 .comment       0x00000049       0x4a CMakeFiles/blink.dir/E_/program/Pico-SDK-v1.5.0/pico-sdk/src/rp2_common/pico_bootrom/bootrom.c.obj
 .comment       0x00000049       0x4a CMakeFiles/blink.dir/E_/program/Pico-SDK-v1.5.0/pico-sdk/src/rp2_common/pico_double/double_init_rom.c.obj
 .comment       0x00000049       0x4a CMakeFiles/blink.dir/E_/program/Pico-SDK-v1.5.0/pico-sdk/src/rp2_common/pico_float/float_init_rom.c.obj
 .comment       0x00000049       0x4a CMakeFiles/blink.dir/E_/program/Pico-SDK-v1.5.0/pico-sdk/src/rp2_common/pico_malloc/pico_malloc.c.obj
 .comment       0x00000049       0x4a CMakeFiles/blink.dir/E_/program/Pico-SDK-v1.5.0/pico-sdk/src/rp2_common/pico_standard_link/binary_info.c.obj
 .comment       0x00000049       0x4a CMakeFiles/blink.dir/E_/program/Pico-SDK-v1.5.0/pico-sdk/src/rp2_common/pico_stdio/stdio.c.obj
 .comment       0x00000049       0x4a CMakeFiles/blink.dir/E_/program/Pico-SDK-v1.5.0/pico-sdk/src/rp2_common/pico_stdio_uart/stdio_uart.c.obj

.debug_info     0x00000000    0x17c0b
 .debug_info    0x00000000     0x1638 CMakeFiles/blink.dir/main.c.obj
 .debug_info    0x00001638     0x16d8 CMakeFiles/blink.dir/E_/program/Pico-SDK-v1.5.0/pico-sdk/src/rp2_common/hardware_gpio/gpio.c.obj
 .debug_info    0x00002d10      0x1e3 CMakeFiles/blink.dir/E_/program/Pico-SDK-v1.5.0/pico-sdk/src/rp2_common/pico_platform/platform.c.obj
 .debug_info    0x00002ef3      0x6bc CMakeFiles/blink.dir/E_/program/Pico-SDK-v1.5.0/pico-sdk/src/rp2_common/hardware_claim/claim.c.obj
 .debug_info    0x000035af      0x58e CMakeFiles/blink.dir/E_/program/Pico-SDK-v1.5.0/pico-sdk/src/rp2_common/hardware_sync/sync.c.obj
 .debug_info    0x00003b3d     0x1c9c CMakeFiles/blink.dir/E_/program/Pico-SDK-v1.5.0/pico-sdk/src/rp2_common/hardware_irq/irq.c.obj
 .debug_info    0x000057d9      0x1a4 CMakeFiles/blink.dir/E_/program/Pico-SDK-v1.5.0/pico-sdk/src/common/pico_sync/lock_core.c.obj
 .debug_info    0x0000597d     0x20d3 CMakeFiles/blink.dir/E_/program/Pico-SDK-v1.5.0/pico-sdk/src/common/pico_sync/mutex.c.obj
 .debug_info    0x00007a50     0x4066 CMakeFiles/blink.dir/E_/program/Pico-SDK-v1.5.0/pico-sdk/src/common/pico_time/time.c.obj
 .debug_info    0x0000bab6     0x13ee CMakeFiles/blink.dir/E_/program/Pico-SDK-v1.5.0/pico-sdk/src/rp2_common/hardware_timer/timer.c.obj
 .debug_info    0x0000cea4     0x123b CMakeFiles/blink.dir/E_/program/Pico-SDK-v1.5.0/pico-sdk/src/common/pico_util/pheap.c.obj
 .debug_info    0x0000e0df     0x1202 CMakeFiles/blink.dir/E_/program/Pico-SDK-v1.5.0/pico-sdk/src/common/pico_util/queue.c.obj
 .debug_info    0x0000f2e1      0xb65 CMakeFiles/blink.dir/E_/program/Pico-SDK-v1.5.0/pico-sdk/src/rp2_common/hardware_uart/uart.c.obj
 .debug_info    0x0000fe46      0xf8d CMakeFiles/blink.dir/E_/program/Pico-SDK-v1.5.0/pico-sdk/src/rp2_common/hardware_clocks/clocks.c.obj
 .debug_info    0x00010dd3      0x51b CMakeFiles/blink.dir/E_/program/Pico-SDK-v1.5.0/pico-sdk/src/rp2_common/hardware_pll/pll.c.obj
 .debug_info    0x000112ee      0x4ee CMakeFiles/blink.dir/E_/program/Pico-SDK-v1.5.0/pico-sdk/src/rp2_common/hardware_watchdog/watchdog.c.obj
 .debug_info    0x000117dc      0x1d8 CMakeFiles/blink.dir/E_/program/Pico-SDK-v1.5.0/pico-sdk/src/rp2_common/hardware_xosc/xosc.c.obj
 .debug_info    0x000119b4     0x1028 CMakeFiles/blink.dir/E_/program/Pico-SDK-v1.5.0/pico-sdk/src/rp2_common/pico_runtime/runtime.c.obj
 .debug_info    0x000129dc     0x1a5f CMakeFiles/blink.dir/E_/program/Pico-SDK-v1.5.0/pico-sdk/src/rp2_common/pico_printf/printf.c.obj
 .debug_info    0x0001443b       0x22 CMakeFiles/blink.dir/E_/program/Pico-SDK-v1.5.0/pico-sdk/src/rp2_common/pico_bit_ops/bit_ops_aeabi.S.obj
 .debug_info    0x0001445d      0x27c CMakeFiles/blink.dir/E_/program/Pico-SDK-v1.5.0/pico-sdk/src/rp2_common/pico_bootrom/bootrom.c.obj
 .debug_info    0x000146d9       0x22 CMakeFiles/blink.dir/E_/program/Pico-SDK-v1.5.0/pico-sdk/src/rp2_common/pico_divider/divider.S.obj
 .debug_info    0x000146fb       0x22 CMakeFiles/blink.dir/E_/program/Pico-SDK-v1.5.0/pico-sdk/src/rp2_common/pico_double/double_aeabi.S.obj
 .debug_info    0x0001471d      0x2fb CMakeFiles/blink.dir/E_/program/Pico-SDK-v1.5.0/pico-sdk/src/rp2_common/pico_double/double_init_rom.c.obj
 .debug_info    0x00014a18       0x26 CMakeFiles/blink.dir/E_/program/Pico-SDK-v1.5.0/pico-sdk/src/rp2_common/pico_double/double_v1_rom_shim.S.obj
 .debug_info    0x00014a3e       0x22 CMakeFiles/blink.dir/E_/program/Pico-SDK-v1.5.0/pico-sdk/src/rp2_common/pico_float/float_aeabi.S.obj
 .debug_info    0x00014a60      0x2d8 CMakeFiles/blink.dir/E_/program/Pico-SDK-v1.5.0/pico-sdk/src/rp2_common/pico_float/float_init_rom.c.obj