Archive member included to satisfy reference by file (symbol)

e:/program/pico-sdk-v1.5.0/gcc-arm-none-eabi/bin/../lib/gcc/arm-none-eabi/10.3.1/thumb/v6-m/nofp\libgcc.a(_dvmd_tls.o)
                              CMakeFiles/blink.dir/E_/program/Pico-SDK-v1.5.0/pico-sdk/src/rp2_common/pico_divider/divider.S.obj (__aeabi_idiv0)
e:/program/pico-sdk-v1.5.0/gcc-arm-none-eabi/bin/../lib/gcc/arm-none-eabi/10.3.1/../../../../arm-none-eabi/lib/thumb/v6-m/nofp\libg.a(lib_a-calloc.o)
                              CMakeFiles/blink.dir/E_/program/Pico-SDK-v1.5.0/pico-sdk/src/rp2_common/pico_malloc/pico_malloc.c.obj (calloc)
e:/program/pico-sdk-v1.5.0/gcc-arm-none-eabi/bin/../lib/gcc/arm-none-eabi/10.3.1/../../../../arm-none-eabi/lib/thumb/v6-m/nofp\libg.a(lib_a-callocr.o)
                              e:/program/pico-sdk-v1.5.0/gcc-arm-none-eabi/bin/../lib/gcc/arm-none-eabi/10.3.1/../../../../arm-none-eabi/lib/thumb/v6-m/nofp\libg.a(lib_a-calloc.o) (_calloc_r)
e:/program/pico-sdk-v1.5.0/gcc-arm-none-eabi/bin/../lib/gcc/arm-none-eabi/10.3.1/../../../../arm-none-eabi/lib/thumb/v6-m/nofp\libg.a(lib_a-errno.o)
                              e:/program/pico-sdk-v1.5.0/gcc-arm-none-eabi/bin/../lib/gcc/arm-none-eabi/10.3.1/../../../../arm-none-eabi/lib/thumb/v6-m/nofp\libg.a(lib_a-callocr.o) (__errno)
e:/program/pico-sdk-v1.5.0/gcc-arm-none-eabi/bin/../lib/gcc/arm-none-eabi/10.3.1/../../../../arm-none-eabi/lib/thumb/v6-m/nofp\libg.a(lib_a-impure.o)
                              e:/program/pico-sdk-v1.5.0/gcc-arm-none-eabi/bin/../lib/gcc/arm-none-eabi/10.3.1/../../../../arm-none-eabi/lib/thumb/v6-m/nofp\libg.a(lib_a-calloc.o) (_impure_ptr)
e:/program/pico-sdk-v1.5.0/gcc-arm-none-eabi/bin/../lib/gcc/arm-none-eabi/10.3.1/../../../../arm-none-eabi/lib/thumb/v6-m/nofp\libg.a(lib_a-init.o)
                              e:/program/pico-sdk-v1.5.0/gcc-arm-none-eabi/bin/../lib/gcc/arm-none-eabi/10.3.1/../../../../arm-none-eabi/lib/thumb/v6-m/nofp/crt0.o (__libc_init_array)
e:/program/pico-sdk-v1.5.0/gcc-arm-none-eabi/bin/../lib/gcc/arm-none-eabi/10.3.1/../../../../arm-none-eabi/lib/thumb/v6-m/nofp\libg.a(lib_a-malloc.o)
                              CMakeFiles/blink.dir/E_/program/Pico-SDK-v1.5.0/pico-sdk/src/rp2_common/pico_malloc/pico_malloc.c.obj (malloc)
e:/program/pico-sdk-v1.5.0/gcc-arm-none-eabi/bin/../lib/gcc/arm-none-eabi/10.3.1/../../../../arm-none-eabi/lib/thumb/v6-m/nofp\libg.a(lib_a-mallocr.o)
                              e:/program/pico-sdk-v1.5.0/gcc-arm-none-eabi/bin/../lib/gcc/arm-none-eabi/10.3.1/../../../../arm-none-eabi/lib/thumb/v6-m/nofp\libg.a(lib_a-callocr.o) (_malloc_r)
e:/program/pico-sdk-v1.5.0/gcc-arm-none-eabi/bin/../lib/gcc/arm-none-eabi/10.3.1/../../../../arm-none-eabi/lib/thumb/v6-m/nofp\libg.a(lib_a-mlock.o)
                              e:/program/pico-sdk-v1.5.0/gcc-arm-none-eabi/bin/../lib/gcc/arm-none-eabi/10.3.1/../../../../arm-none-eabi/lib/thumb/v6-m/nofp\libg.a(lib_a-mallocr.o) (__malloc_lock)
e:/program/pico-sdk-v1.5.0/gcc-arm-none-eabi/bin/../lib/gcc/arm-none-eabi/10.3.1/../../../../arm-none-eabi/lib/thumb/v6-m/nofp\libg.a(lib_a-realloc.o)
                              CMakeFiles/blink.dir/E_/program/Pico-SDK-v1.5.0/pico-sdk/src/rp2_common/pico_malloc/pico_malloc.c.obj (realloc)
e:/program/pico-sdk-v1.5.0/gcc-arm-none-eabi/bin/../lib/gcc/arm-none-eabi/10.3.1/../../../../arm-none-eabi/lib/thumb/v6-m/nofp\libg.a(lib_a-reallocr.o)
                              e:/program/pico-sdk-v1.5.0/gcc-arm-none-eabi/bin/../lib/gcc/arm-none-eabi/10.3.1/../../../../arm-none-eabi/lib/thumb/v6-m/nofp\libg.a(lib_a-realloc.o) (_realloc_r)
e:/program/pico-sdk-v1.5.0/gcc-arm-none-eabi/bin/../lib/gcc/arm-none-eabi/10.3.1/../../../../arm-none-eabi/lib/thumb/v6-m/nofp\libg.a(lib_a-sbrkr.o)
                              e:/program/pico-sdk-v1.5.0/gcc-arm-none-eabi/bin/../lib/gcc/arm-none-eabi/10.3.1/../../../../arm-none-eabi/lib/thumb/v6-m/nofp\libg.a(lib_a-mallocr.o) (_sbrk_r)
e:/program/pico-sdk-v1.5.0/gcc-arm-none-eabi/bin/../lib/gcc/arm-none-eabi/10.3.1/../../../../arm-none-eabi/lib/thumb/v6-m/nofp\libg.a(lib_a-strlen-stub.o)
                              CMakeFiles/blink.dir/uart_irq/uart.c.obj (strlen)
e:/program/pico-sdk-v1.5.0/gcc-arm-none-eabi/bin/../lib/gcc/arm-none-eabi/10.3.1/../../../../arm-none-eabi/lib/thumb/v6-m/nofp\libg.a(lib_a-strstr.o)
                              CMakeFiles/blink.dir/main.c.obj (strstr)
e:/program/pico-sdk-v1.5.0/gcc-arm-none-eabi/bin/../lib/gcc/arm-none-eabi/10.3.1/../../../../arm-none-eabi/lib/thumb/v6-m/nofp\libg.a(lib_a-freer.o)
                              e:/program/pico-sdk-v1.5.0/gcc-arm-none-eabi/bin/../lib/gcc/arm-none-eabi/10.3.1/../../../../arm-none-eabi/lib/thumb/v6-m/nofp\libg.a(lib_a-malloc.o) (_free_r)
e:/program/pico-sdk-v1.5.0/gcc-arm-none-eabi/bin/../lib/gcc/arm-none-eabi/10.3.1/../../../../arm-none-eabi/lib/thumb/v6-m/nofp\libg.a(lib_a-lock.o)
[...]
Memory Configuration

Name             Origin             Length             Attributes
FLASH            0x10000000         0x00200000         xr
RAM              0x20000000         0x00040000         xrw
SCRATCH_X        0x20040000         0x00001000         xrw
SCRATCH_Y        0x20041000         0x00001000         xrw
*default*        0x00000000         0xffffffff

Linker script and memory map

LOAD e:/program/pico-sdk-v1.5.0/gcc-arm-none-eabi/bin/../lib/gcc/arm-none-eabi/10.3.1/thumb/v6-m/nofp/crti.o
LOAD e:/program/pico-sdk-v1.5.0/gcc-arm-none-eabi/bin/../lib/gcc/arm-none-eabi/10.3.1/thumb/v6-m/nofp/crtbegin.o
LOAD e:/program/pico-sdk-v1.5.0/gcc-arm-none-eabi/bin/../lib/gcc/arm-none-eabi/10.3.1/../../../../arm-none-eabi/lib/thumb/v6-m/nofp/crt0.o

.flash_begin    0x10000000        0x0
                0x10000000                __flash_binary_start = .

.boot2          0x10000000      0x100
                0x10000000                __boot2_start__ = .
 *(.boot2)
 .boot2         0x10000000      0x100 C:\Users\zhiyo\AppData\Local\Temp\ccAb4NIW.o
                0x10000100                __boot2_end__ = .
                0x00000001                ASSERT (((__boot2_end__ - __boot2_start__) == 0x100), ERROR: Pico second stage bootloader must be 256 bytes in size)

.text           0x10000100     0x52d8
                0x10000100                __logical_binary_start = .
 *(.vectors)
 .vectors       0x10000100       0xd4 CMakeFiles/blink.dir/E_/program/Pico-SDK-v1.5.0/pico-sdk/src/rp2_common/pico_standard_link/crt0.S.obj
                0x10000100                __VECTOR_TABLE
                0x10000100                __vectors
                0x100001c0                isr_invalid
                0x100001c0                __default_isrs_start
                0x100001c2                isr_nmi
                0x100001c4                isr_hardfault
                0x100001c6                isr_svcall
                0x100001c8                isr_pendsv
                0x100001ca                isr_systick
                0x100001cc                isr_irq23
                0x100001cc                isr_irq18
                0x100001cc                isr_irq11
                0x100001cc                isr_irq28
                0x100001cc                isr_irq19
                0x100001cc                isr_irq0
                0x100001cc                isr_irq6
                0x100001cc                isr_irq5
                0x100001cc                isr_irq12
                0x100001cc                isr_irq22
                0x100001cc                isr_irq31
                0x100001cc                isr_irq17
                0x100001cc                isr_irq27
                0x100001cc                isr_irq30
                0x100001cc                isr_irq2
                0x100001cc                isr_irq10
                0x100001cc                isr_irq8
                0x100001cc                isr_irq24
                0x100001cc                isr_irq1
                0x100001cc                isr_irq7
                0x100001cc                isr_irq21
                0x100001cc                isr_irq20
                0x100001cc                isr_irq15
                0x100001cc                isr_irq25
                0x100001cc                isr_irq13
                0x100001cc                __unhandled_user_irq
                0x100001cc                isr_irq4
                0x100001cc                isr_irq16
                0x100001cc                isr_irq29
                0x100001cc                isr_irq26
                0x100001cc                __default_isrs_end
                0x100001cc                isr_irq3
                0x100001cc                isr_irq14
                0x100001cc                isr_irq9
                0x100001d2                unhandled_user_irq_num_in_r0
 *(.binary_info_header)
 .binary_info_header
                0x100001d4       0x14 CMakeFiles/blink.dir/E_/program/Pico-SDK-v1.5.0/pico-sdk/src/rp2_common/pico_standard_link/crt0.S.obj
                0x100001e8                __binary_info_header_end = .
 *(.reset)
 .reset         0x100001e8       0xa0 CMakeFiles/blink.dir/E_/program/Pico-SDK-v1.5.0/pico-sdk/src/rp2_common/pico_standard_link/crt0.S.obj
                0x100001e8                _entry_point
 .reset         0x10000288       0x30 CMakeFiles/blink.dir/E_/program/Pico-SDK-v1.5.0/pico-sdk/src/rp2_common/pico_standard_link/binary_info.c.obj
 *(.init)
 .init          0x100002b8        0x4 e:/program/pico-sdk-v1.5.0/gcc-arm-none-eabi/bin/../lib/gcc/arm-none-eabi/10.3.1/thumb/v6-m/nofp/crti.o
                0x100002b8                _init
 *(EXCLUDE_FILE(*libm.a: *libc.a:*lib_a-mem*.o *libgcc.a:) .text*)
 .text          0x100002bc       0x48 e:/program/pico-sdk-v1.5.0/gcc-arm-none-eabi/bin/../lib/gcc/arm-none-eabi/10.3.1/thumb/v6-m/nofp/crtbegin.o
 .text.lora_basic_configuration
                0x10000304       0x34 CMakeFiles/blink.dir/main.c.obj
                0x10000304                lora_basic_configuration
 .text.connect_lora
                0x10000338      0x110 CMakeFiles/blink.dir/main.c.obj
                0x10000338                connect_lora
 .text.send_message
                0x10000448      0x114 CMakeFiles/blink.dir/main.c.obj
                0x10000448                send_message
 .text.lora_init_and_connect
                0x1000055c       0x2c CMakeFiles/blink.dir/main.c.obj
                0x1000055c                lora_init_and_connect
 .text.main     0x10000588       0x1c CMakeFiles/blink.dir/main.c.obj
                0x10000588                main
 .text.uart_get_handle
                0x100005a4       0x14 CMakeFiles/blink.dir/uart_irq/uart.c.obj
 .text.uart_setup
                0x100005b8       0x76 CMakeFiles/blink.dir/uart_irq/uart.c.obj
                0x100005b8                uart_setup
 .text.uart_read
                0x1000062e       0x40 CMakeFiles/blink.dir/uart_irq/uart.c.obj
                0x1000062e                uart_read
 .text.uart_irq_rx
                0x1000066e       0x3e CMakeFiles/blink.dir/uart_irq/uart.c.obj
                0x1000066e                uart_irq_rx
 .text.uart_irq_tx
                0x100006ac       0x46 CMakeFiles/blink.dir/uart_irq/uart.c.obj
                0x100006ac                uart_irq_tx
 .text.uart_write
                0x100006f2       0x76 CMakeFiles/blink.dir/uart_irq/uart.c.obj
                0x100006f2                uart_write
 .text.uart_send
                0x10000768       0x18 CMakeFiles/blink.dir/uart_irq/uart.c.obj
                0x10000768                uart_send
 .text.uart0_handler
                0x10000780       0x18 CMakeFiles/blink.dir/uart_irq/uart.c.obj
                0x10000780                uart0_handler
 .text.uart1_handler
                0x10000798       0x18 CMakeFiles/blink.dir/uart_irq/uart.c.obj
                0x10000798                uart1_handler
 .text.rb_init  0x100007b0        0xc CMakeFiles/blink.dir/uart_irq/ring_buffer.c.obj
                0x100007b0                rb_init
 .text.rb_empty
                0x100007bc       0x10 CMakeFiles/blink.dir/uart_irq/ring_buffer.c.obj
                0x100007bc                rb_empty
 .text.rb_full  0x100007cc       0x1a CMakeFiles/blink.dir/uart_irq/ring_buffer.c.obj
                0x100007cc                rb_full
 .text.rb_put   0x100007e6       0x24 CMakeFiles/blink.dir/uart_irq/ring_buffer.c.obj
                0x100007e6                rb_put
 .text.rb_get   0x1000080a       0x1e CMakeFiles/blink.dir/uart_irq/ring_buffer.c.obj
                0x1000080a                rb_get
 .text.rb_alloc
                0x10000828       0x1a CMakeFiles/blink.dir/uart_irq/ring_buffer.c.obj
                0x10000828                rb_alloc
 *fill*         0x10000842        0x2 
 .text.gpio_set_function
                0x10000844       0x30 CMakeFiles/blink.dir/E_/program/Pico-SDK-v1.5.0/pico-sdk/src/rp2_common/hardware_gpio/gpio.c.obj
                0x10000844                gpio_set_function
 .text.running_on_fpga
                0x10000874       0x14 CMakeFiles/blink.dir/E_/program/Pico-SDK-v1.5.0/pico-sdk/src/rp2_common/pico_platform/platform.c.obj
                0x10000874                running_on_fpga
 .text.hw_claim_lock
                0x10000888       0x18 CMakeFiles/blink.dir/E_/program/Pico-SDK-v1.5.0/pico-sdk/src/rp2_common/hardware_claim/claim.c.obj
                0x10000888                hw_claim_lock
 .text.hw_claim_unlock
                0x100008a0       0x14 CMakeFiles/blink.dir/E_/program/Pico-SDK-v1.5.0/pico-sdk/src/rp2_common/hardware_claim/claim.c.obj
                0x100008a0                hw_claim_unlock
 .text.hw_claim_or_assert
                0x100008b4       0x32 CMakeFiles/blink.dir/E_/program/Pico-SDK-v1.5.0/pico-sdk/src/rp2_common/hardware_claim/claim.c.obj
                0x100008b4                hw_claim_or_assert
 *fill*         0x100008e6        0x2 
 .text.spin_locks_reset
                0x100008e8       0x20 CMakeFiles/blink.dir/E_/program/Pico-SDK-v1.5.0/pico-sdk/src/rp2_common/hardware_sync/sync.c.obj
                0x100008e8                spin_locks_reset
 .text.next_striped_spin_lock_num
                0x10000908       0x1c CMakeFiles/blink.dir/E_/program/Pico-SDK-v1.5.0/pico-sdk/src/rp2_common/hardware_sync/sync.c.obj
                0x10000908                next_striped_spin_lock_num
 .text.set_raw_irq_handler_and_unlock
                0x10000924       0x28 CMakeFiles/blink.dir/E_/program/Pico-SDK-v1.5.0/pico-sdk/src/rp2_common/hardware_irq/irq.c.obj
 .text.make_branch
                0x1000094c       0x48 CMakeFiles/blink.dir/E_/program/Pico-SDK-v1.5.0/pico-sdk/src/rp2_common/hardware_irq/irq.c.obj
 .text.insert_branch_and_link
                0x10000994       0x40 CMakeFiles/blink.dir/E_/program/Pico-SDK-v1.5.0/pico-sdk/src/rp2_common/hardware_irq/irq.c.obj
 .text.irq_is_enabled
                0x100009d4       0x18 CMakeFiles/blink.dir/E_/program/Pico-SDK-v1.5.0/pico-sdk/src/rp2_common/hardware_irq/irq.c.obj
                0x100009d4                irq_is_enabled
 .text.irq_set_mask_enabled
                0x100009ec       0x20 CMakeFiles/blink.dir/E_/program/Pico-SDK-v1.5.0/pico-sdk/src/rp2_common/hardware_irq/irq.c.obj
                0x100009ec                irq_set_mask_enabled
 .text.irq_set_enabled
                0x10000a0c        0xe CMakeFiles/blink.dir/E_/program/Pico-SDK-v1.5.0/pico-sdk/src/rp2_common/hardware_irq/irq.c.obj
                0x10000a0c                irq_set_enabled
 *fill*         0x10000a1a        0x2 
 .text.irq_get_vtable_handler
                0x10000a1c       0x10 CMakeFiles/blink.dir/E_/program/Pico-SDK-v1.5.0/pico-sdk/src/rp2_common/hardware_irq/irq.c.obj
                0x10000a1c                irq_get_vtable_handler
 .text.irq_set_exclusive_handler
                0x10000a2c       0x54 CMakeFiles/blink.dir/E_/program/Pico-SDK-v1.5.0/pico-sdk/src/rp2_common/hardware_irq/irq.c.obj
                0x10000a2c                irq_set_exclusive_handler
 .text.irq_remove_handler
                0x10000a80      0x1ac CMakeFiles/blink.dir/E_/program/Pico-SDK-v1.5.0/pico-sdk/src/rp2_common/hardware_irq/irq.c.obj
                0x10000a80                irq_remove_handler
 .text.irq_add_tail_to_free_list
                0x10000c2c       0xf0 CMakeFiles/blink.dir/E_/program/Pico-SDK-v1.5.0/pico-sdk/src/rp2_common/hardware_irq/irq.c.obj
                0x10000c2c                irq_add_tail_to_free_list
 .text.irq_init_priorities
                0x10000d1c       0x1c CMakeFiles/blink.dir/E_/program/Pico-SDK-v1.5.0/pico-sdk/src/rp2_common/hardware_irq/irq.c.obj
                0x10000d1c                irq_init_priorities
 .text.lock_init
                0x10000d38       0x10 CMakeFiles/blink.dir/E_/program/Pico-SDK-v1.5.0/pico-sdk/src/common/pico_sync/lock_core.c.obj
                0x10000d38                lock_init
 .text.mutex_init
                0x10000d48       0x1a CMakeFiles/blink.dir/E_/program/Pico-SDK-v1.5.0/pico-sdk/src/common/pico_sync/mutex.c.obj
                0x10000d48                mutex_init
 .text.recursive_mutex_init
                0x10000d62       0x1e CMakeFiles/blink.dir/E_/program/Pico-SDK-v1.5.0/pico-sdk/src/common/pico_sync/mutex.c.obj
                0x10000d62                recursive_mutex_init
 .text.alarm_pool_post_alloc_init
                0x10000d80       0x40 CMakeFiles/blink.dir/E_/program/Pico-SDK-v1.5.0/pico-sdk/src/common/pico_time/time.c.obj
 .text.sleep_until_callback
                0x10000dc0       0x30 CMakeFiles/blink.dir/E_/program/Pico-SDK-v1.5.0/pico-sdk/src/common/pico_time/time.c.obj
 .text.timer_pool_entry_comparator
                0x10000df0       0x7c CMakeFiles/blink.dir/E_/program/Pico-SDK-v1.5.0/pico-sdk/src/common/pico_time/time.c.obj
                0x10000df0                timer_pool_entry_comparator
 .text.ph_add_child_node
                0x10000e6c       0xa4 CMakeFiles/blink.dir/E_/program/Pico-SDK-v1.5.0/pico-sdk/src/common/pico_time/time.c.obj
 .text.ph_merge_nodes
                0x10000f10       0x3e CMakeFiles/blink.dir/E_/program/Pico-SDK-v1.5.0/pico-sdk/src/common/pico_time/time.c.obj
 *fill*         0x10000f4e        0x2 
 .text.add_alarm_under_lock
                0x10000f50      0x174 CMakeFiles/blink.dir/E_/program/Pico-SDK-v1.5.0/pico-sdk/src/common/pico_time/time.c.obj
 .text.alarm_pool_alarm_callback
                0x100010c4      0x33c CMakeFiles/blink.dir/E_/program/Pico-SDK-v1.5.0/pico-sdk/src/common/pico_time/time.c.obj
 .text.alarm_pool_init_default
                0x10001400       0x40 CMakeFiles/blink.dir/E_/program/Pico-SDK-v1.5.0/pico-sdk/src/common/pico_time/time.c.obj
                0x10001400                alarm_pool_init_default
 .text.alarm_pool_get_default
                0x10001440       0x2c CMakeFiles/blink.dir/E_/program/Pico-SDK-v1.5.0/pico-sdk/src/common/pico_time/time.c.obj
                0x10001440                alarm_pool_get_default
 .text.alarm_pool_add_alarm_at
                0x1000146c      0x168 CMakeFiles/blink.dir/E_/program/Pico-SDK-v1.5.0/pico-sdk/src/common/pico_time/time.c.obj
                0x1000146c                alarm_pool_add_alarm_at
 .text.alarm_pool_cancel_alarm
                0x100015d4       0xf0 CMakeFiles/blink.dir/E_/program/Pico-SDK-v1.5.0/pico-sdk/src/common/pico_time/time.c.obj
                0x100015d4                alarm_pool_cancel_alarm
 .text.sleep_until
                0x100016c4       0xfc CMakeFiles/blink.dir/E_/program/Pico-SDK-v1.5.0/pico-sdk/src/common/pico_time/time.c.obj
                0x100016c4                sleep_until
 .text.sleep_us
                0x100017c0       0x58 CMakeFiles/blink.dir/E_/program/Pico-SDK-v1.5.0/pico-sdk/src/common/pico_time/time.c.obj
                0x100017c0                sleep_us
 .text.sleep_ms
                0x10001818       0x14 CMakeFiles/blink.dir/E_/program/Pico-SDK-v1.5.0/pico-sdk/src/common/pico_time/time.c.obj
                0x10001818                sleep_ms
 .text.best_effort_wfe_or_timeout
                0x1000182c       0xac CMakeFiles/blink.dir/E_/program/Pico-SDK-v1.5.0/pico-sdk/src/common/pico_time/time.c.obj
                0x1000182c                best_effort_wfe_or_timeout
 .text.hardware_alarm_irq_handler
                0x100018d8       0x90 CMakeFiles/blink.dir/E_/program/Pico-SDK-v1.5.0/pico-sdk/src/rp2_common/hardware_timer/timer.c.obj
 .text.hardware_alarm_claim
                0x10001968       0x18 CMakeFiles/blink.dir/E_/program/Pico-SDK-v1.5.0/pico-sdk/src/rp2_common/hardware_timer/timer.c.obj
                0x10001968                hardware_alarm_claim
 .text.time_us_64
                0x10001980       0x18 CMakeFiles/blink.dir/E_/program/Pico-SDK-v1.5.0/pico-sdk/src/rp2_common/hardware_timer/timer.c.obj
                0x10001980                time_us_64
 .text.busy_wait_until
                0x10001998       0x28 CMakeFiles/blink.dir/E_/program/Pico-SDK-v1.5.0/pico-sdk/src/rp2_common/hardware_timer/timer.c.obj
                0x10001998                busy_wait_until
 .text.hardware_alarm_set_callback
                0x100019c0       0x90 CMakeFiles/blink.dir/E_/program/Pico-SDK-v1.5.0/pico-sdk/src/rp2_common/hardware_timer/timer.c.obj
                0x100019c0                hardware_alarm_set_callback
 .text.hardware_alarm_set_target
                0x10001a50       0xe8 CMakeFiles/blink.dir/E_/program/Pico-SDK-v1.5.0/pico-sdk/src/rp2_common/hardware_timer/timer.c.obj
                0x10001a50                hardware_alarm_set_target
 .text.hardware_alarm_cancel
                0x10001b38       0x40 CMakeFiles/blink.dir/E_/program/Pico-SDK-v1.5.0/pico-sdk/src/rp2_common/hardware_timer/timer.c.obj
                0x10001b38                hardware_alarm_cancel
 .text.ph_add_child_node
                0x10001b78       0xa4 CMakeFiles/blink.dir/E_/program/Pico-SDK-v1.5.0/pico-sdk/src/common/pico_util/pheap.c.obj
 .text.ph_merge_nodes
                0x10001c1c       0x3e CMakeFiles/blink.dir/E_/program/Pico-SDK-v1.5.0/pico-sdk/src/common/pico_util/pheap.c.obj
 *fill*         0x10001c5a        0x2 
 .text.ph_clear
                0x10001c5c       0x70 CMakeFiles/blink.dir/E_/program/Pico-SDK-v1.5.0/pico-sdk/src/common/pico_util/pheap.c.obj
                0x10001c5c                ph_clear
 .text.ph_post_alloc_init
                0x10001ccc        0xe CMakeFiles/blink.dir/E_/program/Pico-SDK-v1.5.0/pico-sdk/src/common/pico_util/pheap.c.obj
                0x10001ccc                ph_post_alloc_init
 *fill*         0x10001cda        0x2 
 .text.ph_merge_two_pass
                0x10001cdc       0xa8 CMakeFiles/blink.dir/E_/program/Pico-SDK-v1.5.0/pico-sdk/src/common/pico_util/pheap.c.obj
                0x10001cdc                ph_merge_two_pass
 .text.ph_remove_any_head
                0x10001d84      0x128 CMakeFiles/blink.dir/E_/program/Pico-SDK-v1.5.0/pico-sdk/src/common/pico_util/pheap.c.obj
 .text.ph_remove_head
                0x10001eac       0x14 CMakeFiles/blink.dir/E_/program/Pico-SDK-v1.5.0/pico-sdk/src/common/pico_util/pheap.c.obj
                0x10001eac                ph_remove_head
 .text.ph_remove_and_free_node
                0x10001ec0       0xf8 CMakeFiles/blink.dir/E_/program/Pico-SDK-v1.5.0/pico-sdk/src/common/pico_util/pheap.c.obj
                0x10001ec0                ph_remove_and_free_node
 .text.uart_set_baudrate
                0x10001fb8       0x5c CMakeFiles/blink.dir/E_/program/Pico-SDK-v1.5.0/pico-sdk/src/rp2_common/hardware_uart/uart.c.obj
                0x10001fb8                uart_set_baudrate
 .text.uart_set_translate_crlf
                0x10002014       0x28 CMakeFiles/blink.dir/E_/program/Pico-SDK-v1.5.0/pico-sdk/src/rp2_common/hardware_uart/uart.c.obj
                0x10002014                uart_set_translate_crlf
 .text.uart_init
                0x1000203c       0x80 CMakeFiles/blink.dir/E_/program/Pico-SDK-v1.5.0/pico-sdk/src/rp2_common/hardware_uart/uart.c.obj
                0x1000203c                uart_init
 .text.clock_configure
                0x100020bc      0x104 CMakeFiles/blink.dir/E_/program/Pico-SDK-v1.5.0/pico-sdk/src/rp2_common/hardware_clocks/clocks.c.obj
                0x100020bc                clock_configure
 .text.clocks_init
                0x100021c0      0x100 CMakeFiles/blink.dir/E_/program/Pico-SDK-v1.5.0/pico-sdk/src/rp2_common/hardware_clocks/clocks.c.obj
                0x100021c0                clocks_init
 .text.clock_get_hz
                0x100022c0        0xc CMakeFiles/blink.dir/E_/program/Pico-SDK-v1.5.0/pico-sdk/src/rp2_common/hardware_clocks/clocks.c.obj
                0x100022c0                clock_get_hz
 .text.pll_init
                0x100022cc      0x12c CMakeFiles/blink.dir/E_/program/Pico-SDK-v1.5.0/pico-sdk/src/rp2_common/hardware_pll/pll.c.obj
                0x100022cc                pll_init
 .text.watchdog_start_tick
                0x100023f8       0x10 CMakeFiles/blink.dir/E_/program/Pico-SDK-v1.5.0/pico-sdk/src/rp2_common/hardware_watchdog/watchdog.c.obj
                0x100023f8                watchdog_start_tick
 .text.xosc_init
                0x10002408       0x28 CMakeFiles/blink.dir/E_/program/Pico-SDK-v1.5.0/pico-sdk/src/rp2_common/hardware_xosc/xosc.c.obj
                0x10002408                xosc_init
 .text._exit    0x10002430        0x4 CMakeFiles/blink.dir/E_/program/Pico-SDK-v1.5.0/pico-sdk/src/rp2_common/pico_runtime/runtime.c.obj
                0x10002430                _exit
 .text._sbrk    0x10002434       0x38 CMakeFiles/blink.dir/E_/program/Pico-SDK-v1.5.0/pico-sdk/src/rp2_common/pico_runtime/runtime.c.obj
                0x10002434                _sbrk
 .text.exit     0x1000246c        0x6 CMakeFiles/blink.dir/E_/program/Pico-SDK-v1.5.0/pico-sdk/src/rp2_common/pico_runtime/runtime.c.obj
                0x1000246c                exit
 *fill*         0x10002472        0x2 
 .text.__assert_func
                0x10002474       0x3c CMakeFiles/blink.dir/E_/program/Pico-SDK-v1.5.0/pico-sdk/src/rp2_common/pico_runtime/runtime.c.obj
                0x10002474                __assert_func
 .text.runtime_init
                0x100024b0       0xf8 CMakeFiles/blink.dir/E_/program/Pico-SDK-v1.5.0/pico-sdk/src/rp2_common/pico_runtime/runtime.c.obj
                0x100024b0                runtime_init
 .text.panic    0x100025a8       0x30 CMakeFiles/blink.dir/E_/program/Pico-SDK-v1.5.0/pico-sdk/src/rp2_common/pico_runtime/runtime.c.obj
                0x100025a8                panic
 .text._out_buffer
                0x100025d8        0x8 CMakeFiles/blink.dir/E_/program/Pico-SDK-v1.5.0/pico-sdk/src/rp2_common/pico_printf/printf.c.obj
 .text._out_null
                0x100025e0        0x2 CMakeFiles/blink.dir/E_/program/Pico-SDK-v1.5.0/pico-sdk/src/rp2_common/pico_printf/printf.c.obj
 .text._out_fct
                0x100025e2        0xe CMakeFiles/blink.dir/E_/program/Pico-SDK-v1.5.0/pico-sdk/src/rp2_common/pico_printf/printf.c.obj
 .text._atoi    0x100025f0       0x24 CMakeFiles/blink.dir/E_/program/Pico-SDK-v1.5.0/pico-sdk/src/rp2_common/pico_printf/printf.c.obj
 .text._out_rev
                0x10002614       0xae CMakeFiles/blink.dir/E_/program/Pico-SDK-v1.5.0/pico-sdk/src/rp2_common/pico_printf/printf.c.obj
 .text._ntoa_format
                0x100026c2      0x112 CMakeFiles/blink.dir/E_/program/Pico-SDK-v1.5.0/pico-sdk/src/rp2_common/pico_printf/printf.c.obj
 .text._ntoa_long
                0x100027d4       0xbc CMakeFiles/blink.dir/E_/program/Pico-SDK-v1.5.0/pico-sdk/src/rp2_common/pico_printf/printf.c.obj
 .text._ntoa_long_long
                0x10002890       0xe2 CMakeFiles/blink.dir/E_/program/Pico-SDK-v1.5.0/pico-sdk/src/rp2_common/pico_printf/printf.c.obj
 *fill*         0x10002972        0x2 
 .text._etoa    0x10002974      0x414 CMakeFiles/blink.dir/E_/program/Pico-SDK-v1.5.0/pico-sdk/src/rp2_common/pico_printf/printf.c.obj
 .text._ftoa    0x10002d88      0x354 CMakeFiles/blink.dir/E_/program/Pico-SDK-v1.5.0/pico-sdk/src/rp2_common/pico_printf/printf.c.obj
 .text._vsnprintf
                0x100030dc      0x624 CMakeFiles/blink.dir/E_/program/Pico-SDK-v1.5.0/pico-sdk/src/rp2_common/pico_printf/printf.c.obj
 .text.__wrap_snprintf
                0x10003700       0x28 CMakeFiles/blink.dir/E_/program/Pico-SDK-v1.5.0/pico-sdk/src/rp2_common/pico_printf/printf.c.obj
                0x10003700                __wrap_snprintf
 .text.vfctprintf
                0x10003728       0x20 CMakeFiles/blink.dir/E_/program/Pico-SDK-v1.5.0/pico-sdk/src/rp2_common/pico_printf/printf.c.obj
                0x10003728                vfctprintf
 .text          0x10003748       0x10 CMakeFiles/blink.dir/E_/program/Pico-SDK-v1.5.0/pico-sdk/src/rp2_common/pico_bit_ops/bit_ops_aeabi.S.obj
 .text.rom_func_lookup
                0x10003758       0x10 CMakeFiles/blink.dir/E_/program/Pico-SDK-v1.5.0/pico-sdk/src/rp2_common/pico_bootrom/bootrom.c.obj
                0x10003758                rom_func_lookup
 .text.rom_data_lookup
                0x10003768       0x10 CMakeFiles/blink.dir/E_/program/Pico-SDK-v1.5.0/pico-sdk/src/rp2_common/pico_bootrom/bootrom.c.obj
                0x10003768                rom_data_lookup
 .text.rom_funcs_lookup
                0x10003778       0x36 CMakeFiles/blink.dir/E_/program/Pico-SDK-v1.5.0/pico-sdk/src/rp2_common/pico_bootrom/bootrom.c.obj
                0x10003778                rom_funcs_lookup
 *fill*         0x100037ae        0x2 
 .text.__wrap___aeabi_idiv
                0x100037b0       0x50 CMakeFiles/blink.dir/E_/program/Pico-SDK-v1.5.0/pico-sdk/src/rp2_common/pico_divider/divider.S.obj
                0x100037b0                __wrap___aeabi_idivmod
                0x100037b0                divmod_s32s32
                0x100037b0                div_s32s32
                0x100037b0                __wrap___aeabi_idiv
                0x100037b8                divmod_s32s32_unsafe
                0x100037e4                divmod_s32s32_savestate
 .text.__wrap___aeabi_uidiv
                0x10003800       0x4c CMakeFiles/blink.dir/E_/program/Pico-SDK-v1.5.0/pico-sdk/src/rp2_common/pico_divider/divider.S.obj
                0x10003800                __wrap___aeabi_uidiv
                0x10003800                __wrap___aeabi_uidivmod
                0x10003800                div_u32u32
                0x10003800                divmod_u32u32
                0x10003808                divmod_u32u32_unsafe
                0x10003830                divmod_u32u32_savestate
 .text.__wrap___aeabi_ldiv
                0x1000384c      0x424 CMakeFiles/blink.dir/E_/program/Pico-SDK-v1.5.0/pico-sdk/src/rp2_common/pico_divider/divider.S.obj
                0x1000384c                div_s64s64
                0x1000384c                divmod_s64s64
                0x1000384c                __wrap___aeabi_ldivmod
                0x1000387c                divmod_u64u64
                0x1000387c                div_u64u64
                0x1000387c                __wrap___aeabi_uldivmod
                0x1000388c                divmod_u64u64_savestate
                0x100038ac                divmod_s64s64_unsafe
                0x10003934                divmod_u64u64_unsafe
 .text.__wrap___aeabi_darithmetic
                0x10003c70       0x60 CMakeFiles/blink.dir/E_/program/Pico-SDK-v1.5.0/pico-sdk/src/rp2_common/pico_double/double_aeabi.S.obj
                0x10003c70                __wrap___aeabi_drsub
                0x10003c76                __wrap___aeabi_dsub
                0x10003c80                __wrap___aeabi_dadd
                0x10003c8a                __wrap___aeabi_ddiv
                0x10003cbe                __wrap___aeabi_dmul
 .text.__wrap___aeabi_cdcmple
                0x10003cd0       0x6c CMakeFiles/blink.dir/E_/program/Pico-SDK-v1.5.0/pico-sdk/src/rp2_common/pico_double/double_aeabi.S.obj
                0x10003cd0                __wrap___aeabi_cdrcmple
                0x10003ce0                __wrap___aeabi_cdcmpeq
                0x10003ce0                __wrap___aeabi_cdcmple
 .text.__wrap___aeabi_dcmplt
                0x10003d3c        0xc CMakeFiles/blink.dir/E_/program/Pico-SDK-v1.5.0/pico-sdk/src/rp2_common/pico_double/double_aeabi.S.obj
                0x10003d3c                __wrap___aeabi_dcmplt
 .text.__wrap___aeabi_dcmple
                0x10003d48       0x10 CMakeFiles/blink.dir/E_/program/Pico-SDK-v1.5.0/pico-sdk/src/rp2_common/pico_double/double_aeabi.S.obj
                0x10003d48                __wrap___aeabi_dcmple
 .text.__wrap___aeabi_dcmpge
                0x10003d58       0x10 CMakeFiles/blink.dir/E_/program/Pico-SDK-v1.5.0/pico-sdk/src/rp2_common/pico_double/double_aeabi.S.obj
                0x10003d58                __wrap___aeabi_dcmpge
 .text.__wrap___aeabi_dcmpgt
                0x10003d68        0xa CMakeFiles/blink.dir/E_/program/Pico-SDK-v1.5.0/pico-sdk/src/rp2_common/pico_double/double_aeabi.S.obj
                0x10003d68                __wrap___aeabi_dcmpgt
 .text.__wrap___aeabi_dcmpun
                0x10003d72       0x1c CMakeFiles/blink.dir/E_/program/Pico-SDK-v1.5.0/pico-sdk/src/rp2_common/pico_double/double_aeabi.S.obj
                0x10003d72                __wrap___aeabi_dcmpun
 *fill*         0x10003d8e        0x2 
 .text.__wrap___aeabi_i2d
                0x10003d90       0x38 CMakeFiles/blink.dir/E_/program/Pico-SDK-v1.5.0/pico-sdk/src/rp2_common/pico_double/double_aeabi.S.obj
                0x10003d90                __wrap___aeabi_ui2d
                0x10003d98                __wrap___aeabi_i2d
 .text.__wrap___aeabi_d2iz
                0x10003dc8       0x48 CMakeFiles/blink.dir/E_/program/Pico-SDK-v1.5.0/pico-sdk/src/rp2_common/pico_double/double_aeabi.S.obj
                0x10003dc8                double2int_z
                0x10003dc8                __wrap___aeabi_d2iz
 .text.__wrap___aeabi_d2uiz
                0x10003e10       0x10 CMakeFiles/blink.dir/E_/program/Pico-SDK-v1.5.0/pico-sdk/src/rp2_common/pico_double/double_aeabi.S.obj
                0x10003e10                __wrap___aeabi_d2uiz
                0x10003e10                double2uint
 .text.missing_double_func_shim
                0x10003e20        0xc CMakeFiles/blink.dir/E_/program/Pico-SDK-v1.5.0/pico-sdk/src/rp2_common/pico_double/double_init_rom.c.obj
 .text.__aeabi_double_init
                0x10003e2c       0xcc CMakeFiles/blink.dir/E_/program/Pico-SDK-v1.5.0/pico-sdk/src/rp2_common/pico_double/double_init_rom.c.obj
                0x10003e2c                __aeabi_double_init
 .text.double_table_shim_on_use_helper
                0x10003ef8       0x34 CMakeFiles/blink.dir/E_/program/Pico-SDK-v1.5.0/pico-sdk/src/rp2_common/pico_double/double_v1_rom_shim.S.obj
                0x10003ef8                double_table_shim_on_use_helper
 .text.__aeabi_lmul
                0x10003f2c       0x32 CMakeFiles/blink.dir/E_/program/Pico-SDK-v1.5.0/pico-sdk/src/rp2_common/pico_int64_ops/pico_int64_ops_aeabi.S.obj
                0x10003f2c                __wrap___aeabi_lmul
 *fill*         0x10003f5e        0x2 
 .text.missing_float_func_shim
                0x10003f60        0xc CMakeFiles/blink.dir/E_/program/Pico-SDK-v1.5.0/pico-sdk/src/rp2_common/pico_float/float_init_rom.c.obj
 .text.__aeabi_float_init
                0x10003f6c       0x88 CMakeFiles/blink.dir/E_/program/Pico-SDK-v1.5.0/pico-sdk/src/rp2_common/pico_float/float_init_rom.c.obj
                0x10003f6c                __aeabi_float_init
 .text.__wrap_calloc
                0x10003ff4       0x24 CMakeFiles/blink.dir/E_/program/Pico-SDK-v1.5.0/pico-sdk/src/rp2_common/pico_malloc/pico_malloc.c.obj
                0x10003ff4                __wrap_calloc
 .text          0x10004018       0x10 CMakeFiles/blink.dir/E_/program/Pico-SDK-v1.5.0/pico-sdk/src/rp2_common/pico_mem_ops/mem_ops_aeabi.S.obj
                0x10004018                __aeabi_mem_init
 .text.memset   0x10004028        0xc CMakeFiles/blink.dir/E_/program/Pico-SDK-v1.5.0/pico-sdk/src/rp2_common/pico_mem_ops/mem_ops_aeabi.S.obj
                0x10004028                __wrap_memset
 .text.memcpy   0x10004034        0xc CMakeFiles/blink.dir/E_/program/Pico-SDK-v1.5.0/pico-sdk/src/rp2_common/pico_mem_ops/mem_ops_aeabi.S.obj
                0x10004034                __wrap_memcpy
                0x10004034                __wrap___aeabi_memcpy
 .text.stdio_out_chars_no_crlf
                0x10004040        0xe CMakeFiles/blink.dir/E_/program/Pico-SDK-v1.5.0/pico-sdk/src/rp2_common/pico_stdio/stdio.c.obj
 *fill*         0x1000404e        0x2 
 .text.stdio_out_chars_crlf
                0x10004050       0x80 CMakeFiles/blink.dir/E_/program/Pico-SDK-v1.5.0/pico-sdk/src/rp2_common/pico_stdio/stdio.c.obj
 .text.stdio_stack_buffer_flush
                0x100040d0       0x44 CMakeFiles/blink.dir/E_/program/Pico-SDK-v1.5.0/pico-sdk/src/rp2_common/pico_stdio/stdio.c.obj
 .text.stdio_buffered_printer
                0x10004114       0x20 CMakeFiles/blink.dir/E_/program/Pico-SDK-v1.5.0/pico-sdk/src/rp2_common/pico_stdio/stdio.c.obj
 .text.stdout_serialize_begin
                0x10004134       0x5c CMakeFiles/blink.dir/E_/program/Pico-SDK-v1.5.0/pico-sdk/src/rp2_common/pico_stdio/stdio.c.obj
                0x10004134                stdout_serialize_begin
 .text.stdout_serialize_end
                0x10004190       0x10 CMakeFiles/blink.dir/E_/program/Pico-SDK-v1.5.0/pico-sdk/src/rp2_common/pico_stdio/stdio.c.obj
                0x10004190                stdout_serialize_end
 .text.stdio_put_string
                0x100041a0       0x98 CMakeFiles/blink.dir/E_/program/Pico-SDK-v1.5.0/pico-sdk/src/rp2_common/pico_stdio/stdio.c.obj
 .text.stdio_set_driver_enabled
                0x10004238       0x2c CMakeFiles/blink.dir/E_/program/Pico-SDK-v1.5.0/pico-sdk/src/rp2_common/pico_stdio/stdio.c.obj
                0x10004238                stdio_set_driver_enabled
 .text.stdio_flush
                0x10004264       0x20 CMakeFiles/blink.dir/E_/program/Pico-SDK-v1.5.0/pico-sdk/src/rp2_common/pico_stdio/stdio.c.obj
                0x10004264                stdio_flush
 .text.__wrap_puts
                0x10004284       0x1e CMakeFiles/blink.dir/E_/program/Pico-SDK-v1.5.0/pico-sdk/src/rp2_common/pico_stdio/stdio.c.obj
                0x10004284                __wrap_puts
 *fill*         0x100042a2        0x2 
 .text.__wrap_vprintf
                0x100042a4       0x40 CMakeFiles/blink.dir/E_/program/Pico-SDK-v1.5.0/pico-sdk/src/rp2_common/pico_stdio/stdio.c.obj
                0x100042a4                __wrap_vprintf
 .text.__wrap_printf
                0x100042e4       0x18 CMakeFiles/blink.dir/E_/program/Pico-SDK-v1.5.0/pico-sdk/src/rp2_common/pico_stdio/stdio.c.obj
                0x100042e4                __wrap_printf
 .text.stdio_init_all
                0x100042fc        0xa CMakeFiles/blink.dir/E_/program/Pico-SDK-v1.5.0/pico-sdk/src/rp2_common/pico_stdio/stdio.c.obj
                0x100042fc                stdio_init_all
 *fill*         0x10004306        0x2 
 .text.stdio_uart_out_chars
                0x10004308       0x74 CMakeFiles/blink.dir/E_/program/Pico-SDK-v1.5.0/pico-sdk/src/rp2_common/pico_stdio_uart/stdio_uart.c.obj
 .text.stdio_uart_in_chars
                0x1000437c       0x80 CMakeFiles/blink.dir/E_/program/Pico-SDK-v1.5.0/pico-sdk/src/rp2_common/pico_stdio_uart/stdio_uart.c.obj
                0x1000437c                stdio_uart_in_chars
 .text.on_uart_rx
                0x100043fc       0x28 CMakeFiles/blink.dir/E_/program/Pico-SDK-v1.5.0/pico-sdk/src/rp2_common/pico_stdio_uart/stdio_uart.c.obj
 .text.stdio_uart_set_chars_available_callback
                0x10004424       0x8c CMakeFiles/blink.dir/E_/program/Pico-SDK-v1.5.0/pico-sdk/src/rp2_common/pico_stdio_uart/stdio_uart.c.obj
 .text.stdio_uart_init_full
                0x100044b0       0x44 CMakeFiles/blink.dir/E_/program/Pico-SDK-v1.5.0/pico-sdk/src/rp2_common/pico_stdio_uart/stdio_uart.c.obj
                0x100044b0                stdio_uart_init_full
 .text.stdio_uart_init
                0x100044f4       0x28 CMakeFiles/blink.dir/E_/program/Pico-SDK-v1.5.0/pico-sdk/src/rp2_common/pico_stdio_uart/stdio_uart.c.obj
                0x100044f4                stdio_uart_init
 .text.calloc   0x1000451c       0x18 e:/program/pico-sdk-v1.5.0/gcc-arm-none-eabi/bin/../lib/gcc/arm-none-eabi/10.3.1/../../../../arm-none-eabi/lib/thumb/v6-m/nofp\libg.a(lib_a-calloc.o)
                0x1000451c                calloc
 .text._calloc_r
                0x10004534       0x9c e:/program/pico-sdk-v1.5.0/gcc-arm-none-eabi/bin/../lib/gcc/arm-none-eabi/10.3.1/../../../../arm-none-eabi/lib/thumb/v6-m/nofp\libg.a(lib_a-callocr.o)
                0x10004534                _calloc_r
 .text.__errno  0x100045d0        0xc e:/program/pico-sdk-v1.5.0/gcc-arm-none-eabi/bin/../lib/gcc/arm-none-eabi/10.3.1/../../../../arm-none-eabi/lib/thumb/v6-m/nofp\libg.a(lib_a-errno.o)
                0x100045d0                __errno
 .text._malloc_r
                0x100045dc      0x584 e:/program/pico-sdk-v1.5.0/gcc-arm-none-eabi/bin/../lib/gcc/arm-none-eabi/10.3.1/../../../../arm-none-eabi/lib/thumb/v6-m/nofp\libg.a(lib_a-mallocr.o)
                0x100045dc                _malloc_r
 .text.__malloc_lock
                0x10004b60       0x10 e:/program/pico-sdk-v1.5.0/gcc-arm-none-eabi/bin/../lib/gcc/arm-none-eabi/10.3.1/../../../../arm-none-eabi/lib/thumb/v6-m/nofp\libg.a(lib_a-mlock.o)
                0x10004b60                __malloc_lock
 .text.__malloc_unlock
                0x10004b70       0x10 e:/program/pico-sdk-v1.5.0/gcc-arm-none-eabi/bin/../lib/gcc/arm-none-eabi/10.3.1/../../../../arm-none-eabi/lib/thumb/v6-m/nofp\libg.a(lib_a-mlock.o)
                0x10004b70                __malloc_unlock
 .text._sbrk_r  0x10004b80       0x24 e:/program/pico-sdk-v1.5.0/gcc-arm-none-eabi/bin/../lib/gcc/arm-none-eabi/10.3.1/../../../../arm-none-eabi/lib/thumb/v6-m/nofp\libg.a(lib_a-sbrkr.o)
                0x10004b80                _sbrk_r
 .text.strlen   0x10004ba4       0x5c e:/program/pico-sdk-v1.5.0/gcc-arm-none-eabi/bin/../lib/gcc/arm-none-eabi/10.3.1/../../../../arm-none-eabi/lib/thumb/v6-m/nofp\libg.a(lib_a-strlen-stub.o)
                0x10004ba4                strlen
 .text.two_way_long_needle
                0x10004c00      0x288 e:/program/pico-sdk-v1.5.0/gcc-arm-none-eabi/bin/../lib/gcc/arm-none-eabi/10.3.1/../../../../arm-none-eabi/lib/thumb/v6-m/nofp\libg.a(lib_a-strstr.o)
 .text.strstr   0x10004e88      0x174 e:/program/pico-sdk-v1.5.0/gcc-arm-none-eabi/bin/../lib/gcc/arm-none-eabi/10.3.1/../../../../arm-none-eabi/lib/thumb/v6-m/nofp\libg.a(lib_a-strstr.o)
                0x10004e88                strstr
 .text._malloc_trim_r
                0x10004ffc       0x9c e:/program/pico-sdk-v1.5.0/gcc-arm-none-eabi/bin/../lib/gcc/arm-none-eabi/10.3.1/../../../../arm-none-eabi/lib/thumb/v6-m/nofp\libg.a(lib_a-freer.o)
                0x10004ffc                _malloc_trim_r
 .text._free_r  0x10005098      0x1c4 e:/program/pico-sdk-v1.5.0/gcc-arm-none-eabi/bin/../lib/gcc/arm-none-eabi/10.3.1/../../../../arm-none-eabi/lib/thumb/v6-m/nofp\libg.a(lib_a-freer.o)
                0x10005098                _free_r
 .text.__retarget_lock_acquire_recursive
                0x1000525c        0x4 e:/program/pico-sdk-v1.5.0/gcc-arm-none-eabi/bin/../lib/gcc/arm-none-eabi/10.3.1/../../../../arm-none-eabi/lib/thumb/v6-m/nofp\libg.a(lib_a-lock.o)
                0x1000525c                __retarget_lock_acquire_recursive
 .text.__retarget_lock_release_recursive
                0x10005260        0x4 e:/program/pico-sdk-v1.5.0/gcc-arm-none-eabi/bin/../lib/gcc/arm-none-eabi/10.3.1/../../../../arm-none-eabi/lib/thumb/v6-m/nofp\libg.a(lib_a-lock.o)
                0x10005260                __retarget_lock_release_recursive
 .text.memcmp   0x10005264       0x48 e:/program/pico-sdk-v1.5.0/gcc-arm-none-eabi/bin/../lib/gcc/arm-none-eabi/10.3.1/../../../../arm-none-eabi/lib/thumb/v6-m/nofp\libg.a(lib_a-memcmp.o)
                0x10005264                memcmp
 .text.strchr   0x100052ac       0xc0 e:/program/pico-sdk-v1.5.0/gcc-arm-none-eabi/bin/../lib/gcc/arm-none-eabi/10.3.1/../../../../arm-none-eabi/lib/thumb/v6-m/nofp\libg.a(lib_a-strchr.o)
                0x100052ac                strchr
 .text.strnlen  0x1000536c       0x24 e:/program/pico-sdk-v1.5.0/gcc-arm-none-eabi/bin/../lib/gcc/arm-none-eabi/10.3.1/../../../../arm-none-eabi/lib/thumb/v6-m/nofp\libg.a(lib_a-strnlen.o)
                0x1000536c                strnlen
 *(.fini)
 .fini          0x10005390        0x4 e:/program/pico-sdk-v1.5.0/gcc-arm-none-eabi/bin/../lib/gcc/arm-none-eabi/10.3.1/thumb/v6-m/nofp/crti.o
                0x10005390                _fini
 *fill*         0x10005394        0x4 
 .fini.__stub   0x10005398       0x40 linker stubs
 *crtbegin.o(.ctors)
 *crtbegin?.o(.ctors)
 *(EXCLUDE_FILE(*crtend.o *crtend?.o) .ctors)
 *(SORT_BY_NAME(.ctors.*))
 *(.ctors)
 *crtbegin.o(.dtors)
 *crtbegin?.o(.dtors)
 *(EXCLUDE_FILE(*crtend.o *crtend?.o) .dtors)
 *(SORT_BY_NAME(.dtors.*))
 *(.dtors)
 *(.eh_frame*)
 .eh_frame      0x100053d8        0x0 e:/program/pico-sdk-v1.5.0/gcc-arm-none-eabi/bin/../lib/gcc/arm-none-eabi/10.3.1/thumb/v6-m/nofp/crtbegin.o
                0x100053d8                . = ALIGN (0x4)

.glue_7         0x100053d8        0x0
 .glue_7        0x100053d8        0x0 linker stubs

.glue_7t        0x100053d8        0x0
 .glue_7t       0x100053d8        0x0 linker stubs

.vfp11_veneer   0x100053d8        0x0
 .vfp11_veneer  0x100053d8        0x0 linker stubs

.v4_bx          0x100053d8        0x0
 .v4_bx         0x100053d8        0x0 linker stubs

.iplt           0x100053d8        0x0
 .iplt          0x100053d8        0x0 e:/program/pico-sdk-v1.5.0/gcc-arm-none-eabi/bin/../lib/gcc/arm-none-eabi/10.3.1/thumb/v6-m/nofp/crtbegin.o

.rodata         0x100053d8     0x10ec
 *(EXCLUDE_FILE(*libm.a: *libc.a:*lib_a-mem*.o *libgcc.a:) .rodata*)
 .rodata.lora_basic_configuration.str1.4
                0x100053d8       0x21 CMakeFiles/blink.dir/main.c.obj
                                 0x25 (size before relaxing)
 *fill*         0x100053f9        0x3 
 .rodata.connect_lora.str1.4
                0x100053fc       0x95 CMakeFiles/blink.dir/main.c.obj
 *fill*         0x10005491        0x3 
 .rodata.send_message.str1.4
                0x10005494       0xae CMakeFiles/blink.dir/main.c.obj
 *fill*         0x10005542        0x2 
 .rodata.main.str1.4
                0x10005544        0xe CMakeFiles/blink.dir/main.c.obj
 *fill*         0x10005552        0x2 
 .rodata.__func__.0
                0x10005554       0x15 CMakeFiles/blink.dir/main.c.obj
 *fill*         0x10005569        0x3 
 .rodata.make_branch.str1.4
                0x1000556c       0x76 CMakeFiles/blink.dir/E_/program/Pico-SDK-v1.5.0/pico-sdk/src/rp2_common/hardware_irq/irq.c.obj
 *fill*         0x100055e2        0x2 
 .rodata.insert_branch_and_link.str1.4
                0x100055e4       0x10 CMakeFiles/blink.dir/E_/program/Pico-SDK-v1.5.0/pico-sdk/src/rp2_common/hardware_irq/irq.c.obj
 .rodata.irq_set_exclusive_handler.str1.4
                0x100055f4       0x36 CMakeFiles/blink.dir/E_/program/Pico-SDK-v1.5.0/pico-sdk/src/rp2_common/hardware_irq/irq.c.obj
 *fill*         0x1000562a        0x2 
 .rodata.irq_add_shared_handler.str1.4
                0x1000562c       0xd9 CMakeFiles/blink.dir/E_/program/Pico-SDK-v1.5.0/pico-sdk/src/rp2_common/hardware_irq/irq.c.obj
 *fill*         0x10005705        0x3 
 .rodata.irq_remove_handler.str1.4
                0x10005708       0x3a CMakeFiles/blink.dir/E_/program/Pico-SDK-v1.5.0/pico-sdk/src/rp2_common/hardware_irq/irq.c.obj
 *fill*         0x10005742        0x2 
 .rodata.irq_add_tail_to_free_list.str1.4
                0x10005744       0x3a CMakeFiles/blink.dir/E_/program/Pico-SDK-v1.5.0/pico-sdk/src/rp2_common/hardware_irq/irq.c.obj
 *fill*         0x1000577e        0x2 
 .rodata.__func__.0
                0x10005780       0x1a CMakeFiles/blink.dir/E_/program/Pico-SDK-v1.5.0/pico-sdk/src/rp2_common/hardware_irq/irq.c.obj
 *fill*         0x1000579a        0x2 
 .rodata.__func__.1
                0x1000579c       0x17 CMakeFiles/blink.dir/E_/program/Pico-SDK-v1.5.0/pico-sdk/src/rp2_common/hardware_irq/irq.c.obj
 *fill*         0x100057b3        0x1 
 .rodata.__func__.2
                0x100057b4       0x13 CMakeFiles/blink.dir/E_/program/Pico-SDK-v1.5.0/pico-sdk/src/rp2_common/hardware_irq/irq.c.obj
 *fill*         0x100057c7        0x1 
 .rodata.__func__.3
                0x100057c8        0xc CMakeFiles/blink.dir/E_/program/Pico-SDK-v1.5.0/pico-sdk/src/rp2_common/hardware_irq/irq.c.obj
 .rodata.__func__.4
                0x100057d4        0xf CMakeFiles/blink.dir/E_/program/Pico-SDK-v1.5.0/pico-sdk/src/rp2_common/hardware_irq/irq.c.obj
 *fill*         0x100057e3        0x1 
 .rodata.__func__.6
                0x100057e4       0x1a CMakeFiles/blink.dir/E_/program/Pico-SDK-v1.5.0/pico-sdk/src/rp2_common/hardware_irq/irq.c.obj
 *fill*         0x100057fe        0x2 
 .rodata.str1.4
                0x10005800       0x95 CMakeFiles/blink.dir/E_/program/Pico-SDK-v1.5.0/pico-sdk/src/common/pico_sync/mutex.c.obj
                                0x101 (size before relaxing)
 *fill*         0x10005895        0x3 
 .rodata.__func__.1
                0x10005898        0xb CMakeFiles/blink.dir/E_/program/Pico-SDK-v1.5.0/pico-sdk/src/common/pico_sync/mutex.c.obj
 *fill*         0x100058a3        0x1 
 .rodata.__func__.3
                0x100058a4       0x18 CMakeFiles/blink.dir/E_/program/Pico-SDK-v1.5.0/pico-sdk/src/common/pico_sync/mutex.c.obj
 .rodata.repeating_timer_callback.str1.4
                0x100058bc       0x54 CMakeFiles/blink.dir/E_/program/Pico-SDK-v1.5.0/pico-sdk/src/common/pico_time/time.c.obj
 .rodata.timer_pool_entry_comparator.str1.4
                0x10005910       0x22 CMakeFiles/blink.dir/E_/program/Pico-SDK-v1.5.0/pico-sdk/src/common/pico_time/time.c.obj
 *fill*         0x10005932        0x2 
 .rodata.ph_add_child_node.str1.4
                0x10005934       0x9e CMakeFiles/blink.dir/E_/program/Pico-SDK-v1.5.0/pico-sdk/src/common/pico_time/time.c.obj
 *fill*         0x100059d2        0x2 
 .rodata.add_alarm_under_lock.str1.4
                0x100059d4       0x28 CMakeFiles/blink.dir/E_/program/Pico-SDK-v1.5.0/pico-sdk/src/common/pico_time/time.c.obj
                                 0x2b (size before relaxing)
 .rodata.alarm_pool_alarm_callback.str1.4
                0x100059fc       0x98 CMakeFiles/blink.dir/E_/program/Pico-SDK-v1.5.0/pico-sdk/src/common/pico_time/time.c.obj
                                0x104 (size before relaxing)
 .rodata.alarm_pool_get_default.str1.4
                0x10005a94       0x21 CMakeFiles/blink.dir/E_/program/Pico-SDK-v1.5.0/pico-sdk/src/common/pico_time/time.c.obj
 *fill*         0x10005ab5        0x3 
 .rodata.alarm_pool_cancel_alarm.str1.4
                0x10005ab8       0x27 CMakeFiles/blink.dir/E_/program/Pico-SDK-v1.5.0/pico-sdk/src/common/pico_time/time.c.obj
 *fill*         0x10005adf        0x1 
 .rodata.sleep_until.str1.4
                0x10005ae0       0x4d CMakeFiles/blink.dir/E_/program/Pico-SDK-v1.5.0/pico-sdk/src/common/pico_time/time.c.obj
 *fill*         0x10005b2d        0x3 
 .rodata.__func__.1
                0x10005b30       0x18 CMakeFiles/blink.dir/E_/program/Pico-SDK-v1.5.0/pico-sdk/src/common/pico_time/time.c.obj
 .rodata.__func__.10
                0x10005b48       0x15 CMakeFiles/blink.dir/E_/program/Pico-SDK-v1.5.0/pico-sdk/src/common/pico_time/time.c.obj
 *fill*         0x10005b5d        0x3 
 .rodata.__func__.11
                0x10005b60       0x1a CMakeFiles/blink.dir/E_/program/Pico-SDK-v1.5.0/pico-sdk/src/common/pico_time/time.c.obj
 *fill*         0x10005b7a        0x2 
 .rodata.__func__.12
                0x10005b7c        0xa CMakeFiles/blink.dir/E_/program/Pico-SDK-v1.5.0/pico-sdk/src/common/pico_time/time.c.obj
 *fill*         0x10005b86        0x2 
 .rodata.__func__.3
                0x10005b88       0x17 CMakeFiles/blink.dir/E_/program/Pico-SDK-v1.5.0/pico-sdk/src/common/pico_time/time.c.obj
 *fill*         0x10005b9f        0x1 
 .rodata.__func__.4
                0x10005ba0       0x12 CMakeFiles/blink.dir/E_/program/Pico-SDK-v1.5.0/pico-sdk/src/common/pico_time/time.c.obj
 *fill*         0x10005bb2        0x2 
 .rodata.__func__.5
                0x10005bb4        0xd CMakeFiles/blink.dir/E_/program/Pico-SDK-v1.5.0/pico-sdk/src/common/pico_time/time.c.obj
 *fill*         0x10005bc1        0x3 
 .rodata.__func__.6
                0x10005bc4       0x12 CMakeFiles/blink.dir/E_/program/Pico-SDK-v1.5.0/pico-sdk/src/common/pico_time/time.c.obj
 *fill*         0x10005bd6        0x2 
 .rodata.__func__.7
                0x10005bd8        0xf CMakeFiles/blink.dir/E_/program/Pico-SDK-v1.5.0/pico-sdk/src/common/pico_time/time.c.obj
 *fill*         0x10005be7        0x1 
 .rodata.__func__.8
                0x10005be8        0xc CMakeFiles/blink.dir/E_/program/Pico-SDK-v1.5.0/pico-sdk/src/common/pico_time/time.c.obj
 .rodata.__func__.9
                0x10005bf4       0x15 CMakeFiles/blink.dir/E_/program/Pico-SDK-v1.5.0/pico-sdk/src/common/pico_time/time.c.obj
 *fill*         0x10005c09        0x3 
 .rodata.hardware_alarm_claim.str1.4
                0x10005c0c       0x22 CMakeFiles/blink.dir/E_/program/Pico-SDK-v1.5.0/pico-sdk/src/rp2_common/hardware_timer/timer.c.obj
 *fill*         0x10005c2e        0x2 
 .rodata.hardware_alarm_set_target.str1.4
                0x10005c30       0x6e CMakeFiles/blink.dir/E_/program/Pico-SDK-v1.5.0/pico-sdk/src/rp2_common/hardware_timer/timer.c.obj
 *fill*         0x10005c9e        0x2 
 .rodata.__func__.0
                0x10005ca0       0x1a CMakeFiles/blink.dir/E_/program/Pico-SDK-v1.5.0/pico-sdk/src/rp2_common/hardware_timer/timer.c.obj
 .rodata.ph_add_child_node.str1.4
                0x10005cba       0x9e CMakeFiles/blink.dir/E_/program/Pico-SDK-v1.5.0/pico-sdk/src/common/pico_util/pheap.c.obj
 *fill*         0x10005cba        0x2 
 .rodata.ph_remove_any_head.str1.4
                0x10005cbc       0x98 CMakeFiles/blink.dir/E_/program/Pico-SDK-v1.5.0/pico-sdk/src/common/pico_util/pheap.c.obj
                                 0xac (size before relaxing)
 .rodata.ph_remove_and_free_node.str1.4
                0x10005d54       0x1e CMakeFiles/blink.dir/E_/program/Pico-SDK-v1.5.0/pico-sdk/src/common/pico_util/pheap.c.obj
                                 0x26 (size before relaxing)
 *fill*         0x10005d72        0x2 
 .rodata.__func__.0
                0x10005d74       0x18 CMakeFiles/blink.dir/E_/program/Pico-SDK-v1.5.0/pico-sdk/src/common/pico_util/pheap.c.obj
 .rodata.__func__.1
                0x10005d8c       0x13 CMakeFiles/blink.dir/E_/program/Pico-SDK-v1.5.0/pico-sdk/src/common/pico_util/pheap.c.obj
 *fill*         0x10005d9f        0x1 
 .rodata.__func__.2
                0x10005da0       0x12 CMakeFiles/blink.dir/E_/program/Pico-SDK-v1.5.0/pico-sdk/src/common/pico_util/pheap.c.obj
 *fill*         0x10005db2        0x2 
 .rodata.__func__.3
                0x10005db4        0xc CMakeFiles/blink.dir/E_/program/Pico-SDK-v1.5.0/pico-sdk/src/common/pico_util/pheap.c.obj
 .rodata.clock_configure.str1.4
                0x10005dc0       0x60 CMakeFiles/blink.dir/E_/program/Pico-SDK-v1.5.0/pico-sdk/src/rp2_common/hardware_clocks/clocks.c.obj
 .rodata.__func__.1
                0x10005e20       0x10 CMakeFiles/blink.dir/E_/program/Pico-SDK-v1.5.0/pico-sdk/src/rp2_common/hardware_clocks/clocks.c.obj
 .rodata.pll_init.str1.4
                0x10005e30      0x12b CMakeFiles/blink.dir/E_/program/Pico-SDK-v1.5.0/pico-sdk/src/rp2_common/hardware_pll/pll.c.obj
 *fill*         0x10005f5b        0x1 
 .rodata.__func__.0
                0x10005f5c        0x9 CMakeFiles/blink.dir/E_/program/Pico-SDK-v1.5.0/pico-sdk/src/rp2_common/hardware_pll/pll.c.obj
 *fill*         0x10005f65        0x3 
 .rodata.__assert_func.str1.4
                0x10005f68       0x3f CMakeFiles/blink.dir/E_/program/Pico-SDK-v1.5.0/pico-sdk/src/rp2_common/pico_runtime/runtime.c.obj
                                 0x43 (size before relaxing)
 *fill*         0x10005fa7        0x1 
 .rodata.runtime_init.str1.4
                0x10005fa8       0x6a CMakeFiles/blink.dir/E_/program/Pico-SDK-v1.5.0/pico-sdk/src/rp2_common/pico_runtime/runtime.c.obj
 *fill*         0x10006012        0x2 
 .rodata.panic.str1.4
                0x10006014       0x10 CMakeFiles/blink.dir/E_/program/Pico-SDK-v1.5.0/pico-sdk/src/rp2_common/pico_runtime/runtime.c.obj
                                 0x12 (size before relaxing)
 .rodata.__func__.2
                0x10006024        0xd CMakeFiles/blink.dir/E_/program/Pico-SDK-v1.5.0/pico-sdk/src/rp2_common/pico_runtime/runtime.c.obj
 *fill*         0x10006031        0x3 
 .rodata._ftoa.str1.4
                0x10006034       0x15 CMakeFiles/blink.dir/E_/program/Pico-SDK-v1.5.0/pico-sdk/src/rp2_common/pico_printf/printf.c.obj
 *fill*         0x10006049        0x3 
 .rodata._vsnprintf
                0x1000604c      0x1e0 CMakeFiles/blink.dir/E_/program/Pico-SDK-v1.5.0/pico-sdk/src/rp2_common/pico_printf/printf.c.obj
 *fill*         0x1000622c        0x4 
 .rodata.pow10.0
                0x10006230       0x50 CMakeFiles/blink.dir/E_/program/Pico-SDK-v1.5.0/pico-sdk/src/rp2_common/pico_printf/printf.c.obj
 .rodata.missing_double_func_shim.str1.4
                0x10006280       0x18 CMakeFiles/blink.dir/E_/program/Pico-SDK-v1.5.0/pico-sdk/src/rp2_common/pico_double/double_init_rom.c.obj
 .rodata.__aeabi_double_init.str1.4
                0x10006298       0xb1 CMakeFiles/blink.dir/E_/program/Pico-SDK-v1.5.0/pico-sdk/src/rp2_common/pico_double/double_init_rom.c.obj
 *fill*         0x10006349        0x3 
 .rodata.__func__.0
                0x1000634c       0x14 CMakeFiles/blink.dir/E_/program/Pico-SDK-v1.5.0/pico-sdk/src/rp2_common/pico_double/double_init_rom.c.obj
 .rodata.missing_float_func_shim.str1.4
                0x10006360        0x1 CMakeFiles/blink.dir/E_/program/Pico-SDK-v1.5.0/pico-sdk/src/rp2_common/pico_float/float_init_rom.c.obj
 .rodata.__aeabi_float_init.str1.4
                0x10006360       0x83 CMakeFiles/blink.dir/E_/program/Pico-SDK-v1.5.0/pico-sdk/src/rp2_common/pico_float/float_init_rom.c.obj
 *fill*         0x100063e3        0x1 
 .rodata.__func__.0
                0x100063e4       0x13 CMakeFiles/blink.dir/E_/program/Pico-SDK-v1.5.0/pico-sdk/src/rp2_common/pico_float/float_init_rom.c.obj
 *fill*         0x100063f7        0x1 
 .rodata.__wrap_malloc.str1.4
                0x100063f8        0xe CMakeFiles/blink.dir/E_/program/Pico-SDK-v1.5.0/pico-sdk/src/rp2_common/pico_malloc/pico_malloc.c.obj
 *fill*         0x10006406        0x2 
 .rodata.str1.4
                0x10006408       0x3c CMakeFiles/blink.dir/E_/program/Pico-SDK-v1.5.0/pico-sdk/src/rp2_common/pico_standard_link/binary_info.c.obj
 .rodata.__bi_44
                0x10006444        0xc CMakeFiles/blink.dir/E_/program/Pico-SDK-v1.5.0/pico-sdk/src/rp2_common/pico_standard_link/binary_info.c.obj
 .rodata.__bi_75
                0x10006450        0xc CMakeFiles/blink.dir/E_/program/Pico-SDK-v1.5.0/pico-sdk/src/rp2_common/pico_standard_link/binary_info.c.obj
 .rodata.__bi_81
                0x1000645c        0xc CMakeFiles/blink.dir/E_/program/Pico-SDK-v1.5.0/pico-sdk/src/rp2_common/pico_standard_link/binary_info.c.obj
 .rodata.stdout_serialize_begin.str1.4
                0x10006468       0x6a CMakeFiles/blink.dir/E_/program/Pico-SDK-v1.5.0/pico-sdk/src/rp2_common/pico_stdio/stdio.c.obj
 .rodata.__func__.3
                0x10006468       0x15 CMakeFiles/blink.dir/E_/program/Pico-SDK-v1.5.0/pico-sdk/src/rp2_common/pico_stdio/stdio.c.obj
 *fill*         0x1000647d        0x3 
 .rodata.crlf_str.2
                0x10006480        0x2 CMakeFiles/blink.dir/E_/program/Pico-SDK-v1.5.0/pico-sdk/src/rp2_common/pico_stdio/stdio.c.obj
 *fill*         0x10006482        0x2 
 .rodata.str1.4
                0x10006484       0x2c CMakeFiles/blink.dir/E_/program/Pico-SDK-v1.5.0/pico-sdk/src/rp2_common/pico_stdio_uart/stdio_uart.c.obj
 .rodata.__bi_33.4
                0x100064b0        0xc CMakeFiles/blink.dir/E_/program/Pico-SDK-v1.5.0/pico-sdk/src/rp2_common/pico_stdio_uart/stdio_uart.c.obj
 .rodata.__bi_34.5
                0x100064bc        0x8 CMakeFiles/blink.dir/E_/program/Pico-SDK-v1.5.0/pico-sdk/src/rp2_common/pico_stdio_uart/stdio_uart.c.obj
                0x100064c4                . = ALIGN (0x4)
 *(SORT_BY_ALIGNMENT(SORT_BY_NAME(.flashdata*)))
                0x100064c4                . = ALIGN (0x4)

.rel.dyn        0x100064c4        0x0
 .rel.iplt      0x100064c4        0x0 e:/program/pico-sdk-v1.5.0/gcc-arm-none-eabi/bin/../lib/gcc/arm-none-eabi/10.3.1/thumb/v6-m/nofp/crtbegin.o

.ARM.extab
 *(.ARM.extab* .gnu.linkonce.armextab.*)
                0x100064c4                __exidx_start = .

.ARM.exidx
 *(.ARM.exidx* .gnu.linkonce.armexidx.*)
                0x100064c4                __exidx_end = .
                0x100064c4                . = ALIGN (0x4)
                0x100064c4                __binary_info_start = .

.binary_info    0x100064c4       0x24
 *(.binary_info.keep.*)
 .binary_info.keep.__bi_ptr22
                0x100064c4        0x4 CMakeFiles/blink.dir/E_/program/Pico-SDK-v1.5.0/pico-sdk/src/rp2_common/pico_standard_link/binary_info.c.obj
 .binary_info.keep.__bi_ptr30
                0x100064c8        0x4 CMakeFiles/blink.dir/E_/program/Pico-SDK-v1.5.0/pico-sdk/src/rp2_common/pico_standard_link/binary_info.c.obj
 .binary_info.keep.__bi_ptr38
                0x100064cc        0x4 CMakeFiles/blink.dir/E_/program/Pico-SDK-v1.5.0/pico-sdk/src/rp2_common/pico_standard_link/binary_info.c.obj
 .binary_info.keep.__bi_ptr44
                0x100064d0        0x4 CMakeFiles/blink.dir/E_/program/Pico-SDK-v1.5.0/pico-sdk/src/rp2_common/pico_standard_link/binary_info.c.obj
 .binary_info.keep.__bi_ptr50
                0x100064d4        0x4 CMakeFiles/blink.dir/E_/program/Pico-SDK-v1.5.0/pico-sdk/src/rp2_common/pico_standard_link/binary_info.c.obj
 .binary_info.keep.__bi_ptr75
                0x100064d8        0x4 CMakeFiles/blink.dir/E_/program/Pico-SDK-v1.5.0/pico-sdk/src/rp2_common/pico_standard_link/binary_info.c.obj
 .binary_info.keep.__bi_ptr81
                0x100064dc        0x4 CMakeFiles/blink.dir/E_/program/Pico-SDK-v1.5.0/pico-sdk/src/rp2_common/pico_standard_link/binary_info.c.obj
 *(.binary_info.*)
 .binary_info.__bi_ptr33
                0x100064e0        0x4 CMakeFiles/blink.dir/E_/program/Pico-SDK-v1.5.0/pico-sdk/src/rp2_common/pico_stdio_uart/stdio_uart.c.obj
 .binary_info.__bi_ptr34
                0x100064e4        0x4 CMakeFiles/blink.dir/E_/program/Pico-SDK-v1.5.0/pico-sdk/src/rp2_common/pico_stdio_uart/stdio_uart.c.obj
                0x100064e8                __binary_info_end = .
                0x100064e8                . = ALIGN (0x4)
                0x100064e8                __etext = .

.ram_vector_table
                0x20000000       0xc0
 *(.ram_vector_table)
 .ram_vector_table
                0x20000000       0xc0 CMakeFiles/blink.dir/E_/program/Pico-SDK-v1.5.0/pico-sdk/src/rp2_common/pico_runtime/runtime.c.obj
                0x20000000                ram_vector_table

.data           0x200000c0      0xae4 load address 0x100064e8
                0x200000c0                __data_start__ = .
 *(vtable)
 *(.time_critical*)
 .time_critical.mutex_try_enter
                0x200000c0       0x46 CMakeFiles/blink.dir/E_/program/Pico-SDK-v1.5.0/pico-sdk/src/common/pico_sync/mutex.c.obj
                0x200000c0                mutex_try_enter
 *fill*         0x20000106        0x2 
 .time_critical.mutex_enter_block_until
                0x20000108       0x8c CMakeFiles/blink.dir/E_/program/Pico-SDK-v1.5.0/pico-sdk/src/common/pico_sync/mutex.c.obj
                0x20000108                mutex_enter_block_until
 .time_critical.mutex_try_enter_block_until
                0x20000194       0x34 CMakeFiles/blink.dir/E_/program/Pico-SDK-v1.5.0/pico-sdk/src/common/pico_sync/mutex.c.obj
                0x20000194                mutex_try_enter_block_until
 .time_critical.mutex_exit
                0x200001c8       0x4c CMakeFiles/blink.dir/E_/program/Pico-SDK-v1.5.0/pico-sdk/src/common/pico_sync/mutex.c.obj
                0x200001c8                mutex_exit
 *(.text*)
 .text          0x20000214        0x4 e:/program/pico-sdk-v1.5.0/gcc-arm-none-eabi/bin/../lib/gcc/arm-none-eabi/10.3.1/thumb/v6-m/nofp\libgcc.a(_dvmd_tls.o)
                0x20000214                __aeabi_idiv0
                0x20000214                __aeabi_ldiv0
 .text.__stub   0x20000218       0x20 linker stubs
                0x20000238                . = ALIGN (0x4)
 *(.rodata*)
                0x20000238                . = ALIGN (0x4)
 *(.data*)
 .data.u0       0x20000238       0x2c CMakeFiles/blink.dir/uart_irq/uart.c.obj
 .data.u1       0x20000264       0x2c CMakeFiles/blink.dir/uart_irq/uart.c.obj
 .data.striped_spin_lock_num
                0x20000290        0x1 CMakeFiles/blink.dir/E_/program/Pico-SDK-v1.5.0/pico-sdk/src/rp2_common/hardware_sync/sync.c.obj
 *fill*         0x20000291        0x3 
 .data          0x20000294       0x48 CMakeFiles/blink.dir/E_/program/Pico-SDK-v1.5.0/pico-sdk/src/rp2_common/hardware_irq/irq_handler_chain.S.obj
                0x20000294                irq_handler_chain_slots
                0x200002c4                irq_handler_chain_first_slot
                0x200002ce                irq_handler_chain_remove_tail
 .data.default_alarm_pool
                0x200002dc       0x18 CMakeFiles/blink.dir/E_/program/Pico-SDK-v1.5.0/pico-sdk/src/common/pico_time/time.c.obj
 .data.default_alarm_pool_heap
                0x200002f4       0x10 CMakeFiles/blink.dir/E_/program/Pico-SDK-v1.5.0/pico-sdk/src/common/pico_time/time.c.obj
 *fill*         0x20000304        0xc 
 .data.aeabi_bits_funcs
                0x20000310       0x10 CMakeFiles/blink.dir/E_/program/Pico-SDK-v1.5.0/pico-sdk/src/rp2_common/pico_bit_ops/bit_ops_aeabi.S.obj
                0x20000310                aeabi_bits_funcs
                0x20000320                aeabi_bits_funcs_end
 .data.aeabi_mem_funcs
                0x20000320       0x10 CMakeFiles/blink.dir/E_/program/Pico-SDK-v1.5.0/pico-sdk/src/rp2_common/pico_mem_ops/mem_ops_aeabi.S.obj
                0x20000320                aeabi_mem_funcs
                0x20000330                aeabi_mem_funcs_end
 .data.stdio_uart
                0x20000330       0x18 CMakeFiles/blink.dir/E_/program/Pico-SDK-v1.5.0/pico-sdk/src/rp2_common/pico_stdio_uart/stdio_uart.c.obj
                0x20000330                stdio_uart
 .data._impure_ptr
                0x20000348        0x4 e:/program/pico-sdk-v1.5.0/gcc-arm-none-eabi/bin/../lib/gcc/arm-none-eabi/10.3.1/../../../../arm-none-eabi/lib/thumb/v6-m/nofp\libg.a(lib_a-impure.o)
                0x20000348                _impure_ptr
 *fill*         0x2000034c        0x4 
 .data.impure_data
                0x20000350      0x428 e:/program/pico-sdk-v1.5.0/gcc-arm-none-eabi/bin/../lib/gcc/arm-none-eabi/10.3.1/../../../../arm-none-eabi/lib/thumb/v6-m/nofp\libg.a(lib_a-impure.o)
 .data.__malloc_av_
                0x20000778      0x408 e:/program/pico-sdk-v1.5.0/gcc-arm-none-eabi/bin/../lib/gcc/arm-none-eabi/10.3.1/../../../../arm-none-eabi/lib/thumb/v6-m/nofp\libg.a(lib_a-mallocr.o)
                0x20000778                __malloc_av_
 .data.__malloc_sbrk_base
                0x20000b80        0x4 e:/program/pico-sdk-v1.5.0/gcc-arm-none-eabi/bin/../lib/gcc/arm-none-eabi/10.3.1/../../../../arm-none-eabi/lib/thumb/v6-m/nofp\libg.a(lib_a-mallocr.o)
                0x20000b80                __malloc_sbrk_base
 .data.__malloc_trim_threshold
                0x20000b84        0x4 e:/program/pico-sdk-v1.5.0/gcc-arm-none-eabi/bin/../lib/gcc/arm-none-eabi/10.3.1/../../../../arm-none-eabi/lib/thumb/v6-m/nofp\libg.a(lib_a-mallocr.o)
                0x20000b84                __malloc_trim_threshold
                0x20000b88                . = ALIGN (0x4)
 *(.after_data.*)
                0x20000b88                . = ALIGN (0x4)
                0x20000b88                PROVIDE (__mutex_array_start = .)
 *(SORT_BY_NAME(.mutex_array.*))
 *(.mutex_array)
 .mutex_array   0x20000b88        0x8 CMakeFiles/blink.dir/E_/program/Pico-SDK-v1.5.0/pico-sdk/src/rp2_common/pico_stdio/stdio.c.obj
                0x20000b90                PROVIDE (__mutex_array_end = .)
                0x20000b90                . = ALIGN (0x4)
                0x20000b90                PROVIDE (__preinit_array_start = .)
 *(SORT_BY_NAME(.preinit_array.*))
 .preinit_array.00001
                0x20000b90        0x4 CMakeFiles/blink.dir/E_/program/Pico-SDK-v1.5.0/pico-sdk/src/rp2_common/pico_mem_ops/mem_ops_aeabi.S.obj
 .preinit_array.00010
                0x20000b94        0x4 CMakeFiles/blink.dir/E_/program/Pico-SDK-v1.5.0/pico-sdk/src/rp2_common/pico_bit_ops/bit_ops_aeabi.S.obj
 .preinit_array.00020
                0x20000b98        0x4 CMakeFiles/blink.dir/E_/program/Pico-SDK-v1.5.0/pico-sdk/src/rp2_common/pico_double/double_aeabi.S.obj
 .preinit_array.00020
                0x20000b9c        0x4 CMakeFiles/blink.dir/E_/program/Pico-SDK-v1.5.0/pico-sdk/src/rp2_common/pico_float/float_aeabi.S.obj
 *(.preinit_array)
                0x20000ba0                PROVIDE (__preinit_array_end = .)
                0x20000ba0                . = ALIGN (0x4)
                0x20000ba0                PROVIDE (__init_array_start = .)
 *(SORT_BY_NAME(.init_array.*))
 *(.init_array)
 .init_array    0x20000ba0        0x4 e:/program/pico-sdk-v1.5.0/gcc-arm-none-eabi/bin/../lib/gcc/arm-none-eabi/10.3.1/thumb/v6-m/nofp/crtbegin.o
                0x20000ba4                PROVIDE (__init_array_end = .)
                0x20000ba4                . = ALIGN (0x4)
                [!provide]                PROVIDE (__fini_array_start = .)
 *(SORT_BY_NAME(.fini_array.*))
 *(.fini_array)
                [!provide]                PROVIDE (__fini_array_end = .)
 *(.jcr)
                0x20000ba4                . = ALIGN (0x4)
                0x20000ba4                __data_end__ = .

.igot.plt       0x20000ba4        0x0 load address 0x10006fcc
 .igot.plt      0x20000ba4        0x0 e:/program/pico-sdk-v1.5.0/gcc-arm-none-eabi/bin/../lib/gcc/arm-none-eabi/10.3.1/thumb/v6-m/nofp/crtbegin.o

.uninitialized_data
                0x20000ba4        0x0 load address 0x10006fcc
                0x20000ba4                . = ALIGN (0x4)
 *(.uninitialized_data*)

.scratch_x      0x20040000        0x0 load address 0x10006fcc
                0x20040000                __scratch_x_start__ = .
 *(.scratch_x.*)
                0x20040000                . = ALIGN (0x4)
                0x20040000                __scratch_x_end__ = .
                0x10006fcc                __scratch_x_source__ = LOADADDR (.scratch_x)

.scratch_y      0x20041000        0x0 load address 0x10006fcc
                0x20041000                __scratch_y_start__ = .
 *(.scratch_y.*)
                0x20041000                . = ALIGN (0x4)
                0x20041000                __scratch_y_end__ = .
                0x10006fcc                __scratch_y_source__ = LOADADDR (.scratch_y)

.bss            0x20000ba8      0x418
                0x20000ba8                . = ALIGN (0x4)
                0x20000ba8                __bss_start__ = .
 *(SORT_BY_ALIGNMENT(SORT_BY_NAME(.bss*)))
 .bss.default_alarm_pool_entries
                0x20000ba8      0x100 CMakeFiles/blink.dir/E_/program/Pico-SDK-v1.5.0/pico-sdk/src/common/pico_time/time.c.obj
 .bss           0x20000ca8       0x1c e:/program/pico-sdk-v1.5.0/gcc-arm-none-eabi/bin/../lib/gcc/arm-none-eabi/10.3.1/thumb/v6-m/nofp/crtbegin.o
 .bss.__lock___malloc_recursive_mutex
                0x20000cc4        0x1 e:/program/pico-sdk-v1.5.0/gcc-arm-none-eabi/bin/../lib/gcc/arm-none-eabi/10.3.1/../../../../arm-none-eabi/lib/thumb/v6-m/nofp\libg.a(lib_a-lock.o)
                0x20000cc4                __lock___malloc_recursive_mutex
 *fill*         0x20000cc5        0x3 
 .bss.__malloc_current_mallinfo
                0x20000cc8       0x28 e:/program/pico-sdk-v1.5.0/gcc-arm-none-eabi/bin/../lib/gcc/arm-none-eabi/10.3.1/../../../../arm-none-eabi/lib/thumb/v6-m/nofp\libg.a(lib_a-mallocr.o)
                0x20000cc8                __malloc_current_mallinfo
 .bss.__malloc_max_sbrked_mem
                0x20000cf0        0x4 e:/program/pico-sdk-v1.5.0/gcc-arm-none-eabi/bin/../lib/gcc/arm-none-eabi/10.3.1/../../../../arm-none-eabi/lib/thumb/v6-m/nofp\libg.a(lib_a-mallocr.o)
                0x20000cf0                __malloc_max_sbrked_mem
 .bss.__malloc_max_total_mem
                0x20000cf4        0x4 e:/program/pico-sdk-v1.5.0/gcc-arm-none-eabi/bin/../lib/gcc/arm-none-eabi/10.3.1/../../../../arm-none-eabi/lib/thumb/v6-m/nofp\libg.a(lib_a-mallocr.o)
                0x20000cf4                __malloc_max_total_mem
 .bss.__malloc_top_pad
                0x20000cf8        0x4 e:/program/pico-sdk-v1.5.0/gcc-arm-none-eabi/bin/../lib/gcc/arm-none-eabi/10.3.1/../../../../arm-none-eabi/lib/thumb/v6-m/nofp\libg.a(lib_a-mallocr.o)
                0x20000cf8                __malloc_top_pad
 .bss.alarm_callbacks
                0x20000cfc       0x10 CMakeFiles/blink.dir/E_/program/Pico-SDK-v1.5.0/pico-sdk/src/rp2_common/hardware_timer/timer.c.obj
 .bss.chars_available_callback
                0x20000d0c        0x4 CMakeFiles/blink.dir/E_/program/Pico-SDK-v1.5.0/pico-sdk/src/rp2_common/pico_stdio_uart/stdio_uart.c.obj
 .bss.chars_available_param
                0x20000d10        0x4 CMakeFiles/blink.dir/E_/program/Pico-SDK-v1.5.0/pico-sdk/src/rp2_common/pico_stdio_uart/stdio_uart.c.obj
 .bss.configured_freq
                0x20000d14       0x28 CMakeFiles/blink.dir/E_/program/Pico-SDK-v1.5.0/pico-sdk/src/rp2_common/hardware_clocks/clocks.c.obj
 .bss.default_alarm_pool_entry_ids_high
                0x20000d3c       0x10 CMakeFiles/blink.dir/E_/program/Pico-SDK-v1.5.0/pico-sdk/src/common/pico_time/time.c.obj
 .bss.default_alarm_pool_heap_nodes
                0x20000d4c       0x30 CMakeFiles/blink.dir/E_/program/Pico-SDK-v1.5.0/pico-sdk/src/common/pico_time/time.c.obj
 .bss.drivers   0x20000d7c        0x4 CMakeFiles/blink.dir/E_/program/Pico-SDK-v1.5.0/pico-sdk/src/rp2_common/pico_stdio/stdio.c.obj
 .bss.errno     0x20000d80        0x4 e:/program/pico-sdk-v1.5.0/gcc-arm-none-eabi/bin/../lib/gcc/arm-none-eabi/10.3.1/../../../../arm-none-eabi/lib/thumb/v6-m/nofp\libg.a(lib_a-reent.o)
                0x20000d80                errno
 .bss.filter    0x20000d84        0x4 CMakeFiles/blink.dir/E_/program/Pico-SDK-v1.5.0/pico-sdk/src/rp2_common/pico_stdio/stdio.c.obj
 .bss.heap_end.1
                0x20000d88        0x4 CMakeFiles/blink.dir/E_/program/Pico-SDK-v1.5.0/pico-sdk/src/rp2_common/pico_runtime/runtime.c.obj
 .bss.pools     0x20000d8c       0x10 CMakeFiles/blink.dir/E_/program/Pico-SDK-v1.5.0/pico-sdk/src/common/pico_time/time.c.obj
 .bss.sd_table  0x20000d9c      0x100 CMakeFiles/blink.dir/E_/program/Pico-SDK-v1.5.0/pico-sdk/src/rp2_common/pico_double/double_init_rom.c.obj
                0x20000d9c                sd_table
 .bss.sf_clz_func
                0x20000e9c        0x4 CMakeFiles/blink.dir/E_/program/Pico-SDK-v1.5.0/pico-sdk/src/rp2_common/pico_double/double_init_rom.c.obj
                0x20000e9c                sf_clz_func
 .bss.sf_table  0x20000ea0      0x100 CMakeFiles/blink.dir/E_/program/Pico-SDK-v1.5.0/pico-sdk/src/rp2_common/pico_float/float_init_rom.c.obj
                0x20000ea0                sf_table
 .bss.sleep_notifier
                0x20000fa0        0x4 CMakeFiles/blink.dir/E_/program/Pico-SDK-v1.5.0/pico-sdk/src/common/pico_time/time.c.obj
 .bss.target_hi
                0x20000fa4       0x10 CMakeFiles/blink.dir/E_/program/Pico-SDK-v1.5.0/pico-sdk/src/rp2_common/hardware_timer/timer.c.obj
 .bss.uart_char_to_line_feed
                0x20000fb4        0x4 CMakeFiles/blink.dir/E_/program/Pico-SDK-v1.5.0/pico-sdk/src/rp2_common/hardware_uart/uart.c.obj
                0x20000fb4                uart_char_to_line_feed
 .bss.uart_instance
                0x20000fb8        0x4 CMakeFiles/blink.dir/E_/program/Pico-SDK-v1.5.0/pico-sdk/src/rp2_common/pico_stdio_uart/stdio_uart.c.obj
 .bss.claimed   0x20000fbc        0x1 CMakeFiles/blink.dir/E_/program/Pico-SDK-v1.5.0/pico-sdk/src/rp2_common/hardware_timer/timer.c.obj
 .bss.irq_hander_chain_free_slot_head
                0x20000fbd        0x1 CMakeFiles/blink.dir/E_/program/Pico-SDK-v1.5.0/pico-sdk/src/rp2_common/hardware_irq/irq.c.obj
 .bss.timer_callbacks_pending
                0x20000fbe        0x1 CMakeFiles/blink.dir/E_/program/Pico-SDK-v1.5.0/pico-sdk/src/rp2_common/hardware_timer/timer.c.obj
 *(COMMON)
                0x20000fc0                . = ALIGN (0x4)
 *fill*         0x20000fbf        0x1 
                0x20000fc0                __bss_end__ = .

.heap           0x20000fc0      0x800
                0x20000fc0                __end__ = .
                0x20000fc0                end = __end__
 *(.heap*)
 .heap          0x20000fc0      0x800 CMakeFiles/blink.dir/E_/program/Pico-SDK-v1.5.0/pico-sdk/src/rp2_common/pico_standard_link/crt0.S.obj
                0x200017c0                __HeapLimit = .

.stack1_dummy   0x20040000        0x0
 *(.stack1*)

.stack_dummy    0x20041000      0x800
 *(.stack*)
 .stack         0x20041000      0x800 CMakeFiles/blink.dir/E_/program/Pico-SDK-v1.5.0/pico-sdk/src/rp2_common/pico_standard_link/crt0.S.obj

.flash_end      0x10006fcc        0x0
                0x10006fcc                __flash_binary_end = .
                0x20040000                __StackLimit = (ORIGIN (RAM) + LENGTH (RAM))
                0x20041000                __StackOneTop = (ORIGIN (SCRATCH_X) + LENGTH (SCRATCH_X))
                0x20042000                __StackTop = (ORIGIN (SCRATCH_Y) + LENGTH (SCRATCH_Y))
                0x20041000                __StackOneBottom = (__StackOneTop - SIZEOF (.stack1_dummy))
                0x20041800                __StackBottom = (__StackTop - SIZEOF (.stack_dummy))
                0x20042000                PROVIDE (__stack = __StackTop)
                0x00000001                ASSERT ((__StackLimit >= __HeapLimit), region RAM overflowed)
                0x00000001                ASSERT (((__binary_info_header_end - __logical_binary_start) <= 0x100), Binary info must be in first 256 bytes of the binary)
LOAD CMakeFiles/blink.dir/main.c.obj
LOAD CMakeFiles/blink.dir/uart_irq/uart.c.obj
LOAD CMakeFiles/blink.dir/uart_irq/ring_buffer.c.obj
LOAD CMakeFiles/blink.dir/E_/program/Pico-SDK-v1.5.0/pico-sdk/src/rp2_common/pico_stdlib/stdlib.c.obj
LOAD CMakeFiles/blink.dir/E_/program/Pico-SDK-v1.5.0/pico-sdk/src/rp2_common/hardware_gpio/gpio.c.obj
LOAD CMakeFiles/blink.dir/E_/program/Pico-SDK-v1.5.0/pico-sdk/src/rp2_common/pico_platform/platform.c.obj
LOAD CMakeFiles/blink.dir/E_/program/Pico-SDK-v1.5.0/pico-sdk/src/rp2_common/hardware_claim/claim.c.obj
LOAD CMakeFiles/blink.dir/E_/program/Pico-SDK-v1.5.0/pico-sdk/src/rp2_common/hardware_sync/sync.c.obj
LOAD CMakeFiles/blink.dir/E_/program/Pico-SDK-v1.5.0/pico-sdk/src/rp2_common/hardware_irq/irq.c.obj
LOAD CMakeFiles/blink.dir/E_/program/Pico-SDK-v1.5.0/pico-sdk/src/rp2_common/hardware_irq/irq_handler_chain.S.obj
LOAD CMakeFiles/blink.dir/E_/program/Pico-SDK-v1.5.0/pico-sdk/src/common/pico_sync/sem.c.obj
LOAD CMakeFiles/blink.dir/E_/program/Pico-SDK-v1.5.0/pico-sdk/src/common/pico_sync/lock_core.c.obj
LOAD CMakeFiles/blink.dir/E_/program/Pico-SDK-v1.5.0/pico-sdk/src/common/pico_sync/mutex.c.obj
LOAD CMakeFiles/blink.dir/E_/program/Pico-SDK-v1.5.0/pico-sdk/src/common/pico_sync/critical_section.c.obj
LOAD CMakeFiles/blink.dir/E_/program/Pico-SDK-v1.5.0/pico-sdk/src/common/pico_time/time.c.obj
LOAD CMakeFiles/blink.dir/E_/program/Pico-SDK-v1.5.0/pico-sdk/src/common/pico_time/timeout_helper.c.obj
LOAD CMakeFiles/blink.dir/E_/program/Pico-SDK-v1.5.0/pico-sdk/src/rp2_common/hardware_timer/timer.c.obj
LOAD CMakeFiles/blink.dir/E_/program/Pico-SDK-v1.5.0/pico-sdk/src/common/pico_util/datetime.c.obj
LOAD CMakeFiles/blink.dir/E_/program/Pico-SDK-v1.5.0/pico-sdk/src/common/pico_util/pheap.c.obj
LOAD CMakeFiles/blink.dir/E_/program/Pico-SDK-v1.5.0/pico-sdk/src/common/pico_util/queue.c.obj
LOAD CMakeFiles/blink.dir/E_/program/Pico-SDK-v1.5.0/pico-sdk/src/rp2_common/hardware_uart/uart.c.obj
LOAD CMakeFiles/blink.dir/E_/program/Pico-SDK-v1.5.0/pico-sdk/src/rp2_common/hardware_clocks/clocks.c.obj
LOAD CMakeFiles/blink.dir/E_/program/Pico-SDK-v1.5.0/pico-sdk/src/rp2_common/hardware_pll/pll.c.obj
LOAD CMakeFiles/blink.dir/E_/program/Pico-SDK-v1.5.0/pico-sdk/src/rp2_common/hardware_vreg/vreg.c.obj
LOAD CMakeFiles/blink.dir/E_/program/Pico-SDK-v1.5.0/pico-sdk/src/rp2_common/hardware_watchdog/watchdog.c.obj
LOAD CMakeFiles/blink.dir/E_/program/Pico-SDK-v1.5.0/pico-sdk/src/rp2_common/hardware_xosc/xosc.c.obj
LOAD CMakeFiles/blink.dir/E_/program/Pico-SDK-v1.5.0/pico-sdk/src/rp2_common/hardware_divider/divider.S.obj
LOAD CMakeFiles/blink.dir/E_/program/Pico-SDK-v1.5.0/pico-sdk/src/rp2_common/pico_runtime/runtime.c.obj
LOAD CMakeFiles/blink.dir/E_/program/Pico-SDK-v1.5.0/pico-sdk/src/rp2_common/pico_printf/printf.c.obj
LOAD CMakeFiles/blink.dir/E_/program/Pico-SDK-v1.5.0/pico-sdk/src/rp2_common/pico_bit_ops/bit_ops_aeabi.S.obj
LOAD CMakeFiles/blink.dir/E_/program/Pico-SDK-v1.5.0/pico-sdk/src/rp2_common/pico_bootrom/bootrom.c.obj
LOAD CMakeFiles/blink.dir/E_/program/Pico-SDK-v1.5.0/pico-sdk/src/rp2_common/pico_divider/divider.S.obj
LOAD CMakeFiles/blink.dir/E_/program/Pico-SDK-v1.5.0/pico-sdk/src/rp2_common/pico_double/double_aeabi.S.obj
LOAD CMakeFiles/blink.dir/E_/program/Pico-SDK-v1.5.0/pico-sdk/src/rp2_common/pico_double/double_init_rom.c.obj
LOAD CMakeFiles/blink.dir/E_/program/Pico-SDK-v1.5.0/pico-sdk/src/rp2_common/pico_double/double_math.c.obj
LOAD CMakeFiles/blink.dir/E_/program/Pico-SDK-v1.5.0/pico-sdk/src/rp2_common/pico_double/double_v1_rom_shim.S.obj
LOAD CMakeFiles/blink.dir/E_/program/Pico-SDK-v1.5.0/pico-sdk/src/rp2_common/pico_int64_ops/pico_int64_ops_aeabi.S.obj
LOAD CMakeFiles/blink.dir/E_/program/Pico-SDK-v1.5.0/pico-sdk/src/rp2_common/pico_float/float_aeabi.S.obj
LOAD CMakeFiles/blink.dir/E_/program/Pico-SDK-v1.5.0/pico-sdk/src/rp2_common/pico_float/float_init_rom.c.obj
LOAD CMakeFiles/blink.dir/E_/program/Pico-SDK-v1.5.0/pico-sdk/src/rp2_common/pico_float/float_math.c.obj
LOAD CMakeFiles/blink.dir/E_/program/Pico-SDK-v1.5.0/pico-sdk/src/rp2_common/pico_float/float_v1_rom_shim.S.obj
LOAD CMakeFiles/blink.dir/E_/program/Pico-SDK-v1.5.0/pico-sdk/src/rp2_common/pico_malloc/pico_malloc.c.obj
LOAD CMakeFiles/blink.dir/E_/program/Pico-SDK-v1.5.0/pico-sdk/src/rp2_common/pico_mem_ops/mem_ops_aeabi.S.obj
LOAD CMakeFiles/blink.dir/E_/program/Pico-SDK-v1.5.0/pico-sdk/src/rp2_common/pico_standard_link/crt0.S.obj
LOAD CMakeFiles/blink.dir/E_/program/Pico-SDK-v1.5.0/pico-sdk/src/rp2_common/pico_standard_link/new_delete.cpp.obj
LOAD CMakeFiles/blink.dir/E_/program/Pico-SDK-v1.5.0/pico-sdk/src/rp2_common/pico_standard_link/binary_info.c.obj
LOAD CMakeFiles/blink.dir/E_/program/Pico-SDK-v1.5.0/pico-sdk/src/rp2_common/pico_stdio/stdio.c.obj
LOAD CMakeFiles/blink.dir/E_/program/Pico-SDK-v1.5.0/pico-sdk/src/rp2_common/pico_stdio_uart/stdio_uart.c.obj
LOAD C:\Users\zhiyo\AppData\Local\Temp\ccAb4NIW.o
LOAD e:/program/pico-sdk-v1.5.0/gcc-arm-none-eabi/bin/../lib/gcc/arm-none-eabi/10.3.1/../../../../arm-none-eabi/lib/thumb/v6-m/nofp\libstdc++.a
LOAD e:/program/pico-sdk-v1.5.0/gcc-arm-none-eabi/bin/../lib/gcc/arm-none-eabi/10.3.1/../../../../arm-none-eabi/lib/thumb/v6-m/nofp\libm.a
START GROUP
LOAD e:/program/pico-sdk-v1.5.0/gcc-arm-none-eabi/bin/../lib/gcc/arm-none-eabi/10.3.1/thumb/v6-m/nofp\libgcc.a
LOAD e:/program/pico-sdk-v1.5.0/gcc-arm-none-eabi/bin/../lib/gcc/arm-none-eabi/10.3.1/../../../../arm-none-eabi/lib/thumb/v6-m/nofp\libg.a
LOAD e:/program/pico-sdk-v1.5.0/gcc-arm-none-eabi/bin/../lib/gcc/arm-none-eabi/10.3.1/../../../../arm-none-eabi/lib/thumb/v6-m/nofp\libc.a
END GROUP
START GROUP
LOAD e:/program/pico-sdk-v1.5.0/gcc-arm-none-eabi/bin/../lib/gcc/arm-none-eabi/10.3.1/thumb/v6-m/nofp\libgcc.a
LOAD e:/program/pico-sdk-v1.5.0/gcc-arm-none-eabi/bin/../lib/gcc/arm-none-eabi/10.3.1/../../../../arm-none-eabi/lib/thumb/v6-m/nofp\libc.a
LOAD e:/program/pico-sdk-v1.5.0/gcc-arm-none-eabi/bin/../lib/gcc/arm-none-eabi/10.3.1/../../../../arm-none-eabi/lib/thumb/v6-m/nofp\libnosys.a
END GROUP
LOAD e:/program/pico-sdk-v1.5.0/gcc-arm-none-eabi/bin/../lib/gcc/arm-none-eabi/10.3.1/thumb/v6-m/nofp/crtend.o
LOAD e:/program/pico-sdk-v1.5.0/gcc-arm-none-eabi/bin/../lib/gcc/arm-none-eabi/10.3.1/thumb/v6-m/nofp/crtn.o
OUTPUT(blink.elf elf32-littlearm)
LOAD linker stubs

.ARM.attributes
                0x00000000       0x28
 .ARM.attributes
                0x00000000       0x1e e:/program/pico-sdk-v1.5.0/gcc-arm-none-eabi/bin/../lib/gcc/arm-none-eabi/10.3.1/thumb/v6-m/nofp/crti.o
 .ARM.attributes
                0x0000001e       0x2c e:/program/pico-sdk-v1.5.0/gcc-arm-none-eabi/bin/../lib/gcc/arm-none-eabi/10.3.1/thumb/v6-m/nofp/crtbegin.o
 .ARM.attributes
                0x0000004a       0x2c CMakeFiles/blink.dir/main.c.obj
 .ARM.attributes
                0x00000076       0x2c CMakeFiles/blink.dir/uart_irq/uart.c.obj
 .ARM.attributes
                0x000000a2       0x2c CMakeFiles/blink.dir/uart_irq/ring_buffer.c.obj
 .ARM.attributes
                0x000000ce       0x2c CMakeFiles/blink.dir/E_/program/Pico-SDK-v1.5.0/pico-sdk/src/rp2_common/hardware_gpio/gpio.c.obj
 .ARM.attributes
                0x000000fa       0x2c CMakeFiles/blink.dir/E_/program/Pico-SDK-v1.5.0/pico-sdk/src/rp2_common/pico_platform/platform.c.obj
 .ARM.attributes
                0x00000126       0x2c CMakeFiles/blink.dir/E_/program/Pico-SDK-v1.5.0/pico-sdk/src/rp2_common/hardware_claim/claim.c.obj
 .ARM.attributes
                0x00000152       0x2c CMakeFiles/blink.dir/E_/program/Pico-SDK-v1.5.0/pico-sdk/src/rp2_common/hardware_sync/sync.c.obj
 .ARM.attributes
                0x0000017e       0x2c CMakeFiles/blink.dir/E_/program/Pico-SDK-v1.5.0/pico-sdk/src/rp2_common/hardware_irq/irq.c.obj
 .ARM.attributes
                0x000001aa       0x22 CMakeFiles/blink.dir/E_/program/Pico-SDK-v1.5.0/pico-sdk/src/rp2_common/hardware_irq/irq_handler_chain.S.obj
 .ARM.attributes
                0x000001cc       0x2c CMakeFiles/blink.dir/E_/program/Pico-SDK-v1.5.0/pico-sdk/src/common/pico_sync/lock_core.c.obj
 .ARM.attributes
                0x000001f8       0x2c CMakeFiles/blink.dir/E_/program/Pico-SDK-v1.5.0/pico-sdk/src/common/pico_sync/mutex.c.obj
 .ARM.attributes
                0x00000224       0x2c CMakeFiles/blink.dir/E_/program/Pico-SDK-v1.5.0/pico-sdk/src/common/pico_time/time.c.obj
 .ARM.attributes
                0x00000250       0x2c CMakeFiles/blink.dir/E_/program/Pico-SDK-v1.5.0/pico-sdk/src/rp2_common/hardware_timer/timer.c.obj
 .ARM.attributes
                0x0000027c       0x2c CMakeFiles/blink.dir/E_/program/Pico-SDK-v1.5.0/pico-sdk/src/common/pico_util/pheap.c.obj
 .ARM.attributes
                0x000002a8       0x2c CMakeFiles/blink.dir/E_/program/Pico-SDK-v1.5.0/pico-sdk/src/rp2_common/hardware_uart/uart.c.obj
 .ARM.attributes
                0x000002d4       0x2c CMakeFiles/blink.dir/E_/program/Pico-SDK-v1.5.0/pico-sdk/src/rp2_common/hardware_clocks/clocks.c.obj
 .ARM.attributes
                0x00000300       0x2c CMakeFiles/blink.dir/E_/program/Pico-SDK-v1.5.0/pico-sdk/src/rp2_common/hardware_pll/pll.c.obj
 .ARM.attributes
                0x0000032c       0x2c CMakeFiles/blink.dir/E_/program/Pico-SDK-v1.5.0/pico-sdk/src/rp2_common/hardware_watchdog/watchdog.c.obj
 .ARM.attributes
                0x00000358       0x2c CMakeFiles/blink.dir/E_/program/Pico-SDK-v1.5.0/pico-sdk/src/rp2_common/hardware_xosc/xosc.c.obj
 .ARM.attributes
                0x00000384       0x2c CMakeFiles/blink.dir/E_/program/Pico-SDK-v1.5.0/pico-sdk/src/rp2_common/pico_runtime/runtime.c.obj
 .ARM.attributes
                0x000003b0       0x2c CMakeFiles/blink.dir/E_/program/Pico-SDK-v1.5.0/pico-sdk/src/rp2_common/pico_printf/printf.c.obj
 .ARM.attributes
                0x000003dc       0x22 CMakeFiles/blink.dir/E_/program/Pico-SDK-v1.5.0/pico-sdk/src/rp2_common/pico_bit_ops/bit_ops_aeabi.S.obj
 .ARM.attributes
                0x000003fe       0x2c CMakeFiles/blink.dir/E_/program/Pico-SDK-v1.5.0/pico-sdk/src/rp2_common/pico_bootrom/bootrom.c.obj
 .ARM.attributes
                0x0000042a       0x22 CMakeFiles/blink.dir/E_/program/Pico-SDK-v1.5.0/pico-sdk/src/rp2_common/pico_divider/divider.S.obj
 .ARM.attributes
                0x0000044c       0x22 CMakeFiles/blink.dir/E_/program/Pico-SDK-v1.5.0/pico-sdk/src/rp2_common/pico_double/double_aeabi.S.obj
 .ARM.attributes
                0x0000046e       0x2c CMakeFiles/blink.dir/E_/program/Pico-SDK-v1.5.0/pico-sdk/src/rp2_common/pico_double/double_init_rom.c.obj
 .ARM.attributes
                0x0000049a       0x22 CMakeFiles/blink.dir/E_/program/Pico-SDK-v1.5.0/pico-sdk/src/rp2_common/pico_double/double_v1_rom_shim.S.obj
 .ARM.attributes
                0x000004bc       0x22 CMakeFiles/blink.dir/E_/program/Pico-SDK-v1.5.0/pico-sdk/src/rp2_common/pico_int64_ops/pico_int64_ops_aeabi.S.obj
 .ARM.attributes
                0x000004de       0x22 CMakeFiles/blink.dir/E_/program/Pico-SDK-v1.5.0/pico-sdk/src/rp2_common/pico_float/float_aeabi.S.obj
 .ARM.attributes
                0x00000500       0x2c CMakeFiles/blink.dir/E_/program/Pico-SDK-v1.5.0/pico-sdk/src/rp2_common/pico_float/float_init_rom.c.obj
 .ARM.attributes
                0x0000052c       0x2c CMakeFiles/blink.dir/E_/program/Pico-SDK-v1.5.0/pico-sdk/src/rp2_common/pico_malloc/pico_malloc.c.obj
 .ARM.attributes
                0x00000558       0x22 CMakeFiles/blink.dir/E_/program/Pico-SDK-v1.5.0/pico-sdk/src/rp2_common/pico_mem_ops/mem_ops_aeabi.S.obj
 .ARM.attributes
                0x0000057a       0x22 CMakeFiles/blink.dir/E_/program/Pico-SDK-v1.5.0/pico-sdk/src/rp2_common/pico_standard_link/crt0.S.obj
 .ARM.attributes
                0x0000059c       0x2c CMakeFiles/blink.dir/E_/program/Pico-SDK-v1.5.0/pico-sdk/src/rp2_common/pico_standard_link/binary_info.c.obj
 .ARM.attributes
                0x000005c8       0x2c CMakeFiles/blink.dir/E_/program/Pico-SDK-v1.5.0/pico-sdk/src/rp2_common/pico_stdio/stdio.c.obj
 .ARM.attributes
                0x000005f4       0x2c CMakeFiles/blink.dir/E_/program/Pico-SDK-v1.5.0/pico-sdk/src/rp2_common/pico_stdio_uart/stdio_uart.c.obj
 .ARM.attributes
                0x00000620       0x22 C:\Users\zhiyo\AppData\Local\Temp\ccAb4NIW.o
 .ARM.attributes
                0x00000642       0x1e e:/program/pico-sdk-v1.5.0/gcc-arm-none-eabi/bin/../lib/gcc/arm-none-eabi/10.3.1/thumb/v6-m/nofp\libgcc.a(_dvmd_tls.o)
 .ARM.attributes
                0x00000660       0x2c e:/program/pico-sdk-v1.5.0/gcc-arm-none-eabi/bin/../lib/gcc/arm-none-eabi/10.3.1/../../../../arm-none-eabi/lib/thumb/v6-m/nofp\libg.a(lib_a-calloc.o)
 .ARM.attributes
                0x0000068c       0x2c e:/program/pico-sdk-v1.5.0/gcc-arm-none-eabi/bin/../lib/gcc/arm-none-eabi/10.3.1/../../../../arm-none-eabi/lib/thumb/v6-m/nofp\libg.a(lib_a-callocr.o)
 .ARM.attributes
                0x000006b8       0x2c e:/program/pico-sdk-v1.5.0/gcc-arm-none-eabi/bin/../lib/gcc/arm-none-eabi/10.3.1/../../../../arm-none-eabi/lib/thumb/v6-m/nofp\libg.a(lib_a-errno.o)
 .ARM.attributes
                0x000006e4       0x2c e:/program/pico-sdk-v1.5.0/gcc-arm-none-eabi/bin/../lib/gcc/arm-none-eabi/10.3.1/../../../../arm-none-eabi/lib/thumb/v6-m/nofp\libg.a(lib_a-impure.o)
 .ARM.attributes
                0x00000710       0x2c e:/program/pico-sdk-v1.5.0/gcc-arm-none-eabi/bin/../lib/gcc/arm-none-eabi/10.3.1/../../../../arm-none-eabi/lib/thumb/v6-m/nofp\libg.a(lib_a-mallocr.o)
 .ARM.attributes
                0x0000073c       0x2c e:/program/pico-sdk-v1.5.0/gcc-arm-none-eabi/bin/../lib/gcc/arm-none-eabi/10.3.1/../../../../arm-none-eabi/lib/thumb/v6-m/nofp\libg.a(lib_a-mlock.o)
 .ARM.attributes
                0x00000768       0x2c e:/program/pico-sdk-v1.5.0/gcc-arm-none-eabi/bin/../lib/gcc/arm-none-eabi/10.3.1/../../../../arm-none-eabi/lib/thumb/v6-m/nofp\libg.a(lib_a-sbrkr.o)
 .ARM.attributes
                0x00000794       0x2c e:/program/pico-sdk-v1.5.0/gcc-arm-none-eabi/bin/../lib/gcc/arm-none-eabi/10.3.1/../../../../arm-none-eabi/lib/thumb/v6-m/nofp\libg.a(lib_a-strlen-stub.o)
 .ARM.attributes
                0x000007c0       0x2c e:/program/pico-sdk-v1.5.0/gcc-arm-none-eabi/bin/../lib/gcc/arm-none-eabi/10.3.1/../../../../arm-none-eabi/lib/thumb/v6-m/nofp\libg.a(lib_a-strstr.o)
 .ARM.attributes
                0x000007ec       0x2c e:/program/pico-sdk-v1.5.0/gcc-arm-none-eabi/bin/../lib/gcc/arm-none-eabi/10.3.1/../../../../arm-none-eabi/lib/thumb/v6-m/nofp\libg.a(lib_a-freer.o)
 .ARM.attributes
                0x00000818       0x2c e:/program/pico-sdk-v1.5.0/gcc-arm-none-eabi/bin/../lib/gcc/arm-none-eabi/10.3.1/../../../../arm-none-eabi/lib/thumb/v6-m/nofp\libg.a(lib_a-lock.o)
 .ARM.attributes
                0x00000844       0x2c e:/program/pico-sdk-v1.5.0/gcc-arm-none-eabi/bin/../lib/gcc/arm-none-eabi/10.3.1/../../../../arm-none-eabi/lib/thumb/v6-m/nofp\libg.a(lib_a-memcmp.o)
 .ARM.attributes
                0x00000870       0x2c e:/program/pico-sdk-v1.5.0/gcc-arm-none-eabi/bin/../lib/gcc/arm-none-eabi/10.3.1/../../../../arm-none-eabi/lib/thumb/v6-m/nofp\libg.a(lib_a-reent.o)
 .ARM.attributes
                0x0000089c       0x2c e:/program/pico-sdk-v1.5.0/gcc-arm-none-eabi/bin/../lib/gcc/arm-none-eabi/10.3.1/../../../../arm-none-eabi/lib/thumb/v6-m/nofp\libg.a(lib_a-strchr.o)
 .ARM.attributes
                0x000008c8       0x2c e:/program/pico-sdk-v1.5.0/gcc-arm-none-eabi/bin/../lib/gcc/arm-none-eabi/10.3.1/../../../../arm-none-eabi/lib/thumb/v6-m/nofp\libg.a(lib_a-strnlen.o)

.comment        0x00000000       0x49
 .comment       0x00000000       0x49 CMakeFiles/blink.dir/main.c.obj
                                 0x4a (size before relaxing)
 .comment       0x00000049       0x4a CMakeFiles/blink.dir/uart_irq/uart.c.obj
 .comment       0x00000049       0x4a CMakeFiles/blink.dir/uart_irq/ring_buffer.c.obj
 .comment       0x00000049       0x4a CMakeFiles/blink.dir/E_/program/Pico-SDK-v1.5.0/pico-sdk/src/rp2_common/hardware_gpio/gpio.c.obj
 .comment       0x00000049       0x4a CMakeFiles/blink.dir/E_/program/Pico-SDK-v1.5.0/pico-sdk/src/rp2_common/pico_platform/platform.c.obj
 .comment       0x00000049       0x4a CMakeFiles/blink.dir/E_/program/Pico-SDK-v1.5.0/pico-sdk/src/rp2_common/hardware_claim/claim.c.obj
 .comment       0x00000049       0x4a CMakeFiles/blink.dir/E_/program/Pico-SDK-v1.5.0/pico-sdk/src/rp2_common/hardware_sync/sync.c.obj
 .comment       0x00000049       0x4a CMakeFiles/blink.dir/E_/program/Pico-SDK-v1.5.0/pico-sdk/src/rp2_common/hardware_irq/irq.c.obj
 .comment       0x00000049       0x4a CMakeFiles/blink.dir/E_/program/Pico-SDK-v1.5.0/pico-sdk/src/common/pico_sync/lock_core.c.obj
 .comment       0x00000049       0x4a CMakeFiles/blink.dir/E_/program/Pico-SDK-v1.5.0/pico-sdk/src/common/pico_sync/mutex.c.obj
 .comment       0x00000049       0x4a CMakeFiles/blink.dir/E_/program/Pico-SDK-v1.5.0/pico-sdk/src/common/pico_time/time.c.obj
 .comment       0x00000049       0x4a CMakeFiles/blink.dir/E_/program/Pico-SDK-v1.5.0/pico-sdk/src/rp2_common/hardware_timer/timer.c.obj
 .comment       0x00000049       0x4a CMakeFiles/blink.dir/E_/program/Pico-SDK-v1.5.0/pico-sdk/src/common/pico_util/pheap.c.obj
 .comment       0x00000049       0x4a CMakeFiles/blink.dir/E_/program/Pico-SDK-v1.5.0/pico-sdk/src/rp2_common/hardware_uart/uart.c.obj
 .comment       0x00000049       0x4a CMakeFiles/blink.dir/E_/program/Pico-SDK-v1.5.0/pico-sdk/src/rp2_common/hardware_clocks/clocks.c.obj
 .comment       0x00000049       0x4a CMakeFiles/blink.dir/E_/program/Pico-SDK-v1.5.0/pico-sdk/src/rp2_common/hardware_pll/pll.c.obj
 .comment       0x00000049       0x4a CMakeFiles/blink.dir/E_/program/Pico-SDK-v1.5.0/pico-sdk/src/rp2_common/hardware_watchdog/watchdog.c.obj
 .comment       0x00000049       0x4a CMakeFiles/blink.dir/E_/program/Pico-SDK-v1.5.0/pico-sdk/src/rp2_common/hardware_xosc/xosc.c.obj
 .comment       0x00000049       0x4a CMakeFiles/blink.dir/E_/program/Pico-SDK-v1.5.0/pico-sdk/src/rp2_common/pico_runtime/runtime.c.obj
 .comment       0x00000049       0x4a CMakeFiles/blink.dir/E_/program/Pico-SDK-v1.5.0/pico-sdk/src/rp2_common/pico_printf/printf.c.obj
 .comment       0x00000049       0x4a CMakeFiles/blink.dir/E_/program/Pico-SDK-v1.5.0/pico-sdk/src/rp2_common/pico_bootrom/bootrom.c.obj
 .comment       0x00000049       0x4a CMakeFiles/blink.dir/E_/program/Pico-SDK-v1.5.0/pico-sdk/src/rp2_common/pico_double/double_init_rom.c.obj
 .comment       0x00000049       0x4a CMakeFiles/blink.dir/E_/program/Pico-SDK-v1.5.0/pico-sdk/src/rp2_common/pico_float/float_init_rom.c.obj
 .comment       0x00000049       0x4a CMakeFiles/blink.dir/E_/program/Pico-SDK-v1.5.0/pico-sdk/src/rp2_common/pico_malloc/pico_malloc.c.obj
 .comment       0x00000049       0x4a CMakeFiles/blink.dir/E_/program/Pico-SDK-v1.5.0/pico-sdk/src/rp2_common/pico_standard_link/binary_info.c.obj
 .comment       0x00000049       0x4a CMakeFiles/blink.dir/E_/program/Pico-SDK-v1.5.0/pico-sdk/src/rp2_common/pico_stdio/stdio.c.obj
 .comment       0x00000049       0x4a CMakeFiles/blink.dir/E_/program/Pico-SDK-v1.5.0/pico-sdk/src/rp2_common/pico_stdio_uart/stdio_uart.c.obj

.debug_info     0x00000000    0x16e0a
 .debug_info    0x00000000      0x9b5 CMakeFiles/blink.dir/main.c.obj
 .debug_info    0x000009b5      0xd4c CMakeFiles/blink.dir/uart_irq/uart.c.obj
 .debug_info    0x00001701      0x312 CMakeFiles/blink.dir/uart_irq/ring_buffer.c.obj
 .debug_info    0x00001a13     0x16d8 CMakeFiles/blink.dir/E_/program/Pico-SDK-v1.5.0/pico-sdk/src/rp2_common/hardware_gpio/gpio.c.obj
 .debug_info    0x000030eb      0x1e3 CMakeFiles/blink.dir/E_/program/Pico-SDK-v1.5.0/pico-sdk/src/rp2_common/pico_platform/platform.c.obj
 .debug_info    0x000032ce      0x6bc CMakeFiles/blink.dir/E_/program/Pico-SDK-v1.5.0/pico-sdk/src/rp2_common/hardware_claim/claim.c.obj
 .debug_info    0x0000398a      0x58e CMakeFiles/blink.dir/E_/program/Pico-SDK-v1.5.0/pico-sdk/src/rp2_common/hardware_sync/sync.c.obj
 .debug_info    0x00003f18     0x1c9c CMakeFiles/blink.dir/E_/program/Pico-SDK-v1.5.0/pico-sdk/src/rp2_common/hardware_irq/irq.c.obj
 .debug_info    0x00005bb4      0x1a4 CMakeFiles/blink.dir/E_/program/Pico-SDK-v1.5.0/pico-sdk/src/common/pico_sync/lock_core.c.obj
 .debug_info    0x00005d58     0x20d3 CMakeFiles/blink.dir/E_/program/Pico-SDK-v1.5.0/pico-sdk/src/common/pico_sync/mutex.c.obj
 .debug_info    0x00007e2b     0x4066 CMakeFiles/blink.dir/E_/program/Pico-SDK-v1.5.0/pico-sdk/src/common/pico_time/time.c.obj
 .debug_info    0x0000be91     0x13ee CMakeFiles/blink.dir/E_/program/Pico-SDK-v1.5.0/pico-sdk/src/rp2_common/hardware_timer/timer.c.obj
 .debug_info    0x0000d27f     0x123b CMakeFiles/blink.dir/E_/program/Pico-SDK-v1.5.0/pico-sdk/src/common/pico_util/pheap.c.obj
 .debug_info    0x0000e4ba      0xb65 CMakeFiles/blink.dir/E_/program/Pico-SDK-v1.5.0/pico-sdk/src/rp2_common/hardware_uart/uart.c.obj
 .debug_info    0x0000f01f      0xf8d CMakeFiles/blink.dir/E_/program/Pico-SDK-v1.5.0/pico-sdk/src/rp2_common/hardware_clocks/clocks.c.obj
 .debug_info    0x0000ffac      0x51b CMakeFiles/blink.dir/E_/program/Pico-SDK-v1.5.0/pico-sdk/src/rp2_common/hardware_pll/pll.c.obj
 .debug_info    0x000104c7      0x4ee CMakeFiles/blink.dir/E_/program/Pico-SDK-v1.5.0/pico-sdk/src/rp2_common/hardware_watchdog/watchdog.c.obj
 .debug_info    0x000109b5      0x1d8 CMakeFiles/blink.dir/E_/program/Pico-SDK-v1.5.0/pico-sdk/src/rp2_common/hardware_xosc/xosc.c.obj
 .debug_info    0x00010b8d     0x1028 CMakeFiles/blink.dir/E_/program/Pico-SDK-v1.5.0/pico-sdk/src/rp2_common/pico_runtime/runtime.c.obj