Archive member included to satisfy reference by file (symbol)

e:/program/pico-sdk-v1.5.0/gcc-arm-none-eabi/bin/../lib/gcc/arm-none-eabi/10.3.1/thumb/v6-m/nofp\libgcc.a(_dvmd_tls.o)
                              CMakeFiles/blink.dir/E_/program/Pico-SDK-v1.5.0/pico-sdk/src/rp2_common/pico_divider/divider.S.obj (__aeabi_idiv0)
e:/program/pico-sdk-v1.5.0/gcc-arm-none-eabi/bin/../lib/gcc/arm-none-eabi/10.3.1/../../../../arm-none-eabi/lib/thumb/v6-m/nofp\libg.a(lib_a-calloc.o)
                              CMakeFiles/blink.dir/E_/program/Pico-SDK-v1.5.0/pico-sdk/src/rp2_common/pico_malloc/pico_malloc.c.obj (calloc)
e:/program/pico-sdk-v1.5.0/gcc-arm-none-eabi/bin/../lib/gcc/arm-none-eabi/10.3.1/../../../../arm-none-eabi/lib/thumb/v6-m/nofp\libg.a(lib_a-callocr.o)
                              e:/program/pico-sdk-v1.5.0/gcc-arm-none-eabi/bin/../lib/gcc/arm-none-eabi/10.3.1/../../../../arm-none-eabi/lib/thumb/v6-m/nofp\libg.a(lib_a-calloc.o) (_calloc_r)
e:/program/pico-sdk-v1.5.0/gcc-arm-none-eabi/bin/../lib/gcc/arm-none-eabi/10.3.1/../../../../arm-none-eabi/lib/thumb/v6-m/nofp\libg.a(lib_a-errno.o)
                              e:/program/pico-sdk-v1.5.0/gcc-arm-none-eabi/bin/../lib/gcc/arm-none-eabi/10.3.1/../../../../arm-none-eabi/lib/thumb/v6-m/nofp\libg.a(lib_a-callocr.o) (__errno)
e:/program/pico-sdk-v1.5.0/gcc-arm-none-eabi/bin/../lib/gcc/arm-none-eabi/10.3.1/../../../../arm-none-eabi/lib/thumb/v6-m/nofp\libg.a(lib_a-fgets.o)
                              CMakeFiles/blink.dir/main.c.obj (fgets)
e:/program/pico-sdk-v1.5.0/gcc-arm-none-eabi/bin/../lib/gcc/arm-none-eabi/10.3.1/../../../../arm-none-eabi/lib/thumb/v6-m/nofp\libg.a(lib_a-findfp.o)
                              e:/program/pico-sdk-v1.5.0/gcc-arm-none-eabi/bin/../lib/gcc/arm-none-eabi/10.3.1/../../../../arm-none-eabi/lib/thumb/v6-m/nofp\libg.a(lib_a-fgets.o) (__sinit)
e:/program/pico-sdk-v1.5.0/gcc-arm-none-eabi/bin/../lib/gcc/arm-none-eabi/10.3.1/../../../../arm-none-eabi/lib/thumb/v6-m/nofp\libg.a(lib_a-fwalk.o)
                              e:/program/pico-sdk-v1.5.0/gcc-arm-none-eabi/bin/../lib/gcc/arm-none-eabi/10.3.1/../../../../arm-none-eabi/lib/thumb/v6-m/nofp\libg.a(lib_a-findfp.o) (_fwalk)
e:/program/pico-sdk-v1.5.0/gcc-arm-none-eabi/bin/../lib/gcc/arm-none-eabi/10.3.1/../../../../arm-none-eabi/lib/thumb/v6-m/nofp\libg.a(lib_a-fwrite.o)
                              CMakeFiles/blink.dir/main.c.obj (fwrite)
e:/program/pico-sdk-v1.5.0/gcc-arm-none-eabi/bin/../lib/gcc/arm-none-eabi/10.3.1/../../../../arm-none-eabi/lib/thumb/v6-m/nofp\libg.a(lib_a-impure.o)
                              e:/program/pico-sdk-v1.5.0/gcc-arm-none-eabi/bin/../lib/gcc/arm-none-eabi/10.3.1/../../../../arm-none-eabi/lib/thumb/v6-m/nofp\libg.a(lib_a-findfp.o) (_global_impure_ptr)
e:/program/pico-sdk-v1.5.0/gcc-arm-none-eabi/bin/../lib/gcc/arm-none-eabi/10.3.1/../../../../arm-none-eabi/lib/thumb/v6-m/nofp\libg.a(lib_a-init.o)
                              e:/program/pico-sdk-v1.5.0/gcc-arm-none-eabi/bin/../lib/gcc/arm-none-eabi/10.3.1/../../../../arm-none-eabi/lib/thumb/v6-m/nofp/crt0.o (__libc_init_array)
e:/program/pico-sdk-v1.5.0/gcc-arm-none-eabi/bin/../lib/gcc/arm-none-eabi/10.3.1/../../../../arm-none-eabi/lib/thumb/v6-m/nofp\libg.a(lib_a-lock.o)
                              e:/program/pico-sdk-v1.5.0/gcc-arm-none-eabi/bin/../lib/gcc/arm-none-eabi/10.3.1/../../../../arm-none-eabi/lib/thumb/v6-m/nofp\libg.a(lib_a-findfp.o) (__retarget_lock_init_recursive)
e:/program/pico-sdk-v1.5.0/gcc-arm-none-eabi/bin/../lib/gcc/arm-none-eabi/10.3.1/../../../../arm-none-eabi/lib/thumb/v6-m/nofp\libg.a(lib_a-malloc.o)
                              CMakeFiles/blink.dir/E_/program/Pico-SDK-v1.5.0/pico-sdk/src/rp2_common/pico_malloc/pico_malloc.c.obj (malloc)
e:/program/pico-sdk-v1.5.0/gcc-arm-none-eabi/bin/../lib/gcc/arm-none-eabi/10.3.1/../../../../arm-none-eabi/lib/thumb/v6-m/nofp\libg.a(lib_a-mallocr.o)
                              e:/program/pico-sdk-v1.5.0/gcc-arm-none-eabi/bin/../lib/gcc/arm-none-eabi/10.3.1/../../../../arm-none-eabi/lib/thumb/v6-m/nofp\libg.a(lib_a-callocr.o) (_malloc_r)
e:/program/pico-sdk-v1.5.0/gcc-arm-none-eabi/bin/../lib/gcc/arm-none-eabi/10.3.1/../../../../arm-none-eabi/lib/thumb/v6-m/nofp\libg.a(lib_a-memchr-stub.o)
                              e:/program/pico-sdk-v1.5.0/gcc-arm-none-eabi/bin/../lib/gcc/arm-none-eabi/10.3.1/../../../../arm-none-eabi/lib/thumb/v6-m/nofp\libg.a(lib_a-fgets.o) (memchr)
e:/program/pico-sdk-v1.5.0/gcc-arm-none-eabi/bin/../lib/gcc/arm-none-eabi/10.3.1/../../../../arm-none-eabi/lib/thumb/v6-m/nofp\libg.a(lib_a-mlock.o)
                              e:/program/pico-sdk-v1.5.0/gcc-arm-none-eabi/bin/../lib/gcc/arm-none-eabi/10.3.1/../../../../arm-none-eabi/lib/thumb/v6-m/nofp\libg.a(lib_a-mallocr.o) (__malloc_lock)
e:/program/pico-sdk-v1.5.0/gcc-arm-none-eabi/bin/../lib/gcc/arm-none-eabi/10.3.1/../../../../arm-none-eabi/lib/thumb/v6-m/nofp\libg.a(lib_a-realloc.o)
[...]
Memory Configuration

Name             Origin             Length             Attributes
FLASH            0x10000000         0x00200000         xr
RAM              0x20000000         0x00040000         xrw
SCRATCH_X        0x20040000         0x00001000         xrw
SCRATCH_Y        0x20041000         0x00001000         xrw
*default*        0x00000000         0xffffffff

Linker script and memory map

LOAD e:/program/pico-sdk-v1.5.0/gcc-arm-none-eabi/bin/../lib/gcc/arm-none-eabi/10.3.1/thumb/v6-m/nofp/crti.o
LOAD e:/program/pico-sdk-v1.5.0/gcc-arm-none-eabi/bin/../lib/gcc/arm-none-eabi/10.3.1/thumb/v6-m/nofp/crtbegin.o
LOAD e:/program/pico-sdk-v1.5.0/gcc-arm-none-eabi/bin/../lib/gcc/arm-none-eabi/10.3.1/../../../../arm-none-eabi/lib/thumb/v6-m/nofp/crt0.o

.flash_begin    0x10000000        0x0
                0x10000000                __flash_binary_start = .

.boot2          0x10000000      0x100
                0x10000000                __boot2_start__ = .
 *(.boot2)
 .boot2         0x10000000      0x100 C:\Users\zhiyo\AppData\Local\Temp\cceQ7aCp.o
                0x10000100                __boot2_end__ = .
                0x00000001                ASSERT (((__boot2_end__ - __boot2_start__) == 0x100), ERROR: Pico second stage bootloader must be 256 bytes in size)

.text           0x10000100     0xa860
                0x10000100                __logical_binary_start = .
 *(.vectors)
 .vectors       0x10000100       0xd4 CMakeFiles/blink.dir/E_/program/Pico-SDK-v1.5.0/pico-sdk/src/rp2_common/pico_standard_link/crt0.S.obj
                0x10000100                __VECTOR_TABLE
                0x10000100                __vectors
                0x100001c0                isr_invalid
                0x100001c0                __default_isrs_start
                0x100001c2                isr_nmi
                0x100001c4                isr_hardfault
                0x100001c6                isr_svcall
                0x100001c8                isr_pendsv
                0x100001ca                isr_systick
                0x100001cc                isr_irq23
                0x100001cc                isr_irq18
                0x100001cc                isr_irq11
                0x100001cc                isr_irq28
                0x100001cc                isr_irq19
                0x100001cc                isr_irq0
                0x100001cc                isr_irq6
                0x100001cc                isr_irq5
                0x100001cc                isr_irq12
                0x100001cc                isr_irq22
                0x100001cc                isr_irq31
                0x100001cc                isr_irq17
                0x100001cc                isr_irq27
                0x100001cc                isr_irq30
                0x100001cc                isr_irq2
                0x100001cc                isr_irq10
                0x100001cc                isr_irq8
                0x100001cc                isr_irq24
                0x100001cc                isr_irq1
                0x100001cc                isr_irq7
                0x100001cc                isr_irq21
                0x100001cc                isr_irq20
                0x100001cc                isr_irq15
                0x100001cc                isr_irq25
                0x100001cc                isr_irq13
                0x100001cc                __unhandled_user_irq
                0x100001cc                isr_irq4
                0x100001cc                isr_irq16
                0x100001cc                isr_irq29
                0x100001cc                isr_irq26
                0x100001cc                __default_isrs_end
                0x100001cc                isr_irq3
                0x100001cc                isr_irq14
                0x100001cc                isr_irq9
                0x100001d2                unhandled_user_irq_num_in_r0
 *(.binary_info_header)
 .binary_info_header
                0x100001d4       0x14 CMakeFiles/blink.dir/E_/program/Pico-SDK-v1.5.0/pico-sdk/src/rp2_common/pico_standard_link/crt0.S.obj
                0x100001e8                __binary_info_header_end = .
 *(.reset)
 .reset         0x100001e8       0xa0 CMakeFiles/blink.dir/E_/program/Pico-SDK-v1.5.0/pico-sdk/src/rp2_common/pico_standard_link/crt0.S.obj
                0x100001e8                _entry_point
 .reset         0x10000288       0x30 CMakeFiles/blink.dir/E_/program/Pico-SDK-v1.5.0/pico-sdk/src/rp2_common/pico_standard_link/binary_info.c.obj
 *(.init)
 .init          0x100002b8        0x4 e:/program/pico-sdk-v1.5.0/gcc-arm-none-eabi/bin/../lib/gcc/arm-none-eabi/10.3.1/thumb/v6-m/nofp/crti.o
                0x100002b8                _init
 *(EXCLUDE_FILE(*libm.a: *libc.a:*lib_a-mem*.o *libgcc.a:) .text*)
 .text          0x100002bc       0x48 e:/program/pico-sdk-v1.5.0/gcc-arm-none-eabi/bin/../lib/gcc/arm-none-eabi/10.3.1/thumb/v6-m/nofp/crtbegin.o
 .text.change_line_to_end_symbol
                0x10000304       0x40 CMakeFiles/blink.dir/main.c.obj
                0x10000304                change_line_to_end_symbol
 .text.is_number
                0x10000344       0x54 CMakeFiles/blink.dir/main.c.obj
                0x10000344                is_number
 .text.judge_common_run_N
                0x10000398       0x60 CMakeFiles/blink.dir/main.c.obj
                0x10000398                judge_common_run_N
 .text.read_str_by_fg
                0x100003f8       0x2c CMakeFiles/blink.dir/main.c.obj
                0x100003f8                read_str_by_fg
 .text.init_gpio
                0x10000424       0x34 CMakeFiles/blink.dir/main.c.obj
                0x10000424                init_gpio
 .text.next_step_for_direction
                0x10000458       0x2c CMakeFiles/blink.dir/main.c.obj
                0x10000458                next_step_for_direction
 .text.rotary   0x10000484       0x80 CMakeFiles/blink.dir/main.c.obj
                0x10000484                rotary
 .text.perform_rotation_steps
                0x10000504       0x38 CMakeFiles/blink.dir/main.c.obj
                0x10000504                perform_rotation_steps
 .text.calibrate_motor_step_count
                0x1000053c       0x74 CMakeFiles/blink.dir/main.c.obj
                0x1000053c                calibrate_motor_step_count
 .text.get_status
                0x100005b0       0x34 CMakeFiles/blink.dir/main.c.obj
                0x100005b0                get_status
 .text.perform_calib
                0x100005e4       0x56 CMakeFiles/blink.dir/main.c.obj
                0x100005e4                perform_calib
 .text.init_gpios
                0x1000063a       0x36 CMakeFiles/blink.dir/main.c.obj
                0x1000063a                init_gpios
 .text.read_common
                0x10000670       0x2c CMakeFiles/blink.dir/main.c.obj
                0x10000670                read_common
 .text.main     0x1000069c       0xe4 CMakeFiles/blink.dir/main.c.obj
                0x1000069c                main
 .text.gpio_set_function
                0x10000780       0x30 CMakeFiles/blink.dir/E_/program/Pico-SDK-v1.5.0/pico-sdk/src/rp2_common/hardware_gpio/gpio.c.obj
                0x10000780                gpio_set_function
 .text.gpio_set_pulls
                0x100007b0       0x34 CMakeFiles/blink.dir/E_/program/Pico-SDK-v1.5.0/pico-sdk/src/rp2_common/hardware_gpio/gpio.c.obj
                0x100007b0                gpio_set_pulls
 .text.gpio_init
                0x100007e4       0x16 CMakeFiles/blink.dir/E_/program/Pico-SDK-v1.5.0/pico-sdk/src/rp2_common/hardware_gpio/gpio.c.obj
                0x100007e4                gpio_init
 *fill*         0x100007fa        0x2 
 .text.running_on_fpga
                0x100007fc       0x14 CMakeFiles/blink.dir/E_/program/Pico-SDK-v1.5.0/pico-sdk/src/rp2_common/pico_platform/platform.c.obj
                0x100007fc                running_on_fpga
 .text.hw_claim_lock
                0x10000810       0x18 CMakeFiles/blink.dir/E_/program/Pico-SDK-v1.5.0/pico-sdk/src/rp2_common/hardware_claim/claim.c.obj
                0x10000810                hw_claim_lock
 .text.hw_claim_unlock
                0x10000828       0x14 CMakeFiles/blink.dir/E_/program/Pico-SDK-v1.5.0/pico-sdk/src/rp2_common/hardware_claim/claim.c.obj
                0x10000828                hw_claim_unlock
 .text.hw_claim_or_assert
                0x1000083c       0x32 CMakeFiles/blink.dir/E_/program/Pico-SDK-v1.5.0/pico-sdk/src/rp2_common/hardware_claim/claim.c.obj
                0x1000083c                hw_claim_or_assert
 *fill*         0x1000086e        0x2 
 .text.spin_locks_reset
                0x10000870       0x20 CMakeFiles/blink.dir/E_/program/Pico-SDK-v1.5.0/pico-sdk/src/rp2_common/hardware_sync/sync.c.obj
                0x10000870                spin_locks_reset
 .text.next_striped_spin_lock_num
                0x10000890       0x1c CMakeFiles/blink.dir/E_/program/Pico-SDK-v1.5.0/pico-sdk/src/rp2_common/hardware_sync/sync.c.obj
                0x10000890                next_striped_spin_lock_num
 .text.set_raw_irq_handler_and_unlock
                0x100008ac       0x28 CMakeFiles/blink.dir/E_/program/Pico-SDK-v1.5.0/pico-sdk/src/rp2_common/hardware_irq/irq.c.obj
 .text.make_branch
                0x100008d4       0x48 CMakeFiles/blink.dir/E_/program/Pico-SDK-v1.5.0/pico-sdk/src/rp2_common/hardware_irq/irq.c.obj
 .text.insert_branch_and_link
                0x1000091c       0x40 CMakeFiles/blink.dir/E_/program/Pico-SDK-v1.5.0/pico-sdk/src/rp2_common/hardware_irq/irq.c.obj
 .text.irq_is_enabled
                0x1000095c       0x18 CMakeFiles/blink.dir/E_/program/Pico-SDK-v1.5.0/pico-sdk/src/rp2_common/hardware_irq/irq.c.obj
                0x1000095c                irq_is_enabled
 .text.irq_set_mask_enabled
                0x10000974       0x20 CMakeFiles/blink.dir/E_/program/Pico-SDK-v1.5.0/pico-sdk/src/rp2_common/hardware_irq/irq.c.obj
                0x10000974                irq_set_mask_enabled
 .text.irq_set_enabled
                0x10000994        0xe CMakeFiles/blink.dir/E_/program/Pico-SDK-v1.5.0/pico-sdk/src/rp2_common/hardware_irq/irq.c.obj
                0x10000994                irq_set_enabled
 *fill*         0x100009a2        0x2 
 .text.irq_get_vtable_handler
                0x100009a4       0x10 CMakeFiles/blink.dir/E_/program/Pico-SDK-v1.5.0/pico-sdk/src/rp2_common/hardware_irq/irq.c.obj
                0x100009a4                irq_get_vtable_handler
 .text.irq_set_exclusive_handler
                0x100009b4       0x54 CMakeFiles/blink.dir/E_/program/Pico-SDK-v1.5.0/pico-sdk/src/rp2_common/hardware_irq/irq.c.obj
                0x100009b4                irq_set_exclusive_handler
 .text.irq_remove_handler
                0x10000a08      0x1ac CMakeFiles/blink.dir/E_/program/Pico-SDK-v1.5.0/pico-sdk/src/rp2_common/hardware_irq/irq.c.obj
                0x10000a08                irq_remove_handler
 .text.irq_add_tail_to_free_list
                0x10000bb4       0xf0 CMakeFiles/blink.dir/E_/program/Pico-SDK-v1.5.0/pico-sdk/src/rp2_common/hardware_irq/irq.c.obj
                0x10000bb4                irq_add_tail_to_free_list
 .text.irq_init_priorities
                0x10000ca4       0x1c CMakeFiles/blink.dir/E_/program/Pico-SDK-v1.5.0/pico-sdk/src/rp2_common/hardware_irq/irq.c.obj
                0x10000ca4                irq_init_priorities
 .text.lock_init
                0x10000cc0       0x10 CMakeFiles/blink.dir/E_/program/Pico-SDK-v1.5.0/pico-sdk/src/common/pico_sync/lock_core.c.obj
                0x10000cc0                lock_init
 .text.mutex_init
                0x10000cd0       0x1a CMakeFiles/blink.dir/E_/program/Pico-SDK-v1.5.0/pico-sdk/src/common/pico_sync/mutex.c.obj
                0x10000cd0                mutex_init
 .text.recursive_mutex_init
                0x10000cea       0x1e CMakeFiles/blink.dir/E_/program/Pico-SDK-v1.5.0/pico-sdk/src/common/pico_sync/mutex.c.obj
                0x10000cea                recursive_mutex_init
 .text.alarm_pool_post_alloc_init
                0x10000d08       0x40 CMakeFiles/blink.dir/E_/program/Pico-SDK-v1.5.0/pico-sdk/src/common/pico_time/time.c.obj
 .text.sleep_until_callback
                0x10000d48       0x30 CMakeFiles/blink.dir/E_/program/Pico-SDK-v1.5.0/pico-sdk/src/common/pico_time/time.c.obj
 .text.timer_pool_entry_comparator
                0x10000d78       0x7c CMakeFiles/blink.dir/E_/program/Pico-SDK-v1.5.0/pico-sdk/src/common/pico_time/time.c.obj
                0x10000d78                timer_pool_entry_comparator
 .text.ph_add_child_node
                0x10000df4       0xa4 CMakeFiles/blink.dir/E_/program/Pico-SDK-v1.5.0/pico-sdk/src/common/pico_time/time.c.obj
 .text.ph_merge_nodes
                0x10000e98       0x3e CMakeFiles/blink.dir/E_/program/Pico-SDK-v1.5.0/pico-sdk/src/common/pico_time/time.c.obj
 *fill*         0x10000ed6        0x2 
 .text.add_alarm_under_lock
                0x10000ed8      0x174 CMakeFiles/blink.dir/E_/program/Pico-SDK-v1.5.0/pico-sdk/src/common/pico_time/time.c.obj
 .text.alarm_pool_alarm_callback
                0x1000104c      0x33c CMakeFiles/blink.dir/E_/program/Pico-SDK-v1.5.0/pico-sdk/src/common/pico_time/time.c.obj
 .text.alarm_pool_init_default
                0x10001388       0x40 CMakeFiles/blink.dir/E_/program/Pico-SDK-v1.5.0/pico-sdk/src/common/pico_time/time.c.obj
                0x10001388                alarm_pool_init_default
 .text.alarm_pool_get_default
                0x100013c8       0x2c CMakeFiles/blink.dir/E_/program/Pico-SDK-v1.5.0/pico-sdk/src/common/pico_time/time.c.obj
                0x100013c8                alarm_pool_get_default
 .text.alarm_pool_add_alarm_at
                0x100013f4      0x168 CMakeFiles/blink.dir/E_/program/Pico-SDK-v1.5.0/pico-sdk/src/common/pico_time/time.c.obj
                0x100013f4                alarm_pool_add_alarm_at
 .text.alarm_pool_cancel_alarm
                0x1000155c       0xf0 CMakeFiles/blink.dir/E_/program/Pico-SDK-v1.5.0/pico-sdk/src/common/pico_time/time.c.obj
                0x1000155c                alarm_pool_cancel_alarm
 .text.sleep_until
                0x1000164c       0xfc CMakeFiles/blink.dir/E_/program/Pico-SDK-v1.5.0/pico-sdk/src/common/pico_time/time.c.obj
                0x1000164c                sleep_until
 .text.sleep_us
                0x10001748       0x58 CMakeFiles/blink.dir/E_/program/Pico-SDK-v1.5.0/pico-sdk/src/common/pico_time/time.c.obj
                0x10001748                sleep_us
 .text.sleep_ms
                0x100017a0       0x14 CMakeFiles/blink.dir/E_/program/Pico-SDK-v1.5.0/pico-sdk/src/common/pico_time/time.c.obj
                0x100017a0                sleep_ms
 .text.best_effort_wfe_or_timeout
                0x100017b4       0xac CMakeFiles/blink.dir/E_/program/Pico-SDK-v1.5.0/pico-sdk/src/common/pico_time/time.c.obj
                0x100017b4                best_effort_wfe_or_timeout
 .text.hardware_alarm_irq_handler
                0x10001860       0x90 CMakeFiles/blink.dir/E_/program/Pico-SDK-v1.5.0/pico-sdk/src/rp2_common/hardware_timer/timer.c.obj
 .text.hardware_alarm_claim
                0x100018f0       0x18 CMakeFiles/blink.dir/E_/program/Pico-SDK-v1.5.0/pico-sdk/src/rp2_common/hardware_timer/timer.c.obj
                0x100018f0                hardware_alarm_claim
 .text.time_us_64
                0x10001908       0x18 CMakeFiles/blink.dir/E_/program/Pico-SDK-v1.5.0/pico-sdk/src/rp2_common/hardware_timer/timer.c.obj
                0x10001908                time_us_64
 .text.busy_wait_until
                0x10001920       0x28 CMakeFiles/blink.dir/E_/program/Pico-SDK-v1.5.0/pico-sdk/src/rp2_common/hardware_timer/timer.c.obj
                0x10001920                busy_wait_until
 .text.busy_wait_us
                0x10001948       0x48 CMakeFiles/blink.dir/E_/program/Pico-SDK-v1.5.0/pico-sdk/src/rp2_common/hardware_timer/timer.c.obj
                0x10001948                busy_wait_us
 .text.hardware_alarm_set_callback
                0x10001990       0x90 CMakeFiles/blink.dir/E_/program/Pico-SDK-v1.5.0/pico-sdk/src/rp2_common/hardware_timer/timer.c.obj
                0x10001990                hardware_alarm_set_callback
 .text.hardware_alarm_set_target
                0x10001a20       0xe8 CMakeFiles/blink.dir/E_/program/Pico-SDK-v1.5.0/pico-sdk/src/rp2_common/hardware_timer/timer.c.obj
                0x10001a20                hardware_alarm_set_target
 .text.hardware_alarm_cancel
                0x10001b08       0x40 CMakeFiles/blink.dir/E_/program/Pico-SDK-v1.5.0/pico-sdk/src/rp2_common/hardware_timer/timer.c.obj
                0x10001b08                hardware_alarm_cancel
 .text.ph_add_child_node
                0x10001b48       0xa4 CMakeFiles/blink.dir/E_/program/Pico-SDK-v1.5.0/pico-sdk/src/common/pico_util/pheap.c.obj
 .text.ph_merge_nodes
                0x10001bec       0x3e CMakeFiles/blink.dir/E_/program/Pico-SDK-v1.5.0/pico-sdk/src/common/pico_util/pheap.c.obj
 *fill*         0x10001c2a        0x2 
 .text.ph_clear
                0x10001c2c       0x70 CMakeFiles/blink.dir/E_/program/Pico-SDK-v1.5.0/pico-sdk/src/common/pico_util/pheap.c.obj
                0x10001c2c                ph_clear
 .text.ph_post_alloc_init
                0x10001c9c        0xe CMakeFiles/blink.dir/E_/program/Pico-SDK-v1.5.0/pico-sdk/src/common/pico_util/pheap.c.obj
                0x10001c9c                ph_post_alloc_init
 *fill*         0x10001caa        0x2 
 .text.ph_merge_two_pass
                0x10001cac       0xa8 CMakeFiles/blink.dir/E_/program/Pico-SDK-v1.5.0/pico-sdk/src/common/pico_util/pheap.c.obj
                0x10001cac                ph_merge_two_pass
 .text.ph_remove_any_head
                0x10001d54      0x128 CMakeFiles/blink.dir/E_/program/Pico-SDK-v1.5.0/pico-sdk/src/common/pico_util/pheap.c.obj
 .text.ph_remove_head
                0x10001e7c       0x14 CMakeFiles/blink.dir/E_/program/Pico-SDK-v1.5.0/pico-sdk/src/common/pico_util/pheap.c.obj
                0x10001e7c                ph_remove_head
 .text.ph_remove_and_free_node
                0x10001e90       0xf8 CMakeFiles/blink.dir/E_/program/Pico-SDK-v1.5.0/pico-sdk/src/common/pico_util/pheap.c.obj
                0x10001e90                ph_remove_and_free_node
 .text.uart_set_baudrate
                0x10001f88       0x5c CMakeFiles/blink.dir/E_/program/Pico-SDK-v1.5.0/pico-sdk/src/rp2_common/hardware_uart/uart.c.obj
                0x10001f88                uart_set_baudrate
 .text.uart_set_translate_crlf
                0x10001fe4       0x28 CMakeFiles/blink.dir/E_/program/Pico-SDK-v1.5.0/pico-sdk/src/rp2_common/hardware_uart/uart.c.obj
                0x10001fe4                uart_set_translate_crlf
 .text.uart_init
                0x1000200c       0x80 CMakeFiles/blink.dir/E_/program/Pico-SDK-v1.5.0/pico-sdk/src/rp2_common/hardware_uart/uart.c.obj
                0x1000200c                uart_init
 .text.clock_configure
                0x1000208c      0x104 CMakeFiles/blink.dir/E_/program/Pico-SDK-v1.5.0/pico-sdk/src/rp2_common/hardware_clocks/clocks.c.obj
                0x1000208c                clock_configure
 .text.clocks_init
                0x10002190      0x100 CMakeFiles/blink.dir/E_/program/Pico-SDK-v1.5.0/pico-sdk/src/rp2_common/hardware_clocks/clocks.c.obj
                0x10002190                clocks_init
 .text.clock_get_hz
                0x10002290        0xc CMakeFiles/blink.dir/E_/program/Pico-SDK-v1.5.0/pico-sdk/src/rp2_common/hardware_clocks/clocks.c.obj
                0x10002290                clock_get_hz
 .text.pll_init
                0x1000229c      0x12c CMakeFiles/blink.dir/E_/program/Pico-SDK-v1.5.0/pico-sdk/src/rp2_common/hardware_pll/pll.c.obj
                0x1000229c                pll_init
 .text.watchdog_start_tick
                0x100023c8       0x10 CMakeFiles/blink.dir/E_/program/Pico-SDK-v1.5.0/pico-sdk/src/rp2_common/hardware_watchdog/watchdog.c.obj
                0x100023c8                watchdog_start_tick
 .text.xosc_init
                0x100023d8       0x28 CMakeFiles/blink.dir/E_/program/Pico-SDK-v1.5.0/pico-sdk/src/rp2_common/hardware_xosc/xosc.c.obj
                0x100023d8                xosc_init
 .text._exit    0x10002400        0x4 CMakeFiles/blink.dir/E_/program/Pico-SDK-v1.5.0/pico-sdk/src/rp2_common/pico_runtime/runtime.c.obj
                0x10002400                _exit
 .text._sbrk    0x10002404       0x38 CMakeFiles/blink.dir/E_/program/Pico-SDK-v1.5.0/pico-sdk/src/rp2_common/pico_runtime/runtime.c.obj
                0x10002404                _sbrk
 .text.exit     0x1000243c        0x6 CMakeFiles/blink.dir/E_/program/Pico-SDK-v1.5.0/pico-sdk/src/rp2_common/pico_runtime/runtime.c.obj
                0x1000243c                exit
 *fill*         0x10002442        0x2 
 .text.__assert_func
                0x10002444       0x3c CMakeFiles/blink.dir/E_/program/Pico-SDK-v1.5.0/pico-sdk/src/rp2_common/pico_runtime/runtime.c.obj
                0x10002444                __assert_func
 .text.runtime_init
                0x10002480       0xf8 CMakeFiles/blink.dir/E_/program/Pico-SDK-v1.5.0/pico-sdk/src/rp2_common/pico_runtime/runtime.c.obj
                0x10002480                runtime_init
 .text.panic    0x10002578       0x30 CMakeFiles/blink.dir/E_/program/Pico-SDK-v1.5.0/pico-sdk/src/rp2_common/pico_runtime/runtime.c.obj
                0x10002578                panic
 .text._out_buffer
                0x100025a8        0x8 CMakeFiles/blink.dir/E_/program/Pico-SDK-v1.5.0/pico-sdk/src/rp2_common/pico_printf/printf.c.obj
 .text._out_null
                0x100025b0        0x2 CMakeFiles/blink.dir/E_/program/Pico-SDK-v1.5.0/pico-sdk/src/rp2_common/pico_printf/printf.c.obj
 .text._out_fct
                0x100025b2        0xe CMakeFiles/blink.dir/E_/program/Pico-SDK-v1.5.0/pico-sdk/src/rp2_common/pico_printf/printf.c.obj
 .text._atoi    0x100025c0       0x24 CMakeFiles/blink.dir/E_/program/Pico-SDK-v1.5.0/pico-sdk/src/rp2_common/pico_printf/printf.c.obj
 .text._out_rev
                0x100025e4       0xae CMakeFiles/blink.dir/E_/program/Pico-SDK-v1.5.0/pico-sdk/src/rp2_common/pico_printf/printf.c.obj
 .text._ntoa_format
                0x10002692      0x112 CMakeFiles/blink.dir/E_/program/Pico-SDK-v1.5.0/pico-sdk/src/rp2_common/pico_printf/printf.c.obj
 .text._ntoa_long
                0x100027a4       0xbc CMakeFiles/blink.dir/E_/program/Pico-SDK-v1.5.0/pico-sdk/src/rp2_common/pico_printf/printf.c.obj
 .text._ntoa_long_long
                0x10002860       0xe2 CMakeFiles/blink.dir/E_/program/Pico-SDK-v1.5.0/pico-sdk/src/rp2_common/pico_printf/printf.c.obj
 *fill*         0x10002942        0x2 
 .text._etoa    0x10002944      0x414 CMakeFiles/blink.dir/E_/program/Pico-SDK-v1.5.0/pico-sdk/src/rp2_common/pico_printf/printf.c.obj
 .text._ftoa    0x10002d58      0x354 CMakeFiles/blink.dir/E_/program/Pico-SDK-v1.5.0/pico-sdk/src/rp2_common/pico_printf/printf.c.obj
 .text._vsnprintf
                0x100030ac      0x624 CMakeFiles/blink.dir/E_/program/Pico-SDK-v1.5.0/pico-sdk/src/rp2_common/pico_printf/printf.c.obj
 .text.__wrap_sprintf
                0x100036d0       0x28 CMakeFiles/blink.dir/E_/program/Pico-SDK-v1.5.0/pico-sdk/src/rp2_common/pico_printf/printf.c.obj
                0x100036d0                __wrap_sprintf
 .text.__wrap_snprintf
                0x100036f8       0x28 CMakeFiles/blink.dir/E_/program/Pico-SDK-v1.5.0/pico-sdk/src/rp2_common/pico_printf/printf.c.obj
                0x100036f8                __wrap_snprintf
 .text.vfctprintf
                0x10003720       0x20 CMakeFiles/blink.dir/E_/program/Pico-SDK-v1.5.0/pico-sdk/src/rp2_common/pico_printf/printf.c.obj
                0x10003720                vfctprintf
 .text          0x10003740       0x10 CMakeFiles/blink.dir/E_/program/Pico-SDK-v1.5.0/pico-sdk/src/rp2_common/pico_bit_ops/bit_ops_aeabi.S.obj
 .text.rom_func_lookup
                0x10003750       0x10 CMakeFiles/blink.dir/E_/program/Pico-SDK-v1.5.0/pico-sdk/src/rp2_common/pico_bootrom/bootrom.c.obj
                0x10003750                rom_func_lookup
 .text.rom_data_lookup
                0x10003760       0x10 CMakeFiles/blink.dir/E_/program/Pico-SDK-v1.5.0/pico-sdk/src/rp2_common/pico_bootrom/bootrom.c.obj
                0x10003760                rom_data_lookup
 .text.rom_funcs_lookup
                0x10003770       0x36 CMakeFiles/blink.dir/E_/program/Pico-SDK-v1.5.0/pico-sdk/src/rp2_common/pico_bootrom/bootrom.c.obj
                0x10003770                rom_funcs_lookup
 *fill*         0x100037a6        0x2 
 .text.__wrap___aeabi_idiv
                0x100037a8       0x50 CMakeFiles/blink.dir/E_/program/Pico-SDK-v1.5.0/pico-sdk/src/rp2_common/pico_divider/divider.S.obj
                0x100037a8                __wrap___aeabi_idivmod
                0x100037a8                divmod_s32s32
                0x100037a8                div_s32s32
                0x100037a8                __wrap___aeabi_idiv
                0x100037b0                divmod_s32s32_unsafe
                0x100037dc                divmod_s32s32_savestate
 .text.__wrap___aeabi_uidiv
                0x100037f8       0x4c CMakeFiles/blink.dir/E_/program/Pico-SDK-v1.5.0/pico-sdk/src/rp2_common/pico_divider/divider.S.obj
                0x100037f8                __wrap___aeabi_uidiv
                0x100037f8                __wrap___aeabi_uidivmod
                0x100037f8                div_u32u32
                0x100037f8                divmod_u32u32
                0x10003800                divmod_u32u32_unsafe
                0x10003828                divmod_u32u32_savestate
 .text.__wrap___aeabi_ldiv
                0x10003844      0x424 CMakeFiles/blink.dir/E_/program/Pico-SDK-v1.5.0/pico-sdk/src/rp2_common/pico_divider/divider.S.obj
                0x10003844                div_s64s64
                0x10003844                divmod_s64s64
                0x10003844                __wrap___aeabi_ldivmod
                0x10003874                divmod_u64u64
                0x10003874                div_u64u64
                0x10003874                __wrap___aeabi_uldivmod
                0x10003884                divmod_u64u64_savestate
                0x100038a4                divmod_s64s64_unsafe
                0x1000392c                divmod_u64u64_unsafe
 .text.__wrap___aeabi_darithmetic
                0x10003c68       0x60 CMakeFiles/blink.dir/E_/program/Pico-SDK-v1.5.0/pico-sdk/src/rp2_common/pico_double/double_aeabi.S.obj
                0x10003c68                __wrap___aeabi_drsub
                0x10003c6e                __wrap___aeabi_dsub
                0x10003c78                __wrap___aeabi_dadd
                0x10003c82                __wrap___aeabi_ddiv
                0x10003cb6                __wrap___aeabi_dmul
 .text.__wrap___aeabi_cdcmple
                0x10003cc8       0x6c CMakeFiles/blink.dir/E_/program/Pico-SDK-v1.5.0/pico-sdk/src/rp2_common/pico_double/double_aeabi.S.obj
                0x10003cc8                __wrap___aeabi_cdrcmple
                0x10003cd8                __wrap___aeabi_cdcmpeq
                0x10003cd8                __wrap___aeabi_cdcmple
 .text.__wrap___aeabi_dcmpeq
                0x10003d34       0x10 CMakeFiles/blink.dir/E_/program/Pico-SDK-v1.5.0/pico-sdk/src/rp2_common/pico_double/double_aeabi.S.obj
                0x10003d34                __wrap___aeabi_dcmpeq
 .text.__wrap___aeabi_dcmplt
                0x10003d44        0xc CMakeFiles/blink.dir/E_/program/Pico-SDK-v1.5.0/pico-sdk/src/rp2_common/pico_double/double_aeabi.S.obj
                0x10003d44                __wrap___aeabi_dcmplt
 .text.__wrap___aeabi_dcmple
                0x10003d50       0x10 CMakeFiles/blink.dir/E_/program/Pico-SDK-v1.5.0/pico-sdk/src/rp2_common/pico_double/double_aeabi.S.obj
                0x10003d50                __wrap___aeabi_dcmple
 .text.__wrap___aeabi_dcmpge
                0x10003d60       0x10 CMakeFiles/blink.dir/E_/program/Pico-SDK-v1.5.0/pico-sdk/src/rp2_common/pico_double/double_aeabi.S.obj
                0x10003d60                __wrap___aeabi_dcmpge
 .text.__wrap___aeabi_dcmpgt
                0x10003d70        0xa CMakeFiles/blink.dir/E_/program/Pico-SDK-v1.5.0/pico-sdk/src/rp2_common/pico_double/double_aeabi.S.obj
                0x10003d70                __wrap___aeabi_dcmpgt
 .text.__wrap___aeabi_dcmpun
                0x10003d7a       0x1c CMakeFiles/blink.dir/E_/program/Pico-SDK-v1.5.0/pico-sdk/src/rp2_common/pico_double/double_aeabi.S.obj
                0x10003d7a                __wrap___aeabi_dcmpun
 *fill*         0x10003d96        0x2 
 .text.__wrap___aeabi_i2d
                0x10003d98       0x38 CMakeFiles/blink.dir/E_/program/Pico-SDK-v1.5.0/pico-sdk/src/rp2_common/pico_double/double_aeabi.S.obj
                0x10003d98                __wrap___aeabi_ui2d
                0x10003da0                __wrap___aeabi_i2d
 .text.__wrap___aeabi_d2iz
                0x10003dd0       0x48 CMakeFiles/blink.dir/E_/program/Pico-SDK-v1.5.0/pico-sdk/src/rp2_common/pico_double/double_aeabi.S.obj
                0x10003dd0                double2int_z
                0x10003dd0                __wrap___aeabi_d2iz
 .text.__wrap___aeabi_d2uiz
                0x10003e18       0x10 CMakeFiles/blink.dir/E_/program/Pico-SDK-v1.5.0/pico-sdk/src/rp2_common/pico_double/double_aeabi.S.obj
                0x10003e18                __wrap___aeabi_d2uiz
                0x10003e18                double2uint
 .text.__wrap___aeabi_l2d
                0x10003e28       0x10 CMakeFiles/blink.dir/E_/program/Pico-SDK-v1.5.0/pico-sdk/src/rp2_common/pico_double/double_aeabi.S.obj
                0x10003e28                __wrap___aeabi_l2d
 .text.__wrap___aeabi_d2lz
                0x10003e38       0x26 CMakeFiles/blink.dir/E_/program/Pico-SDK-v1.5.0/pico-sdk/src/rp2_common/pico_double/double_aeabi.S.obj
                0x10003e38                double2int64_z
                0x10003e38                __wrap___aeabi_d2lz
 *fill*         0x10003e5e        0x2 
 .text.double2int64
                0x10003e60       0x10 CMakeFiles/blink.dir/E_/program/Pico-SDK-v1.5.0/pico-sdk/src/rp2_common/pico_double/double_aeabi.S.obj
                0x10003e60                double2int64
 .text.double2ufix64
                0x10003e70       0x10 CMakeFiles/blink.dir/E_/program/Pico-SDK-v1.5.0/pico-sdk/src/rp2_common/pico_double/double_aeabi.S.obj
                0x10003e70                double2ufix64
 .text.__wrap___aeabi_d2f
                0x10003e80       0x10 CMakeFiles/blink.dir/E_/program/Pico-SDK-v1.5.0/pico-sdk/src/rp2_common/pico_double/double_aeabi.S.obj
                0x10003e80                __wrap___aeabi_d2f
 .text.missing_double_func_shim
                0x10003e90        0xc CMakeFiles/blink.dir/E_/program/Pico-SDK-v1.5.0/pico-sdk/src/rp2_common/pico_double/double_init_rom.c.obj
 .text.__aeabi_double_init
                0x10003e9c       0xcc CMakeFiles/blink.dir/E_/program/Pico-SDK-v1.5.0/pico-sdk/src/rp2_common/pico_double/double_init_rom.c.obj
                0x10003e9c                __aeabi_double_init
 .text.double_table_shim_on_use_helper
                0x10003f68       0x34 CMakeFiles/blink.dir/E_/program/Pico-SDK-v1.5.0/pico-sdk/src/rp2_common/pico_double/double_v1_rom_shim.S.obj
                0x10003f68                double_table_shim_on_use_helper
 .text.__aeabi_lmul
                0x10003f9c       0x32 CMakeFiles/blink.dir/E_/program/Pico-SDK-v1.5.0/pico-sdk/src/rp2_common/pico_int64_ops/pico_int64_ops_aeabi.S.obj
                0x10003f9c                __wrap___aeabi_lmul
 *fill*         0x10003fce        0x2 
 .text.missing_float_func_shim
                0x10003fd0        0xc CMakeFiles/blink.dir/E_/program/Pico-SDK-v1.5.0/pico-sdk/src/rp2_common/pico_float/float_init_rom.c.obj
 .text.__aeabi_float_init
                0x10003fdc       0x88 CMakeFiles/blink.dir/E_/program/Pico-SDK-v1.5.0/pico-sdk/src/rp2_common/pico_float/float_init_rom.c.obj
                0x10003fdc                __aeabi_float_init
 .text.__wrap_malloc
                0x10004064       0x24 CMakeFiles/blink.dir/E_/program/Pico-SDK-v1.5.0/pico-sdk/src/rp2_common/pico_malloc/pico_malloc.c.obj
                0x10004064                __wrap_malloc
 .text.__wrap_realloc
                0x10004088       0x24 CMakeFiles/blink.dir/E_/program/Pico-SDK-v1.5.0/pico-sdk/src/rp2_common/pico_malloc/pico_malloc.c.obj
                0x10004088                __wrap_realloc
 .text.__wrap_free
                0x100040ac        0x8 CMakeFiles/blink.dir/E_/program/Pico-SDK-v1.5.0/pico-sdk/src/rp2_common/pico_malloc/pico_malloc.c.obj
                0x100040ac                __wrap_free
 .text          0x100040b4       0x10 CMakeFiles/blink.dir/E_/program/Pico-SDK-v1.5.0/pico-sdk/src/rp2_common/pico_mem_ops/mem_ops_aeabi.S.obj
                0x100040b4                __aeabi_mem_init
 .text.memset   0x100040c4        0xc CMakeFiles/blink.dir/E_/program/Pico-SDK-v1.5.0/pico-sdk/src/rp2_common/pico_mem_ops/mem_ops_aeabi.S.obj
                0x100040c4                __wrap_memset
 .text.memcpy   0x100040d0        0xc CMakeFiles/blink.dir/E_/program/Pico-SDK-v1.5.0/pico-sdk/src/rp2_common/pico_mem_ops/mem_ops_aeabi.S.obj
                0x100040d0                __wrap_memcpy
                0x100040d0                __wrap___aeabi_memcpy
 .text.stdio_out_chars_no_crlf
                0x100040dc        0xe CMakeFiles/blink.dir/E_/program/Pico-SDK-v1.5.0/pico-sdk/src/rp2_common/pico_stdio/stdio.c.obj
 *fill*         0x100040ea        0x2 
 .text.stdio_out_chars_crlf
                0x100040ec       0x80 CMakeFiles/blink.dir/E_/program/Pico-SDK-v1.5.0/pico-sdk/src/rp2_common/pico_stdio/stdio.c.obj
 .text.stdio_stack_buffer_flush
                0x1000416c       0x44 CMakeFiles/blink.dir/E_/program/Pico-SDK-v1.5.0/pico-sdk/src/rp2_common/pico_stdio/stdio.c.obj
 .text.stdio_buffered_printer
                0x100041b0       0x20 CMakeFiles/blink.dir/E_/program/Pico-SDK-v1.5.0/pico-sdk/src/rp2_common/pico_stdio/stdio.c.obj
 .text.stdio_get_until
                0x100041d0       0x80 CMakeFiles/blink.dir/E_/program/Pico-SDK-v1.5.0/pico-sdk/src/rp2_common/pico_stdio/stdio.c.obj
 .text.stdout_serialize_begin
                0x10004250       0x5c CMakeFiles/blink.dir/E_/program/Pico-SDK-v1.5.0/pico-sdk/src/rp2_common/pico_stdio/stdio.c.obj
                0x10004250                stdout_serialize_begin
 .text.stdout_serialize_end
                0x100042ac       0x10 CMakeFiles/blink.dir/E_/program/Pico-SDK-v1.5.0/pico-sdk/src/rp2_common/pico_stdio/stdio.c.obj
                0x100042ac                stdout_serialize_end
 .text.stdio_put_string
                0x100042bc       0x98 CMakeFiles/blink.dir/E_/program/Pico-SDK-v1.5.0/pico-sdk/src/rp2_common/pico_stdio/stdio.c.obj
 .text.__wrap_putchar
                0x10004354       0x1c CMakeFiles/blink.dir/E_/program/Pico-SDK-v1.5.0/pico-sdk/src/rp2_common/pico_stdio/stdio.c.obj
                0x10004354                __wrap_putchar
 .text._read    0x10004370       0x24 CMakeFiles/blink.dir/E_/program/Pico-SDK-v1.5.0/pico-sdk/src/rp2_common/pico_stdio/stdio.c.obj
                0x10004370                _read
 .text._write   0x10004394       0x22 CMakeFiles/blink.dir/E_/program/Pico-SDK-v1.5.0/pico-sdk/src/rp2_common/pico_stdio/stdio.c.obj
                0x10004394                _write
 .text._close   0x100043b6        0x6 CMakeFiles/blink.dir/E_/program/Pico-SDK-v1.5.0/pico-sdk/src/rp2_common/pico_stdio/stdio.c.obj
                0x100043b6                _close
 .text._lseek   0x100043bc        0x6 CMakeFiles/blink.dir/E_/program/Pico-SDK-v1.5.0/pico-sdk/src/rp2_common/pico_stdio/stdio.c.obj
                0x100043bc                _lseek
 .text._fstat   0x100043c2        0x6 CMakeFiles/blink.dir/E_/program/Pico-SDK-v1.5.0/pico-sdk/src/rp2_common/pico_stdio/stdio.c.obj
                0x100043c2                _fstat
 .text._isatty  0x100043c8        0xc CMakeFiles/blink.dir/E_/program/Pico-SDK-v1.5.0/pico-sdk/src/rp2_common/pico_stdio/stdio.c.obj
                0x100043c8                _isatty
 .text.stdio_set_driver_enabled
                0x100043d4       0x2c CMakeFiles/blink.dir/E_/program/Pico-SDK-v1.5.0/pico-sdk/src/rp2_common/pico_stdio/stdio.c.obj
                0x100043d4                stdio_set_driver_enabled
 .text.stdio_flush
                0x10004400       0x20 CMakeFiles/blink.dir/E_/program/Pico-SDK-v1.5.0/pico-sdk/src/rp2_common/pico_stdio/stdio.c.obj
                0x10004400                stdio_flush
 .text.__wrap_puts
                0x10004420       0x1e CMakeFiles/blink.dir/E_/program/Pico-SDK-v1.5.0/pico-sdk/src/rp2_common/pico_stdio/stdio.c.obj
                0x10004420                __wrap_puts
 *fill*         0x1000443e        0x2 
 .text.__wrap_vprintf
                0x10004440       0x40 CMakeFiles/blink.dir/E_/program/Pico-SDK-v1.5.0/pico-sdk/src/rp2_common/pico_stdio/stdio.c.obj
                0x10004440                __wrap_vprintf
 .text.__wrap_printf
                0x10004480       0x18 CMakeFiles/blink.dir/E_/program/Pico-SDK-v1.5.0/pico-sdk/src/rp2_common/pico_stdio/stdio.c.obj
                0x10004480                __wrap_printf
 .text.stdio_init_all
                0x10004498        0xa CMakeFiles/blink.dir/E_/program/Pico-SDK-v1.5.0/pico-sdk/src/rp2_common/pico_stdio/stdio.c.obj
                0x10004498                stdio_init_all
 *fill*         0x100044a2        0x2 
 .text.stdio_uart_out_chars
                0x100044a4       0x74 CMakeFiles/blink.dir/E_/program/Pico-SDK-v1.5.0/pico-sdk/src/rp2_common/pico_stdio_uart/stdio_uart.c.obj
 .text.stdio_uart_in_chars
                0x10004518       0x80 CMakeFiles/blink.dir/E_/program/Pico-SDK-v1.5.0/pico-sdk/src/rp2_common/pico_stdio_uart/stdio_uart.c.obj
                0x10004518                stdio_uart_in_chars
 .text.on_uart_rx
                0x10004598       0x28 CMakeFiles/blink.dir/E_/program/Pico-SDK-v1.5.0/pico-sdk/src/rp2_common/pico_stdio_uart/stdio_uart.c.obj
 .text.stdio_uart_set_chars_available_callback
                0x100045c0       0x8c CMakeFiles/blink.dir/E_/program/Pico-SDK-v1.5.0/pico-sdk/src/rp2_common/pico_stdio_uart/stdio_uart.c.obj
 .text.stdio_uart_init_full
                0x1000464c       0x44 CMakeFiles/blink.dir/E_/program/Pico-SDK-v1.5.0/pico-sdk/src/rp2_common/pico_stdio_uart/stdio_uart.c.obj
                0x1000464c                stdio_uart_init_full
 .text.stdio_uart_init
                0x10004690       0x28 CMakeFiles/blink.dir/E_/program/Pico-SDK-v1.5.0/pico-sdk/src/rp2_common/pico_stdio_uart/stdio_uart.c.obj
                0x10004690                stdio_uart_init
 .text._calloc_r
                0x100046b8       0x9c e:/program/pico-sdk-v1.5.0/gcc-arm-none-eabi/bin/../lib/gcc/arm-none-eabi/10.3.1/../../../../arm-none-eabi/lib/thumb/v6-m/nofp\libg.a(lib_a-callocr.o)
                0x100046b8                _calloc_r
 .text.__errno  0x10004754        0xc e:/program/pico-sdk-v1.5.0/gcc-arm-none-eabi/bin/../lib/gcc/arm-none-eabi/10.3.1/../../../../arm-none-eabi/lib/thumb/v6-m/nofp\libg.a(lib_a-errno.o)
                0x10004754                __errno
 .text._fgets_r
                0x10004760       0xf0 e:/program/pico-sdk-v1.5.0/gcc-arm-none-eabi/bin/../lib/gcc/arm-none-eabi/10.3.1/../../../../arm-none-eabi/lib/thumb/v6-m/nofp\libg.a(lib_a-fgets.o)
                0x10004760                _fgets_r
 .text.fgets    0x10004850       0x18 e:/program/pico-sdk-v1.5.0/gcc-arm-none-eabi/bin/../lib/gcc/arm-none-eabi/10.3.1/../../../../arm-none-eabi/lib/thumb/v6-m/nofp\libg.a(lib_a-fgets.o)
                0x10004850                fgets
 .text._cleanup_r
                0x10004868       0x10 e:/program/pico-sdk-v1.5.0/gcc-arm-none-eabi/bin/../lib/gcc/arm-none-eabi/10.3.1/../../../../arm-none-eabi/lib/thumb/v6-m/nofp\libg.a(lib_a-findfp.o)
                0x10004868                _cleanup_r
 .text.__sinit  0x10004878      0x120 e:/program/pico-sdk-v1.5.0/gcc-arm-none-eabi/bin/../lib/gcc/arm-none-eabi/10.3.1/../../../../arm-none-eabi/lib/thumb/v6-m/nofp\libg.a(lib_a-findfp.o)
                0x10004878                __sinit
 .text.__sfp_lock_acquire
                0x10004998       0x10 e:/program/pico-sdk-v1.5.0/gcc-arm-none-eabi/bin/../lib/gcc/arm-none-eabi/10.3.1/../../../../arm-none-eabi/lib/thumb/v6-m/nofp\libg.a(lib_a-findfp.o)
                0x10004998                __sfp_lock_acquire
 .text.__sfp_lock_release
                0x100049a8       0x10 e:/program/pico-sdk-v1.5.0/gcc-arm-none-eabi/bin/../lib/gcc/arm-none-eabi/10.3.1/../../../../arm-none-eabi/lib/thumb/v6-m/nofp\libg.a(lib_a-findfp.o)
                0x100049a8                __sfp_lock_release
 .text._fwalk   0x100049b8       0x40 e:/program/pico-sdk-v1.5.0/gcc-arm-none-eabi/bin/../lib/gcc/arm-none-eabi/10.3.1/../../../../arm-none-eabi/lib/thumb/v6-m/nofp\libg.a(lib_a-fwalk.o)
                0x100049b8                _fwalk
 .text._fwalk_reent
                0x100049f8       0x48 e:/program/pico-sdk-v1.5.0/gcc-arm-none-eabi/bin/../lib/gcc/arm-none-eabi/10.3.1/../../../../arm-none-eabi/lib/thumb/v6-m/nofp\libg.a(lib_a-fwalk.o)
                0x100049f8                _fwalk_reent
 .text._fwrite_r
                0x10004a40       0xb0 e:/program/pico-sdk-v1.5.0/gcc-arm-none-eabi/bin/../lib/gcc/arm-none-eabi/10.3.1/../../../../arm-none-eabi/lib/thumb/v6-m/nofp\libg.a(lib_a-fwrite.o)
                0x10004a40                _fwrite_r
 .text.fwrite   0x10004af0       0x20 e:/program/pico-sdk-v1.5.0/gcc-arm-none-eabi/bin/../lib/gcc/arm-none-eabi/10.3.1/../../../../arm-none-eabi/lib/thumb/v6-m/nofp\libg.a(lib_a-fwrite.o)
                0x10004af0                fwrite
 .text.__retarget_lock_init_recursive
                0x10004b10        0x4 e:/program/pico-sdk-v1.5.0/gcc-arm-none-eabi/bin/../lib/gcc/arm-none-eabi/10.3.1/../../../../arm-none-eabi/lib/thumb/v6-m/nofp\libg.a(lib_a-lock.o)
                0x10004b10                __retarget_lock_init_recursive
 .text.__retarget_lock_close_recursive
                0x10004b14        0x4 e:/program/pico-sdk-v1.5.0/gcc-arm-none-eabi/bin/../lib/gcc/arm-none-eabi/10.3.1/../../../../arm-none-eabi/lib/thumb/v6-m/nofp\libg.a(lib_a-lock.o)
                0x10004b14                __retarget_lock_close_recursive
 .text.__retarget_lock_acquire_recursive
                0x10004b18        0x4 e:/program/pico-sdk-v1.5.0/gcc-arm-none-eabi/bin/../lib/gcc/arm-none-eabi/10.3.1/../../../../arm-none-eabi/lib/thumb/v6-m/nofp\libg.a(lib_a-lock.o)
                0x10004b18                __retarget_lock_acquire_recursive
 .text.__retarget_lock_release_recursive
                0x10004b1c        0x4 e:/program/pico-sdk-v1.5.0/gcc-arm-none-eabi/bin/../lib/gcc/arm-none-eabi/10.3.1/../../../../arm-none-eabi/lib/thumb/v6-m/nofp\libg.a(lib_a-lock.o)
                0x10004b1c                __retarget_lock_release_recursive
 .text.malloc   0x10004b20       0x14 e:/program/pico-sdk-v1.5.0/gcc-arm-none-eabi/bin/../lib/gcc/arm-none-eabi/10.3.1/../../../../arm-none-eabi/lib/thumb/v6-m/nofp\libg.a(lib_a-malloc.o)
                0x10004b20                malloc
 .text.free     0x10004b34       0x14 e:/program/pico-sdk-v1.5.0/gcc-arm-none-eabi/bin/../lib/gcc/arm-none-eabi/10.3.1/../../../../arm-none-eabi/lib/thumb/v6-m/nofp\libg.a(lib_a-malloc.o)
                0x10004b34                free
 .text._malloc_r
                0x10004b48      0x584 e:/program/pico-sdk-v1.5.0/gcc-arm-none-eabi/bin/../lib/gcc/arm-none-eabi/10.3.1/../../../../arm-none-eabi/lib/thumb/v6-m/nofp\libg.a(lib_a-mallocr.o)
                0x10004b48                _malloc_r
 .text.memchr   0x100050cc       0x74 e:/program/pico-sdk-v1.5.0/gcc-arm-none-eabi/bin/../lib/gcc/arm-none-eabi/10.3.1/../../../../arm-none-eabi/lib/thumb/v6-m/nofp\libg.a(lib_a-memchr-stub.o)
                0x100050cc                memchr
 .text.__malloc_lock
                0x10005140       0x10 e:/program/pico-sdk-v1.5.0/gcc-arm-none-eabi/bin/../lib/gcc/arm-none-eabi/10.3.1/../../../../arm-none-eabi/lib/thumb/v6-m/nofp\libg.a(lib_a-mlock.o)
                0x10005140                __malloc_lock
 .text.__malloc_unlock
                0x10005150       0x10 e:/program/pico-sdk-v1.5.0/gcc-arm-none-eabi/bin/../lib/gcc/arm-none-eabi/10.3.1/../../../../arm-none-eabi/lib/thumb/v6-m/nofp\libg.a(lib_a-mlock.o)
                0x10005150                __malloc_unlock
 .text.realloc  0x10005160       0x18 e:/program/pico-sdk-v1.5.0/gcc-arm-none-eabi/bin/../lib/gcc/arm-none-eabi/10.3.1/../../../../arm-none-eabi/lib/thumb/v6-m/nofp\libg.a(lib_a-realloc.o)
                0x10005160                realloc
 .text._realloc_r
                0x10005178      0x354 e:/program/pico-sdk-v1.5.0/gcc-arm-none-eabi/bin/../lib/gcc/arm-none-eabi/10.3.1/../../../../arm-none-eabi/lib/thumb/v6-m/nofp\libg.a(lib_a-reallocr.o)
                0x10005178                _realloc_r
 .text.lflush   0x100054cc       0x1c e:/program/pico-sdk-v1.5.0/gcc-arm-none-eabi/bin/../lib/gcc/arm-none-eabi/10.3.1/../../../../arm-none-eabi/lib/thumb/v6-m/nofp\libg.a(lib_a-refill.o)
 .text.__srefill_r
                0x100054e8      0x124 e:/program/pico-sdk-v1.5.0/gcc-arm-none-eabi/bin/../lib/gcc/arm-none-eabi/10.3.1/../../../../arm-none-eabi/lib/thumb/v6-m/nofp\libg.a(lib_a-refill.o)
                0x100054e8                __srefill_r
 .text._sbrk_r  0x1000560c       0x24 e:/program/pico-sdk-v1.5.0/gcc-arm-none-eabi/bin/../lib/gcc/arm-none-eabi/10.3.1/../../../../arm-none-eabi/lib/thumb/v6-m/nofp\libg.a(lib_a-sbrkr.o)
                0x1000560c                _sbrk_r
 .text.sscanf   0x10005630       0x50 e:/program/pico-sdk-v1.5.0/gcc-arm-none-eabi/bin/../lib/gcc/arm-none-eabi/10.3.1/../../../../arm-none-eabi/lib/thumb/v6-m/nofp\libg.a(lib_a-sscanf.o)
                0x10005630                sscanf
 .text.__sread  0x10005680       0x28 e:/program/pico-sdk-v1.5.0/gcc-arm-none-eabi/bin/../lib/gcc/arm-none-eabi/10.3.1/../../../../arm-none-eabi/lib/thumb/v6-m/nofp\libg.a(lib_a-stdio.o)
                0x10005680                __sread
 .text.__seofread
                0x100056a8        0x4 e:/program/pico-sdk-v1.5.0/gcc-arm-none-eabi/bin/../lib/gcc/arm-none-eabi/10.3.1/../../../../arm-none-eabi/lib/thumb/v6-m/nofp\libg.a(lib_a-stdio.o)
                0x100056a8                __seofread
 .text.__swrite
                0x100056ac       0x40 e:/program/pico-sdk-v1.5.0/gcc-arm-none-eabi/bin/../lib/gcc/arm-none-eabi/10.3.1/../../../../arm-none-eabi/lib/thumb/v6-m/nofp\libg.a(lib_a-stdio.o)
                0x100056ac                __swrite
 .text.__sseek  0x100056ec       0x2c e:/program/pico-sdk-v1.5.0/gcc-arm-none-eabi/bin/../lib/gcc/arm-none-eabi/10.3.1/../../../../arm-none-eabi/lib/thumb/v6-m/nofp\libg.a(lib_a-stdio.o)
                0x100056ec                __sseek
 .text.__sclose
                0x10005718        0xc e:/program/pico-sdk-v1.5.0/gcc-arm-none-eabi/bin/../lib/gcc/arm-none-eabi/10.3.1/../../../../arm-none-eabi/lib/thumb/v6-m/nofp\libg.a(lib_a-stdio.o)
                0x10005718                __sclose
 .text          0x10005724       0x88 e:/program/pico-sdk-v1.5.0/gcc-arm-none-eabi/bin/../lib/gcc/arm-none-eabi/10.3.1/../../../../arm-none-eabi/lib/thumb/v6-m/nofp\libg.a(lib_a-strcmp.o)
                0x10005724                strcmp
 .text.strlen   0x100057ac       0x5c e:/program/pico-sdk-v1.5.0/gcc-arm-none-eabi/bin/../lib/gcc/arm-none-eabi/10.3.1/../../../../arm-none-eabi/lib/thumb/v6-m/nofp\libg.a(lib_a-strlen-stub.o)
                0x100057ac                strlen
 .text.strncpy  0x10005808       0x6c e:/program/pico-sdk-v1.5.0/gcc-arm-none-eabi/bin/../lib/gcc/arm-none-eabi/10.3.1/../../../../arm-none-eabi/lib/thumb/v6-m/nofp\libg.a(lib_a-strncpy.o)
                0x10005808                strncpy
 .text.strtok   0x10005874       0x14 e:/program/pico-sdk-v1.5.0/gcc-arm-none-eabi/bin/../lib/gcc/arm-none-eabi/10.3.1/../../../../arm-none-eabi/lib/thumb/v6-m/nofp\libg.a(lib_a-strtok.o)
                0x10005874                strtok
 .text.__strtok_r
                0x10005888       0x6c e:/program/pico-sdk-v1.5.0/gcc-arm-none-eabi/bin/../lib/gcc/arm-none-eabi/10.3.1/../../../../arm-none-eabi/lib/thumb/v6-m/nofp\libg.a(lib_a-strtok_r.o)
                0x10005888                __strtok_r
 .text._strtol_l.part.0
                0x100058f4      0x144 e:/program/pico-sdk-v1.5.0/gcc-arm-none-eabi/bin/../lib/gcc/arm-none-eabi/10.3.1/../../../../arm-none-eabi/lib/thumb/v6-m/nofp\libg.a(lib_a-strtol.o)
 .text._strtol_r
                0x10005a38       0x1c e:/program/pico-sdk-v1.5.0/gcc-arm-none-eabi/bin/../lib/gcc/arm-none-eabi/10.3.1/../../../../arm-none-eabi/lib/thumb/v6-m/nofp\libg.a(lib_a-strtol.o)
                0x10005a38                _strtol_r
 .text.strtol   0x10005a54       0x2c e:/program/pico-sdk-v1.5.0/gcc-arm-none-eabi/bin/../lib/gcc/arm-none-eabi/10.3.1/../../../../arm-none-eabi/lib/thumb/v6-m/nofp\libg.a(lib_a-strtol.o)
                0x10005a54                strtol
 .text.__ssvfscanf_r
                0x10005a80     0x17a0 e:/program/pico-sdk-v1.5.0/gcc-arm-none-eabi/bin/../lib/gcc/arm-none-eabi/10.3.1/../../../../arm-none-eabi/lib/thumb/v6-m/nofp\libg.a(lib_a-svfscanf.o)
                0x10005a80                __ssvfscanf_r
 .text._write_r
                0x10007220       0x28 e:/program/pico-sdk-v1.5.0/gcc-arm-none-eabi/bin/../lib/gcc/arm-none-eabi/10.3.1/../../../../arm-none-eabi/lib/thumb/v6-m/nofp\libg.a(lib_a-writer.o)
                0x10007220                _write_r
 .text._close_r
                0x10007248       0x24 e:/program/pico-sdk-v1.5.0/gcc-arm-none-eabi/bin/../lib/gcc/arm-none-eabi/10.3.1/../../../../arm-none-eabi/lib/thumb/v6-m/nofp\libg.a(lib_a-closer.o)
                0x10007248                _close_r
 .text._fclose_r
                0x1000726c       0xdc e:/program/pico-sdk-v1.5.0/gcc-arm-none-eabi/bin/../lib/gcc/arm-none-eabi/10.3.1/../../../../arm-none-eabi/lib/thumb/v6-m/nofp\libg.a(lib_a-fclose.o)
                0x1000726c                _fclose_r
 .text.__sflush_r
                0x10007348      0x140 e:/program/pico-sdk-v1.5.0/gcc-arm-none-eabi/bin/../lib/gcc/arm-none-eabi/10.3.1/../../../../arm-none-eabi/lib/thumb/v6-m/nofp\libg.a(lib_a-fflush.o)
                0x10007348                __sflush_r
 .text._fflush_r
                0x10007488       0x6c e:/program/pico-sdk-v1.5.0/gcc-arm-none-eabi/bin/../lib/gcc/arm-none-eabi/10.3.1/../../../../arm-none-eabi/lib/thumb/v6-m/nofp\libg.a(lib_a-fflush.o)
                0x10007488                _fflush_r
 .text.fflush   0x100074f4       0x78 e:/program/pico-sdk-v1.5.0/gcc-arm-none-eabi/bin/../lib/gcc/arm-none-eabi/10.3.1/../../../../arm-none-eabi/lib/thumb/v6-m/nofp\libg.a(lib_a-fflush.o)
                0x100074f4                fflush
 .text._malloc_trim_r
                0x1000756c       0x9c e:/program/pico-sdk-v1.5.0/gcc-arm-none-eabi/bin/../lib/gcc/arm-none-eabi/10.3.1/../../../../arm-none-eabi/lib/thumb/v6-m/nofp\libg.a(lib_a-freer.o)
                0x1000756c                _malloc_trim_r
 .text._free_r  0x10007608      0x1c4 e:/program/pico-sdk-v1.5.0/gcc-arm-none-eabi/bin/../lib/gcc/arm-none-eabi/10.3.1/../../../../arm-none-eabi/lib/thumb/v6-m/nofp\libg.a(lib_a-freer.o)
                0x10007608                _free_r
 .text.__sfvwrite_r
                0x100077cc      0x2f4 e:/program/pico-sdk-v1.5.0/gcc-arm-none-eabi/bin/../lib/gcc/arm-none-eabi/10.3.1/../../../../arm-none-eabi/lib/thumb/v6-m/nofp\libg.a(lib_a-fvwrite.o)
                0x100077cc                __sfvwrite_r
 .text.iswspace
                0x10007ac0        0xc e:/program/pico-sdk-v1.5.0/gcc-arm-none-eabi/bin/../lib/gcc/arm-none-eabi/10.3.1/../../../../arm-none-eabi/lib/thumb/v6-m/nofp\libg.a(lib_a-iswspace.o)
                0x10007ac0                iswspace
 .text.iswspace_l
                0x10007acc       0x18 e:/program/pico-sdk-v1.5.0/gcc-arm-none-eabi/bin/../lib/gcc/arm-none-eabi/10.3.1/../../../../arm-none-eabi/lib/thumb/v6-m/nofp\libg.a(lib_a-iswspace_l.o)
                0x10007acc                iswspace_l
 .text.__locale_mb_cur_max
                0x10007ae4       0x10 e:/program/pico-sdk-v1.5.0/gcc-arm-none-eabi/bin/../lib/gcc/arm-none-eabi/10.3.1/../../../../arm-none-eabi/lib/thumb/v6-m/nofp\libg.a(lib_a-locale.o)
                0x10007ae4                __locale_mb_cur_max
 .text._localeconv_r
                0x10007af4        0x8 e:/program/pico-sdk-v1.5.0/gcc-arm-none-eabi/bin/../lib/gcc/arm-none-eabi/10.3.1/../../../../arm-none-eabi/lib/thumb/v6-m/nofp\libg.a(lib_a-localeconv.o)
                0x10007af4                _localeconv_r
 .text._lseek_r
                0x10007afc       0x28 e:/program/pico-sdk-v1.5.0/gcc-arm-none-eabi/bin/../lib/gcc/arm-none-eabi/10.3.1/../../../../arm-none-eabi/lib/thumb/v6-m/nofp\libg.a(lib_a-lseekr.o)
                0x10007afc                _lseek_r
 .text.__smakebuf_r
                0x10007b24       0xe4 e:/program/pico-sdk-v1.5.0/gcc-arm-none-eabi/bin/../lib/gcc/arm-none-eabi/10.3.1/../../../../arm-none-eabi/lib/thumb/v6-m/nofp\libg.a(lib_a-makebuf.o)
                0x10007b24                __smakebuf_r
 .text._mbrtowc_r
                0x10007c08       0x4c e:/program/pico-sdk-v1.5.0/gcc-arm-none-eabi/bin/../lib/gcc/arm-none-eabi/10.3.1/../../../../arm-none-eabi/lib/thumb/v6-m/nofp\libg.a(lib_a-mbrtowc.o)
                0x10007c08                _mbrtowc_r
 .text.__ascii_mbtowc
                0x10007c54       0x2c e:/program/pico-sdk-v1.5.0/gcc-arm-none-eabi/bin/../lib/gcc/arm-none-eabi/10.3.1/../../../../arm-none-eabi/lib/thumb/v6-m/nofp\libg.a(lib_a-mbtowc_r.o)
                0x10007c54                __ascii_mbtowc
 .text.memmove  0x10007c80       0xac e:/program/pico-sdk-v1.5.0/gcc-arm-none-eabi/bin/../lib/gcc/arm-none-eabi/10.3.1/../../../../arm-none-eabi/lib/thumb/v6-m/nofp\libg.a(lib_a-memmove.o)
                0x10007c80                memmove
 .text._read_r  0x10007d2c       0x28 e:/program/pico-sdk-v1.5.0/gcc-arm-none-eabi/bin/../lib/gcc/arm-none-eabi/10.3.1/../../../../arm-none-eabi/lib/thumb/v6-m/nofp\libg.a(lib_a-readr.o)
                0x10007d2c                _read_r
 .text.__sccl   0x10007d54       0x80 e:/program/pico-sdk-v1.5.0/gcc-arm-none-eabi/bin/../lib/gcc/arm-none-eabi/10.3.1/../../../../arm-none-eabi/lib/thumb/v6-m/nofp\libg.a(lib_a-sccl.o)
                0x10007d54                __sccl
 .text.nanf     0x10007dd4        0x8 e:/program/pico-sdk-v1.5.0/gcc-arm-none-eabi/bin/../lib/gcc/arm-none-eabi/10.3.1/../../../../arm-none-eabi/lib/thumb/v6-m/nofp\libg.a(lib_a-sf_nan.o)
                0x10007dd4                nanf
 .text._strtod_l
                0x10007ddc      0xf78 e:/program/pico-sdk-v1.5.0/gcc-arm-none-eabi/bin/../lib/gcc/arm-none-eabi/10.3.1/../../../../arm-none-eabi/lib/thumb/v6-m/nofp\libg.a(lib_a-strtod.o)
                0x10007ddc                _strtod_l
 .text._strtod_r
                0x10008d54       0x10 e:/program/pico-sdk-v1.5.0/gcc-arm-none-eabi/bin/../lib/gcc/arm-none-eabi/10.3.1/../../../../arm-none-eabi/lib/thumb/v6-m/nofp\libg.a(lib_a-strtod.o)
                0x10008d54                _strtod_r
 .text._strtoll_l.constprop.0
                0x10008d64      0x198 e:/program/pico-sdk-v1.5.0/gcc-arm-none-eabi/bin/../lib/gcc/arm-none-eabi/10.3.1/../../../../arm-none-eabi/lib/thumb/v6-m/nofp\libg.a(lib_a-strtoll.o)
 .text._strtoll_r
                0x10008efc        0x8 e:/program/pico-sdk-v1.5.0/gcc-arm-none-eabi/bin/../lib/gcc/arm-none-eabi/10.3.1/../../../../arm-none-eabi/lib/thumb/v6-m/nofp\libg.a(lib_a-strtoll.o)
                0x10008efc                _strtoll_r
 .text._strtoul_l.constprop.0
                0x10008f04      0x148 e:/program/pico-sdk-v1.5.0/gcc-arm-none-eabi/bin/../lib/gcc/arm-none-eabi/10.3.1/../../../../arm-none-eabi/lib/thumb/v6-m/nofp\libg.a(lib_a-strtoul.o)
 .text._strtoul_r
                0x1000904c        0x8 e:/program/pico-sdk-v1.5.0/gcc-arm-none-eabi/bin/../lib/gcc/arm-none-eabi/10.3.1/../../../../arm-none-eabi/lib/thumb/v6-m/nofp\libg.a(lib_a-strtoul.o)
                0x1000904c                _strtoul_r
 .text._strtoull_l.constprop.0
                0x10009054      0x1bc e:/program/pico-sdk-v1.5.0/gcc-arm-none-eabi/bin/../lib/gcc/arm-none-eabi/10.3.1/../../../../arm-none-eabi/lib/thumb/v6-m/nofp\libg.a(lib_a-strtoull.o)
 .text._strtoull_r
                0x10009210        0x8 e:/program/pico-sdk-v1.5.0/gcc-arm-none-eabi/bin/../lib/gcc/arm-none-eabi/10.3.1/../../../../arm-none-eabi/lib/thumb/v6-m/nofp\libg.a(lib_a-strtoull.o)
                0x10009210                _strtoull_r
 .text._sungetc_r
                0x10009218       0x84 e:/program/pico-sdk-v1.5.0/gcc-arm-none-eabi/bin/../lib/gcc/arm-none-eabi/10.3.1/../../../../arm-none-eabi/lib/thumb/v6-m/nofp\libg.a(lib_a-svfiscanf.o)
                0x10009218                _sungetc_r
 .text.__ssrefill_r
                0x1000929c       0x40 e:/program/pico-sdk-v1.5.0/gcc-arm-none-eabi/bin/../lib/gcc/arm-none-eabi/10.3.1/../../../../arm-none-eabi/lib/thumb/v6-m/nofp\libg.a(lib_a-svfiscanf.o)
                0x1000929c                __ssrefill_r
 .text._sfread_r
                0x100092dc       0xc4 e:/program/pico-sdk-v1.5.0/gcc-arm-none-eabi/bin/../lib/gcc/arm-none-eabi/10.3.1/../../../../arm-none-eabi/lib/thumb/v6-m/nofp\libg.a(lib_a-svfiscanf.o)
                0x100092dc                _sfread_r
 .text.__submore
                0x100093a0       0x84 e:/program/pico-sdk-v1.5.0/gcc-arm-none-eabi/bin/../lib/gcc/arm-none-eabi/10.3.1/../../../../arm-none-eabi/lib/thumb/v6-m/nofp\libg.a(lib_a-ungetc.o)
                0x100093a0                __submore
 .text.__ascii_wctomb
                0x10009424       0x1c e:/program/pico-sdk-v1.5.0/gcc-arm-none-eabi/bin/../lib/gcc/arm-none-eabi/10.3.1/../../../../arm-none-eabi/lib/thumb/v6-m/nofp\libg.a(lib_a-wctomb_r.o)
                0x10009424                __ascii_wctomb
 .text.__swsetup_r
                0x10009440       0xdc e:/program/pico-sdk-v1.5.0/gcc-arm-none-eabi/bin/../lib/gcc/arm-none-eabi/10.3.1/../../../../arm-none-eabi/lib/thumb/v6-m/nofp\libg.a(lib_a-wsetup.o)
                0x10009440                __swsetup_r
 .text._fstat_r
                0x1000951c       0x28 e:/program/pico-sdk-v1.5.0/gcc-arm-none-eabi/bin/../lib/gcc/arm-none-eabi/10.3.1/../../../../arm-none-eabi/lib/thumb/v6-m/nofp\libg.a(lib_a-fstatr.o)
                0x1000951c                _fstat_r
 .text.rshift   0x10009544       0xa4 e:/program/pico-sdk-v1.5.0/gcc-arm-none-eabi/bin/../lib/gcc/arm-none-eabi/10.3.1/../../../../arm-none-eabi/lib/thumb/v6-m/nofp\libg.a(lib_a-gdtoa-gethex.o)
 .text.__gethex
                0x100095e8      0x5cc e:/program/pico-sdk-v1.5.0/gcc-arm-none-eabi/bin/../lib/gcc/arm-none-eabi/10.3.1/../../../../arm-none-eabi/lib/thumb/v6-m/nofp\libg.a(lib_a-gdtoa-gethex.o)
                0x100095e8                __gethex
 .text.__match  0x10009bb4       0x2c e:/program/pico-sdk-v1.5.0/gcc-arm-none-eabi/bin/../lib/gcc/arm-none-eabi/10.3.1/../../../../arm-none-eabi/lib/thumb/v6-m/nofp\libg.a(lib_a-gdtoa-hexnan.o)
                0x10009bb4                __match
 .text.__hexnan
                0x10009be0      0x1d0 e:/program/pico-sdk-v1.5.0/gcc-arm-none-eabi/bin/../lib/gcc/arm-none-eabi/10.3.1/../../../../arm-none-eabi/lib/thumb/v6-m/nofp\libg.a(lib_a-gdtoa-hexnan.o)
                0x10009be0                __hexnan
 .text._isatty_r
                0x10009db0       0x24 e:/program/pico-sdk-v1.5.0/gcc-arm-none-eabi/bin/../lib/gcc/arm-none-eabi/10.3.1/../../../../arm-none-eabi/lib/thumb/v6-m/nofp\libg.a(lib_a-isattyr.o)
                0x10009db0                _isatty_r
 .text._Balloc  0x10009dd4       0x50 e:/program/pico-sdk-v1.5.0/gcc-arm-none-eabi/bin/../lib/gcc/arm-none-eabi/10.3.1/../../../../arm-none-eabi/lib/thumb/v6-m/nofp\libg.a(lib_a-mprec.o)
                0x10009dd4                _Balloc
 .text._Bfree   0x10009e24       0x14 e:/program/pico-sdk-v1.5.0/gcc-arm-none-eabi/bin/../lib/gcc/arm-none-eabi/10.3.1/../../../../arm-none-eabi/lib/thumb/v6-m/nofp\libg.a(lib_a-mprec.o)
                0x10009e24                _Bfree
 .text.__multadd
                0x10009e38       0xa8 e:/program/pico-sdk-v1.5.0/gcc-arm-none-eabi/bin/../lib/gcc/arm-none-eabi/10.3.1/../../../../arm-none-eabi/lib/thumb/v6-m/nofp\libg.a(lib_a-mprec.o)
                0x10009e38                __multadd
 .text.__s2b    0x10009ee0       0xb0 e:/program/pico-sdk-v1.5.0/gcc-arm-none-eabi/bin/../lib/gcc/arm-none-eabi/10.3.1/../../../../arm-none-eabi/lib/thumb/v6-m/nofp\libg.a(lib_a-mprec.o)
                0x10009ee0                __s2b
 .text.__hi0bits
                0x10009f90       0x38 e:/program/pico-sdk-v1.5.0/gcc-arm-none-eabi/bin/../lib/gcc/arm-none-eabi/10.3.1/../../../../arm-none-eabi/lib/thumb/v6-m/nofp\libg.a(lib_a-mprec.o)
                0x10009f90                __hi0bits
 .text.__lo0bits
                0x10009fc8       0x5c e:/program/pico-sdk-v1.5.0/gcc-arm-none-eabi/bin/../lib/gcc/arm-none-eabi/10.3.1/../../../../arm-none-eabi/lib/thumb/v6-m/nofp\libg.a(lib_a-mprec.o)
                0x10009fc8                __lo0bits
 .text.__i2b    0x1000a024       0x60 e:/program/pico-sdk-v1.5.0/gcc-arm-none-eabi/bin/../lib/gcc/arm-none-eabi/10.3.1/../../../../arm-none-eabi/lib/thumb/v6-m/nofp\libg.a(lib_a-mprec.o)
                0x1000a024                __i2b
 .text.__multiply
                0x1000a084      0x1a4 e:/program/pico-sdk-v1.5.0/gcc-arm-none-eabi/bin/../lib/gcc/arm-none-eabi/10.3.1/../../../../arm-none-eabi/lib/thumb/v6-m/nofp\libg.a(lib_a-mprec.o)
                0x1000a084                __multiply
 .text.__pow5mult
                0x1000a228       0xd8 e:/program/pico-sdk-v1.5.0/gcc-arm-none-eabi/bin/../lib/gcc/arm-none-eabi/10.3.1/../../../../arm-none-eabi/lib/thumb/v6-m/nofp\libg.a(lib_a-mprec.o)
                0x1000a228                __pow5mult
 .text.__lshift
                0x1000a300       0xfc e:/program/pico-sdk-v1.5.0/gcc-arm-none-eabi/bin/../lib/gcc/arm-none-eabi/10.3.1/../../../../arm-none-eabi/lib/thumb/v6-m/nofp\libg.a(lib_a-mprec.o)
                0x1000a300                __lshift
 .text.__mcmp   0x1000a3fc       0x34 e:/program/pico-sdk-v1.5.0/gcc-arm-none-eabi/bin/../lib/gcc/arm-none-eabi/10.3.1/../../../../arm-none-eabi/lib/thumb/v6-m/nofp\libg.a(lib_a-mprec.o)
                0x1000a3fc                __mcmp
 .text.__mdiff  0x1000a430      0x18c e:/program/pico-sdk-v1.5.0/gcc-arm-none-eabi/bin/../lib/gcc/arm-none-eabi/10.3.1/../../../../arm-none-eabi/lib/thumb/v6-m/nofp\libg.a(lib_a-mprec.o)
                0x1000a430                __mdiff
 .text.__ulp    0x1000a5bc       0x48 e:/program/pico-sdk-v1.5.0/gcc-arm-none-eabi/bin/../lib/gcc/arm-none-eabi/10.3.1/../../../../arm-none-eabi/lib/thumb/v6-m/nofp\libg.a(lib_a-mprec.o)
                0x1000a5bc                __ulp
 .text.__b2d    0x1000a604       0xc8 e:/program/pico-sdk-v1.5.0/gcc-arm-none-eabi/bin/../lib/gcc/arm-none-eabi/10.3.1/../../../../arm-none-eabi/lib/thumb/v6-m/nofp\libg.a(lib_a-mprec.o)
                0x1000a604                __b2d
 .text.__d2b    0x1000a6cc       0xd8 e:/program/pico-sdk-v1.5.0/gcc-arm-none-eabi/bin/../lib/gcc/arm-none-eabi/10.3.1/../../../../arm-none-eabi/lib/thumb/v6-m/nofp\libg.a(lib_a-mprec.o)
                0x1000a6cc                __d2b
 .text.__ratio  0x1000a7a4       0x68 e:/program/pico-sdk-v1.5.0/gcc-arm-none-eabi/bin/../lib/gcc/arm-none-eabi/10.3.1/../../../../arm-none-eabi/lib/thumb/v6-m/nofp\libg.a(lib_a-mprec.o)
                0x1000a7a4                __ratio
 .text.__copybits
                0x1000a80c       0x40 e:/program/pico-sdk-v1.5.0/gcc-arm-none-eabi/bin/../lib/gcc/arm-none-eabi/10.3.1/../../../../arm-none-eabi/lib/thumb/v6-m/nofp\libg.a(lib_a-mprec.o)
                0x1000a80c                __copybits
 .text.__any_on
                0x1000a84c       0x50 e:/program/pico-sdk-v1.5.0/gcc-arm-none-eabi/bin/../lib/gcc/arm-none-eabi/10.3.1/../../../../arm-none-eabi/lib/thumb/v6-m/nofp\libg.a(lib_a-mprec.o)
                0x1000a84c                __any_on
 .text.nan      0x1000a89c        0xc e:/program/pico-sdk-v1.5.0/gcc-arm-none-eabi/bin/../lib/gcc/arm-none-eabi/10.3.1/../../../../arm-none-eabi/lib/thumb/v6-m/nofp\libg.a(lib_a-s_nan.o)
                0x1000a89c                nan
 .text.strncmp  0x1000a8a8       0x74 e:/program/pico-sdk-v1.5.0/gcc-arm-none-eabi/bin/../lib/gcc/arm-none-eabi/10.3.1/../../../../arm-none-eabi/lib/thumb/v6-m/nofp\libg.a(lib_a-strncmp.o)
                0x1000a8a8                strncmp
 *(.fini)
 .fini          0x1000a91c        0x4 e:/program/pico-sdk-v1.5.0/gcc-arm-none-eabi/bin/../lib/gcc/arm-none-eabi/10.3.1/thumb/v6-m/nofp/crti.o
                0x1000a91c                _fini
 .fini.__stub   0x1000a920       0x40 linker stubs
 *crtbegin.o(.ctors)
 *crtbegin?.o(.ctors)
 *(EXCLUDE_FILE(*crtend.o *crtend?.o) .ctors)
 *(SORT_BY_NAME(.ctors.*))
 *(.ctors)
 *crtbegin.o(.dtors)
 *crtbegin?.o(.dtors)
 *(EXCLUDE_FILE(*crtend.o *crtend?.o) .dtors)
 *(SORT_BY_NAME(.dtors.*))
 *(.dtors)
 *(.eh_frame*)
 .eh_frame      0x1000a960        0x0 e:/program/pico-sdk-v1.5.0/gcc-arm-none-eabi/bin/../lib/gcc/arm-none-eabi/10.3.1/thumb/v6-m/nofp/crtbegin.o
                0x1000a960                . = ALIGN (0x4)

.glue_7         0x1000a960        0x0
 .glue_7        0x1000a960        0x0 linker stubs

.glue_7t        0x1000a960        0x0
 .glue_7t       0x1000a960        0x0 linker stubs

.vfp11_veneer   0x1000a960        0x0
 .vfp11_veneer  0x1000a960        0x0 linker stubs

.v4_bx          0x1000a960        0x0
 .v4_bx         0x1000a960        0x0 linker stubs

.iplt           0x1000a960        0x0
 .iplt          0x1000a960        0x0 e:/program/pico-sdk-v1.5.0/gcc-arm-none-eabi/bin/../lib/gcc/arm-none-eabi/10.3.1/thumb/v6-m/nofp/crtbegin.o

.rodata         0x1000a960     0x1adc
 *(EXCLUDE_FILE(*libm.a: *libc.a:*lib_a-mem*.o *libgcc.a:) .rodata*)
 .rodata.is_number.str1.4
                0x1000a960        0x3 CMakeFiles/blink.dir/main.c.obj
 *fill*         0x1000a963        0x1 
 .rodata.judge_common_run_N.str1.4
                0x1000a964        0x4 CMakeFiles/blink.dir/main.c.obj
 .rodata.read_str_by_fg.str1.4
                0x1000a968        0x5 CMakeFiles/blink.dir/main.c.obj
 *fill*         0x1000a96d        0x3 
 .rodata.get_status.str1.4
                0x1000a970       0x3b CMakeFiles/blink.dir/main.c.obj
 *fill*         0x1000a9ab        0x1 
 .rodata.read_common.str1.4
                0x1000a9ac       0x37 CMakeFiles/blink.dir/main.c.obj
 *fill*         0x1000a9e3        0x1 
 .rodata.main.str1.4
                0x1000a9e4       0x84 CMakeFiles/blink.dir/main.c.obj
 .rodata.rotrary_arr
                0x1000aa68       0x80 CMakeFiles/blink.dir/main.c.obj
 .rodata.make_branch.str1.4
                0x1000aae8       0x76 CMakeFiles/blink.dir/E_/program/Pico-SDK-v1.5.0/pico-sdk/src/rp2_common/hardware_irq/irq.c.obj
 *fill*         0x1000ab5e        0x2 
 .rodata.insert_branch_and_link.str1.4
                0x1000ab60       0x10 CMakeFiles/blink.dir/E_/program/Pico-SDK-v1.5.0/pico-sdk/src/rp2_common/hardware_irq/irq.c.obj
 .rodata.irq_set_exclusive_handler.str1.4
                0x1000ab70       0x36 CMakeFiles/blink.dir/E_/program/Pico-SDK-v1.5.0/pico-sdk/src/rp2_common/hardware_irq/irq.c.obj
 *fill*         0x1000aba6        0x2 
 .rodata.irq_add_shared_handler.str1.4
                0x1000aba8       0xd9 CMakeFiles/blink.dir/E_/program/Pico-SDK-v1.5.0/pico-sdk/src/rp2_common/hardware_irq/irq.c.obj
 *fill*         0x1000ac81        0x3 
 .rodata.irq_remove_handler.str1.4
                0x1000ac84       0x3a CMakeFiles/blink.dir/E_/program/Pico-SDK-v1.5.0/pico-sdk/src/rp2_common/hardware_irq/irq.c.obj
 *fill*         0x1000acbe        0x2 
 .rodata.irq_add_tail_to_free_list.str1.4
                0x1000acc0       0x3a CMakeFiles/blink.dir/E_/program/Pico-SDK-v1.5.0/pico-sdk/src/rp2_common/hardware_irq/irq.c.obj
 *fill*         0x1000acfa        0x2 
 .rodata.__func__.0
                0x1000acfc       0x1a CMakeFiles/blink.dir/E_/program/Pico-SDK-v1.5.0/pico-sdk/src/rp2_common/hardware_irq/irq.c.obj
 *fill*         0x1000ad16        0x2 
 .rodata.__func__.1
                0x1000ad18       0x17 CMakeFiles/blink.dir/E_/program/Pico-SDK-v1.5.0/pico-sdk/src/rp2_common/hardware_irq/irq.c.obj
 *fill*         0x1000ad2f        0x1 
 .rodata.__func__.2
                0x1000ad30       0x13 CMakeFiles/blink.dir/E_/program/Pico-SDK-v1.5.0/pico-sdk/src/rp2_common/hardware_irq/irq.c.obj
 *fill*         0x1000ad43        0x1 
 .rodata.__func__.3
                0x1000ad44        0xc CMakeFiles/blink.dir/E_/program/Pico-SDK-v1.5.0/pico-sdk/src/rp2_common/hardware_irq/irq.c.obj
 .rodata.__func__.4
                0x1000ad50        0xf CMakeFiles/blink.dir/E_/program/Pico-SDK-v1.5.0/pico-sdk/src/rp2_common/hardware_irq/irq.c.obj
 *fill*         0x1000ad5f        0x1 
 .rodata.__func__.6
                0x1000ad60       0x1a CMakeFiles/blink.dir/E_/program/Pico-SDK-v1.5.0/pico-sdk/src/rp2_common/hardware_irq/irq.c.obj
 *fill*         0x1000ad7a        0x2 
 .rodata.str1.4
                0x1000ad7c      0x101 CMakeFiles/blink.dir/E_/program/Pico-SDK-v1.5.0/pico-sdk/src/common/pico_sync/mutex.c.obj
 *fill*         0x1000ae7d        0x3 
 .rodata.__func__.1
                0x1000ae80        0xb CMakeFiles/blink.dir/E_/program/Pico-SDK-v1.5.0/pico-sdk/src/common/pico_sync/mutex.c.obj
 *fill*         0x1000ae8b        0x1 
 .rodata.__func__.3
                0x1000ae8c       0x18 CMakeFiles/blink.dir/E_/program/Pico-SDK-v1.5.0/pico-sdk/src/common/pico_sync/mutex.c.obj
 .rodata.repeating_timer_callback.str1.4
                0x1000aea4       0x54 CMakeFiles/blink.dir/E_/program/Pico-SDK-v1.5.0/pico-sdk/src/common/pico_time/time.c.obj
 .rodata.timer_pool_entry_comparator.str1.4
                0x1000aef8       0x22 CMakeFiles/blink.dir/E_/program/Pico-SDK-v1.5.0/pico-sdk/src/common/pico_time/time.c.obj
 *fill*         0x1000af1a        0x2 
 .rodata.ph_add_child_node.str1.4
                0x1000af1c       0x9e CMakeFiles/blink.dir/E_/program/Pico-SDK-v1.5.0/pico-sdk/src/common/pico_time/time.c.obj
 *fill*         0x1000afba        0x2 
 .rodata.add_alarm_under_lock.str1.4
                0x1000afbc       0x28 CMakeFiles/blink.dir/E_/program/Pico-SDK-v1.5.0/pico-sdk/src/common/pico_time/time.c.obj
                                 0x2b (size before relaxing)
 .rodata.alarm_pool_alarm_callback.str1.4
                0x1000afe4       0x98 CMakeFiles/blink.dir/E_/program/Pico-SDK-v1.5.0/pico-sdk/src/common/pico_time/time.c.obj
                                0x104 (size before relaxing)
 .rodata.alarm_pool_get_default.str1.4
                0x1000b07c       0x21 CMakeFiles/blink.dir/E_/program/Pico-SDK-v1.5.0/pico-sdk/src/common/pico_time/time.c.obj
 *fill*         0x1000b09d        0x3 
 .rodata.alarm_pool_cancel_alarm.str1.4
                0x1000b0a0       0x27 CMakeFiles/blink.dir/E_/program/Pico-SDK-v1.5.0/pico-sdk/src/common/pico_time/time.c.obj
 *fill*         0x1000b0c7        0x1 
 .rodata.sleep_until.str1.4
                0x1000b0c8       0x4d CMakeFiles/blink.dir/E_/program/Pico-SDK-v1.5.0/pico-sdk/src/common/pico_time/time.c.obj
 *fill*         0x1000b115        0x3 
 .rodata.__func__.1
                0x1000b118       0x18 CMakeFiles/blink.dir/E_/program/Pico-SDK-v1.5.0/pico-sdk/src/common/pico_time/time.c.obj
 .rodata.__func__.10
                0x1000b130       0x15 CMakeFiles/blink.dir/E_/program/Pico-SDK-v1.5.0/pico-sdk/src/common/pico_time/time.c.obj
 *fill*         0x1000b145        0x3 
 .rodata.__func__.11
                0x1000b148       0x1a CMakeFiles/blink.dir/E_/program/Pico-SDK-v1.5.0/pico-sdk/src/common/pico_time/time.c.obj
 *fill*         0x1000b162        0x2 
 .rodata.__func__.12
                0x1000b164        0xa CMakeFiles/blink.dir/E_/program/Pico-SDK-v1.5.0/pico-sdk/src/common/pico_time/time.c.obj
 *fill*         0x1000b16e        0x2 
 .rodata.__func__.3
                0x1000b170       0x17 CMakeFiles/blink.dir/E_/program/Pico-SDK-v1.5.0/pico-sdk/src/common/pico_time/time.c.obj
 *fill*         0x1000b187        0x1 
 .rodata.__func__.4
                0x1000b188       0x12 CMakeFiles/blink.dir/E_/program/Pico-SDK-v1.5.0/pico-sdk/src/common/pico_time/time.c.obj
 *fill*         0x1000b19a        0x2 
 .rodata.__func__.5
                0x1000b19c        0xd CMakeFiles/blink.dir/E_/program/Pico-SDK-v1.5.0/pico-sdk/src/common/pico_time/time.c.obj
 *fill*         0x1000b1a9        0x3 
 .rodata.__func__.6
                0x1000b1ac       0x12 CMakeFiles/blink.dir/E_/program/Pico-SDK-v1.5.0/pico-sdk/src/common/pico_time/time.c.obj
 *fill*         0x1000b1be        0x2 
 .rodata.__func__.7
                0x1000b1c0        0xf CMakeFiles/blink.dir/E_/program/Pico-SDK-v1.5.0/pico-sdk/src/common/pico_time/time.c.obj
 *fill*         0x1000b1cf        0x1 
 .rodata.__func__.8
                0x1000b1d0        0xc CMakeFiles/blink.dir/E_/program/Pico-SDK-v1.5.0/pico-sdk/src/common/pico_time/time.c.obj
 .rodata.__func__.9
                0x1000b1dc       0x15 CMakeFiles/blink.dir/E_/program/Pico-SDK-v1.5.0/pico-sdk/src/common/pico_time/time.c.obj
 *fill*         0x1000b1f1        0x7 
 .rodata.at_the_end_of_time
                0x1000b1f8        0x8 CMakeFiles/blink.dir/E_/program/Pico-SDK-v1.5.0/pico-sdk/src/common/pico_time/time.c.obj
                0x1000b1f8                at_the_end_of_time
 .rodata.hardware_alarm_claim.str1.4
                0x1000b200       0x22 CMakeFiles/blink.dir/E_/program/Pico-SDK-v1.5.0/pico-sdk/src/rp2_common/hardware_timer/timer.c.obj
 .rodata.busy_wait_us.str1.4
                0x1000b222       0x6a CMakeFiles/blink.dir/E_/program/Pico-SDK-v1.5.0/pico-sdk/src/rp2_common/hardware_timer/timer.c.obj
 *fill*         0x1000b222        0x2 
 .rodata.hardware_alarm_set_target.str1.4
                0x1000b224       0x6e CMakeFiles/blink.dir/E_/program/Pico-SDK-v1.5.0/pico-sdk/src/rp2_common/hardware_timer/timer.c.obj
 *fill*         0x1000b292        0x2 
 .rodata.__func__.0
                0x1000b294       0x1a CMakeFiles/blink.dir/E_/program/Pico-SDK-v1.5.0/pico-sdk/src/rp2_common/hardware_timer/timer.c.obj
 *fill*         0x1000b2ae        0x2 
 .rodata.__func__.1
                0x1000b2b0       0x15 CMakeFiles/blink.dir/E_/program/Pico-SDK-v1.5.0/pico-sdk/src/rp2_common/hardware_timer/timer.c.obj
 .rodata.ph_add_child_node.str1.4
                0x1000b2c5       0x9e CMakeFiles/blink.dir/E_/program/Pico-SDK-v1.5.0/pico-sdk/src/common/pico_util/pheap.c.obj
 *fill*         0x1000b2c5        0x3 
 .rodata.ph_remove_any_head.str1.4
                0x1000b2c8       0x98 CMakeFiles/blink.dir/E_/program/Pico-SDK-v1.5.0/pico-sdk/src/common/pico_util/pheap.c.obj
                                 0xac (size before relaxing)
 .rodata.ph_remove_and_free_node.str1.4
                0x1000b360       0x1e CMakeFiles/blink.dir/E_/program/Pico-SDK-v1.5.0/pico-sdk/src/common/pico_util/pheap.c.obj
                                 0x26 (size before relaxing)
 *fill*         0x1000b37e        0x2 
 .rodata.__func__.0
                0x1000b380       0x18 CMakeFiles/blink.dir/E_/program/Pico-SDK-v1.5.0/pico-sdk/src/common/pico_util/pheap.c.obj
 .rodata.__func__.1
                0x1000b398       0x13 CMakeFiles/blink.dir/E_/program/Pico-SDK-v1.5.0/pico-sdk/src/common/pico_util/pheap.c.obj
 *fill*         0x1000b3ab        0x1 
 .rodata.__func__.2
                0x1000b3ac       0x12 CMakeFiles/blink.dir/E_/program/Pico-SDK-v1.5.0/pico-sdk/src/common/pico_util/pheap.c.obj
 *fill*         0x1000b3be        0x2 
 .rodata.__func__.3
                0x1000b3c0        0xc CMakeFiles/blink.dir/E_/program/Pico-SDK-v1.5.0/pico-sdk/src/common/pico_util/pheap.c.obj
 .rodata.clock_configure.str1.4
                0x1000b3cc       0x60 CMakeFiles/blink.dir/E_/program/Pico-SDK-v1.5.0/pico-sdk/src/rp2_common/hardware_clocks/clocks.c.obj
 .rodata.__func__.1
                0x1000b42c       0x10 CMakeFiles/blink.dir/E_/program/Pico-SDK-v1.5.0/pico-sdk/src/rp2_common/hardware_clocks/clocks.c.obj
 .rodata.pll_init.str1.4
                0x1000b43c      0x12b CMakeFiles/blink.dir/E_/program/Pico-SDK-v1.5.0/pico-sdk/src/rp2_common/hardware_pll/pll.c.obj
 *fill*         0x1000b567        0x1 
 .rodata.__func__.0
                0x1000b568        0x9 CMakeFiles/blink.dir/E_/program/Pico-SDK-v1.5.0/pico-sdk/src/rp2_common/hardware_pll/pll.c.obj
 *fill*         0x1000b571        0x3 
 .rodata.__assert_func.str1.4
                0x1000b574       0x3f CMakeFiles/blink.dir/E_/program/Pico-SDK-v1.5.0/pico-sdk/src/rp2_common/pico_runtime/runtime.c.obj
                                 0x43 (size before relaxing)
 *fill*         0x1000b5b3        0x1 
 .rodata.runtime_init.str1.4
                0x1000b5b4       0x6a CMakeFiles/blink.dir/E_/program/Pico-SDK-v1.5.0/pico-sdk/src/rp2_common/pico_runtime/runtime.c.obj
 *fill*         0x1000b61e        0x2 
 .rodata.panic.str1.4
                0x1000b620       0x12 CMakeFiles/blink.dir/E_/program/Pico-SDK-v1.5.0/pico-sdk/src/rp2_common/pico_runtime/runtime.c.obj
 *fill*         0x1000b632        0x2 
 .rodata.__func__.2
                0x1000b634        0xd CMakeFiles/blink.dir/E_/program/Pico-SDK-v1.5.0/pico-sdk/src/rp2_common/pico_runtime/runtime.c.obj
 *fill*         0x1000b641        0x3 
 .rodata._ftoa.str1.4
                0x1000b644       0x15 CMakeFiles/blink.dir/E_/program/Pico-SDK-v1.5.0/pico-sdk/src/rp2_common/pico_printf/printf.c.obj
 *fill*         0x1000b659        0x3 
 .rodata._vsnprintf
                0x1000b65c      0x1e0 CMakeFiles/blink.dir/E_/program/Pico-SDK-v1.5.0/pico-sdk/src/rp2_common/pico_printf/printf.c.obj
 *fill*         0x1000b83c        0x4 
 .rodata.pow10.0
                0x1000b840       0x50 CMakeFiles/blink.dir/E_/program/Pico-SDK-v1.5.0/pico-sdk/src/rp2_common/pico_printf/printf.c.obj
 .rodata.missing_double_func_shim.str1.4
                0x1000b890       0x18 CMakeFiles/blink.dir/E_/program/Pico-SDK-v1.5.0/pico-sdk/src/rp2_common/pico_double/double_init_rom.c.obj
 .rodata.__aeabi_double_init.str1.4
                0x1000b8a8       0xb1 CMakeFiles/blink.dir/E_/program/Pico-SDK-v1.5.0/pico-sdk/src/rp2_common/pico_double/double_init_rom.c.obj
 *fill*         0x1000b959        0x3 
 .rodata.__func__.0
                0x1000b95c       0x14 CMakeFiles/blink.dir/E_/program/Pico-SDK-v1.5.0/pico-sdk/src/rp2_common/pico_double/double_init_rom.c.obj
 .rodata.missing_float_func_shim.str1.4
                0x1000b970        0x1 CMakeFiles/blink.dir/E_/program/Pico-SDK-v1.5.0/pico-sdk/src/rp2_common/pico_float/float_init_rom.c.obj
 .rodata.__aeabi_float_init.str1.4
                0x1000b970       0x83 CMakeFiles/blink.dir/E_/program/Pico-SDK-v1.5.0/pico-sdk/src/rp2_common/pico_float/float_init_rom.c.obj
 *fill*         0x1000b9f3        0x1 
 .rodata.__func__.0
                0x1000b9f4       0x13 CMakeFiles/blink.dir/E_/program/Pico-SDK-v1.5.0/pico-sdk/src/rp2_common/pico_float/float_init_rom.c.obj
 *fill*         0x1000ba07        0x1 
 .rodata.__wrap_malloc.str1.4
                0x1000ba08        0xe CMakeFiles/blink.dir/E_/program/Pico-SDK-v1.5.0/pico-sdk/src/rp2_common/pico_malloc/pico_malloc.c.obj
 *fill*         0x1000ba16        0x2 
 .rodata.str1.4
                0x1000ba18       0x3c CMakeFiles/blink.dir/E_/program/Pico-SDK-v1.5.0/pico-sdk/src/rp2_common/pico_standard_link/binary_info.c.obj
 .rodata.__bi_44
                0x1000ba54        0xc CMakeFiles/blink.dir/E_/program/Pico-SDK-v1.5.0/pico-sdk/src/rp2_common/pico_standard_link/binary_info.c.obj
 .rodata.__bi_75
                0x1000ba60        0xc CMakeFiles/blink.dir/E_/program/Pico-SDK-v1.5.0/pico-sdk/src/rp2_common/pico_standard_link/binary_info.c.obj
 .rodata.__bi_81
                0x1000ba6c        0xc CMakeFiles/blink.dir/E_/program/Pico-SDK-v1.5.0/pico-sdk/src/rp2_common/pico_standard_link/binary_info.c.obj
 .rodata.stdout_serialize_begin.str1.4
                0x1000ba78       0x6a CMakeFiles/blink.dir/E_/program/Pico-SDK-v1.5.0/pico-sdk/src/rp2_common/pico_stdio/stdio.c.obj
 .rodata.__func__.3
                0x1000ba78       0x15 CMakeFiles/blink.dir/E_/program/Pico-SDK-v1.5.0/pico-sdk/src/rp2_common/pico_stdio/stdio.c.obj
 *fill*         0x1000ba8d        0x3 
 .rodata.crlf_str.2
                0x1000ba90        0x2 CMakeFiles/blink.dir/E_/program/Pico-SDK-v1.5.0/pico-sdk/src/rp2_common/pico_stdio/stdio.c.obj
 *fill*         0x1000ba92        0x2 
 .rodata.str1.4
                0x1000ba94       0x2c CMakeFiles/blink.dir/E_/program/Pico-SDK-v1.5.0/pico-sdk/src/rp2_common/pico_stdio_uart/stdio_uart.c.obj
 .rodata.__bi_33.4
                0x1000bac0        0xc CMakeFiles/blink.dir/E_/program/Pico-SDK-v1.5.0/pico-sdk/src/rp2_common/pico_stdio_uart/stdio_uart.c.obj
 .rodata.__bi_34.5
                0x1000bacc        0x8 CMakeFiles/blink.dir/E_/program/Pico-SDK-v1.5.0/pico-sdk/src/rp2_common/pico_stdio_uart/stdio_uart.c.obj
 .rodata._global_impure_ptr
                0x1000bad4        0x4 e:/program/pico-sdk-v1.5.0/gcc-arm-none-eabi/bin/../lib/gcc/arm-none-eabi/10.3.1/../../../../arm-none-eabi/lib/thumb/v6-m/nofp\libg.a(lib_a-impure.o)
                0x1000bad4                _global_impure_ptr
 .rodata.__ssvfscanf_r.str1.4
                0x1000bad8        0x5 e:/program/pico-sdk-v1.5.0/gcc-arm-none-eabi/bin/../lib/gcc/arm-none-eabi/10.3.1/../../../../arm-none-eabi/lib/thumb/v6-m/nofp\libg.a(lib_a-svfscanf.o)
                                  0x9 (size before relaxing)
 *fill*         0x1000badd        0x3 
 .rodata.__ssvfscanf_r
                0x1000bae0      0x3cc e:/program/pico-sdk-v1.5.0/gcc-arm-none-eabi/bin/../lib/gcc/arm-none-eabi/10.3.1/../../../../arm-none-eabi/lib/thumb/v6-m/nofp\libg.a(lib_a-svfscanf.o)
 .rodata.basefix.0
                0x1000beac       0x22 e:/program/pico-sdk-v1.5.0/gcc-arm-none-eabi/bin/../lib/gcc/arm-none-eabi/10.3.1/../../../../arm-none-eabi/lib/thumb/v6-m/nofp\libg.a(lib_a-svfscanf.o)
 *fill*         0x1000bece        0x2 
 .rodata._ctype_
                0x1000bed0      0x101 e:/program/pico-sdk-v1.5.0/gcc-arm-none-eabi/bin/../lib/gcc/arm-none-eabi/10.3.1/../../../../arm-none-eabi/lib/thumb/v6-m/nofp\libg.a(lib_a-ctype_.o)
                0x1000bed0                _ctype_
 *fill*         0x1000bfd1        0x3 
 .rodata._setlocale_r.str1.4
                0x1000bfd4        0xa e:/program/pico-sdk-v1.5.0/gcc-arm-none-eabi/bin/../lib/gcc/arm-none-eabi/10.3.1/../../../../arm-none-eabi/lib/thumb/v6-m/nofp\libg.a(lib_a-locale.o)
                                  0xd (size before relaxing)
 *fill*         0x1000bfde        0x2 
 .rodata.str1.4
                0x1000bfe0        0x2 e:/program/pico-sdk-v1.5.0/gcc-arm-none-eabi/bin/../lib/gcc/arm-none-eabi/10.3.1/../../../../arm-none-eabi/lib/thumb/v6-m/nofp\libg.a(lib_a-locale.o)
 .rodata._mbrtowc_r.str1.4
                0x1000bfe2        0x1 e:/program/pico-sdk-v1.5.0/gcc-arm-none-eabi/bin/../lib/gcc/arm-none-eabi/10.3.1/../../../../arm-none-eabi/lib/thumb/v6-m/nofp\libg.a(lib_a-mbrtowc.o)
 *fill*         0x1000bfe2        0x2 
 .rodata._strtod_l.str1.4
                0x1000bfe4        0xf e:/program/pico-sdk-v1.5.0/gcc-arm-none-eabi/bin/../lib/gcc/arm-none-eabi/10.3.1/../../../../arm-none-eabi/lib/thumb/v6-m/nofp\libg.a(lib_a-strtod.o)
                                 0x11 (size before relaxing)
 *fill*         0x1000bff3        0x1 
 .rodata._strtod_l
                0x1000bff4       0xd0 e:/program/pico-sdk-v1.5.0/gcc-arm-none-eabi/bin/../lib/gcc/arm-none-eabi/10.3.1/../../../../arm-none-eabi/lib/thumb/v6-m/nofp\libg.a(lib_a-strtod.o)
 .rodata.fpi.1  0x1000c0c4       0x14 e:/program/pico-sdk-v1.5.0/gcc-arm-none-eabi/bin/../lib/gcc/arm-none-eabi/10.3.1/../../../../arm-none-eabi/lib/thumb/v6-m/nofp\libg.a(lib_a-strtod.o)
 .rodata.fpinan.0
                0x1000c0d8       0x14 e:/program/pico-sdk-v1.5.0/gcc-arm-none-eabi/bin/../lib/gcc/arm-none-eabi/10.3.1/../../../../arm-none-eabi/lib/thumb/v6-m/nofp\libg.a(lib_a-strtod.o)
 *fill*         0x1000c0ec        0x4 
 .rodata.tinytens
                0x1000c0f0       0x28 e:/program/pico-sdk-v1.5.0/gcc-arm-none-eabi/bin/../lib/gcc/arm-none-eabi/10.3.1/../../../../arm-none-eabi/lib/thumb/v6-m/nofp\libg.a(lib_a-strtod.o)
 .rodata.__gethex.str1.4
                0x1000c118       0x9a e:/program/pico-sdk-v1.5.0/gcc-arm-none-eabi/bin/../lib/gcc/arm-none-eabi/10.3.1/../../../../arm-none-eabi/lib/thumb/v6-m/nofp\libg.a(lib_a-gdtoa-gethex.o)
 *fill*         0x1000c1b2        0x2 
 .rodata.__hexdig
                0x1000c1b4      0x100 e:/program/pico-sdk-v1.5.0/gcc-arm-none-eabi/bin/../lib/gcc/arm-none-eabi/10.3.1/../../../../arm-none-eabi/lib/thumb/v6-m/nofp\libg.a(lib_a-gdtoa-gethex.o)
                0x1000c1b4                __hexdig
 .rodata.str1.4
                0x1000c2b4        0x5 e:/program/pico-sdk-v1.5.0/gcc-arm-none-eabi/bin/../lib/gcc/arm-none-eabi/10.3.1/../../../../arm-none-eabi/lib/thumb/v6-m/nofp\libg.a(lib_a-lnumeric.o)
 .rodata._C_numeric_locale
                0x1000c2b4        0xc e:/program/pico-sdk-v1.5.0/gcc-arm-none-eabi/bin/../lib/gcc/arm-none-eabi/10.3.1/../../../../arm-none-eabi/lib/thumb/v6-m/nofp\libg.a(lib_a-lnumeric.o)
                0x1000c2b4                _C_numeric_locale
 .rodata.__multadd.str1.4
                0x1000c2c0       0x7f e:/program/pico-sdk-v1.5.0/gcc-arm-none-eabi/bin/../lib/gcc/arm-none-eabi/10.3.1/../../../../arm-none-eabi/lib/thumb/v6-m/nofp\libg.a(lib_a-mprec.o)
                                 0x93 (size before relaxing)
 *fill*         0x1000c33f        0x1 
 .rodata.__mprec_bigtens
                0x1000c340       0x28 e:/program/pico-sdk-v1.5.0/gcc-arm-none-eabi/bin/../lib/gcc/arm-none-eabi/10.3.1/../../../../arm-none-eabi/lib/thumb/v6-m/nofp\libg.a(lib_a-mprec.o)
                0x1000c340                __mprec_bigtens
 .rodata.__mprec_tens
                0x1000c368       0xc8 e:/program/pico-sdk-v1.5.0/gcc-arm-none-eabi/bin/../lib/gcc/arm-none-eabi/10.3.1/../../../../arm-none-eabi/lib/thumb/v6-m/nofp\libg.a(lib_a-mprec.o)
                0x1000c368                __mprec_tens
 .rodata.p05.0  0x1000c430        0xc e:/program/pico-sdk-v1.5.0/gcc-arm-none-eabi/bin/../lib/gcc/arm-none-eabi/10.3.1/../../../../arm-none-eabi/lib/thumb/v6-m/nofp\libg.a(lib_a-mprec.o)
                0x1000c43c                . = ALIGN (0x4)
 *(SORT_BY_ALIGNMENT(SORT_BY_NAME(.flashdata*)))
                0x1000c43c                . = ALIGN (0x4)

.rel.dyn        0x1000c43c        0x0
 .rel.iplt      0x1000c43c        0x0 e:/program/pico-sdk-v1.5.0/gcc-arm-none-eabi/bin/../lib/gcc/arm-none-eabi/10.3.1/thumb/v6-m/nofp/crtbegin.o

.ARM.extab
 *(.ARM.extab* .gnu.linkonce.armextab.*)
                0x1000c43c                __exidx_start = .

.ARM.exidx
 *(.ARM.exidx* .gnu.linkonce.armexidx.*)
                0x1000c43c                __exidx_end = .
                0x1000c43c                . = ALIGN (0x4)
                0x1000c43c                __binary_info_start = .

.binary_info    0x1000c43c       0x24
 *(.binary_info.keep.*)
 .binary_info.keep.__bi_ptr22
                0x1000c43c        0x4 CMakeFiles/blink.dir/E_/program/Pico-SDK-v1.5.0/pico-sdk/src/rp2_common/pico_standard_link/binary_info.c.obj
 .binary_info.keep.__bi_ptr30
                0x1000c440        0x4 CMakeFiles/blink.dir/E_/program/Pico-SDK-v1.5.0/pico-sdk/src/rp2_common/pico_standard_link/binary_info.c.obj
 .binary_info.keep.__bi_ptr38
                0x1000c444        0x4 CMakeFiles/blink.dir/E_/program/Pico-SDK-v1.5.0/pico-sdk/src/rp2_common/pico_standard_link/binary_info.c.obj
 .binary_info.keep.__bi_ptr44
                0x1000c448        0x4 CMakeFiles/blink.dir/E_/program/Pico-SDK-v1.5.0/pico-sdk/src/rp2_common/pico_standard_link/binary_info.c.obj
 .binary_info.keep.__bi_ptr50
                0x1000c44c        0x4 CMakeFiles/blink.dir/E_/program/Pico-SDK-v1.5.0/pico-sdk/src/rp2_common/pico_standard_link/binary_info.c.obj
 .binary_info.keep.__bi_ptr75
                0x1000c450        0x4 CMakeFiles/blink.dir/E_/program/Pico-SDK-v1.5.0/pico-sdk/src/rp2_common/pico_standard_link/binary_info.c.obj
 .binary_info.keep.__bi_ptr81
                0x1000c454        0x4 CMakeFiles/blink.dir/E_/program/Pico-SDK-v1.5.0/pico-sdk/src/rp2_common/pico_standard_link/binary_info.c.obj
 *(.binary_info.*)
 .binary_info.__bi_ptr33
                0x1000c458        0x4 CMakeFiles/blink.dir/E_/program/Pico-SDK-v1.5.0/pico-sdk/src/rp2_common/pico_stdio_uart/stdio_uart.c.obj
 .binary_info.__bi_ptr34
                0x1000c45c        0x4 CMakeFiles/blink.dir/E_/program/Pico-SDK-v1.5.0/pico-sdk/src/rp2_common/pico_stdio_uart/stdio_uart.c.obj
                0x1000c460                __binary_info_end = .
                0x1000c460                . = ALIGN (0x4)
                0x1000c460                __etext = .

.ram_vector_table
                0x20000000       0xc0
 *(.ram_vector_table)
 .ram_vector_table
                0x20000000       0xc0 CMakeFiles/blink.dir/E_/program/Pico-SDK-v1.5.0/pico-sdk/src/rp2_common/pico_runtime/runtime.c.obj
                0x20000000                ram_vector_table

.data           0x200000c0      0xbf4 load address 0x1000c460
                0x200000c0                __data_start__ = .
 *(vtable)
 *(.time_critical*)
 .time_critical.mutex_try_enter
                0x200000c0       0x46 CMakeFiles/blink.dir/E_/program/Pico-SDK-v1.5.0/pico-sdk/src/common/pico_sync/mutex.c.obj
                0x200000c0                mutex_try_enter
 *fill*         0x20000106        0x2 
 .time_critical.mutex_enter_block_until
                0x20000108       0x8c CMakeFiles/blink.dir/E_/program/Pico-SDK-v1.5.0/pico-sdk/src/common/pico_sync/mutex.c.obj
                0x20000108                mutex_enter_block_until
 .time_critical.mutex_try_enter_block_until
                0x20000194       0x34 CMakeFiles/blink.dir/E_/program/Pico-SDK-v1.5.0/pico-sdk/src/common/pico_sync/mutex.c.obj
                0x20000194                mutex_try_enter_block_until
 .time_critical.mutex_exit
                0x200001c8       0x4c CMakeFiles/blink.dir/E_/program/Pico-SDK-v1.5.0/pico-sdk/src/common/pico_sync/mutex.c.obj
                0x200001c8                mutex_exit
 *(.text*)
 .text          0x20000214        0x4 e:/program/pico-sdk-v1.5.0/gcc-arm-none-eabi/bin/../lib/gcc/arm-none-eabi/10.3.1/thumb/v6-m/nofp\libgcc.a(_dvmd_tls.o)
                0x20000214                __aeabi_idiv0
                0x20000214                __aeabi_ldiv0
 .text.__stub   0x20000218       0x20 linker stubs
                0x20000238                . = ALIGN (0x4)
 *(.rodata*)
                0x20000238                . = ALIGN (0x4)
 *(.data*)
 .data.striped_spin_lock_num
                0x20000238        0x1 CMakeFiles/blink.dir/E_/program/Pico-SDK-v1.5.0/pico-sdk/src/rp2_common/hardware_sync/sync.c.obj
 *fill*         0x20000239        0x3 
 .data          0x2000023c       0x48 CMakeFiles/blink.dir/E_/program/Pico-SDK-v1.5.0/pico-sdk/src/rp2_common/hardware_irq/irq_handler_chain.S.obj
                0x2000023c                irq_handler_chain_slots
                0x2000026c                irq_handler_chain_first_slot
                0x20000276                irq_handler_chain_remove_tail
 .data.default_alarm_pool
                0x20000284       0x18 CMakeFiles/blink.dir/E_/program/Pico-SDK-v1.5.0/pico-sdk/src/common/pico_time/time.c.obj
 .data.default_alarm_pool_heap
                0x2000029c       0x10 CMakeFiles/blink.dir/E_/program/Pico-SDK-v1.5.0/pico-sdk/src/common/pico_time/time.c.obj
 *fill*         0x200002ac        0x4 
 .data.aeabi_bits_funcs
                0x200002b0       0x10 CMakeFiles/blink.dir/E_/program/Pico-SDK-v1.5.0/pico-sdk/src/rp2_common/pico_bit_ops/bit_ops_aeabi.S.obj
                0x200002b0                aeabi_bits_funcs
                0x200002c0                aeabi_bits_funcs_end
 .data.aeabi_mem_funcs
                0x200002c0       0x10 CMakeFiles/blink.dir/E_/program/Pico-SDK-v1.5.0/pico-sdk/src/rp2_common/pico_mem_ops/mem_ops_aeabi.S.obj
                0x200002c0                aeabi_mem_funcs
                0x200002d0                aeabi_mem_funcs_end
 .data.stdio_uart
                0x200002d0       0x18 CMakeFiles/blink.dir/E_/program/Pico-SDK-v1.5.0/pico-sdk/src/rp2_common/pico_stdio_uart/stdio_uart.c.obj
                0x200002d0                stdio_uart
 .data._impure_ptr
                0x200002e8        0x4 e:/program/pico-sdk-v1.5.0/gcc-arm-none-eabi/bin/../lib/gcc/arm-none-eabi/10.3.1/../../../../arm-none-eabi/lib/thumb/v6-m/nofp\libg.a(lib_a-impure.o)
                0x200002e8                _impure_ptr
 *fill*         0x200002ec        0x4 
 .data.impure_data
                0x200002f0      0x428 e:/program/pico-sdk-v1.5.0/gcc-arm-none-eabi/bin/../lib/gcc/arm-none-eabi/10.3.1/../../../../arm-none-eabi/lib/thumb/v6-m/nofp\libg.a(lib_a-impure.o)
 .data.__malloc_av_
                0x20000718      0x408 e:/program/pico-sdk-v1.5.0/gcc-arm-none-eabi/bin/../lib/gcc/arm-none-eabi/10.3.1/../../../../arm-none-eabi/lib/thumb/v6-m/nofp\libg.a(lib_a-mallocr.o)
                0x20000718                __malloc_av_
 .data.__malloc_sbrk_base
                0x20000b20        0x4 e:/program/pico-sdk-v1.5.0/gcc-arm-none-eabi/bin/../lib/gcc/arm-none-eabi/10.3.1/../../../../arm-none-eabi/lib/thumb/v6-m/nofp\libg.a(lib_a-mallocr.o)
                0x20000b20                __malloc_sbrk_base
 .data.__malloc_trim_threshold
                0x20000b24        0x4 e:/program/pico-sdk-v1.5.0/gcc-arm-none-eabi/bin/../lib/gcc/arm-none-eabi/10.3.1/../../../../arm-none-eabi/lib/thumb/v6-m/nofp\libg.a(lib_a-mallocr.o)
                0x20000b24                __malloc_trim_threshold
 .data.__global_locale
                0x20000b28      0x16c e:/program/pico-sdk-v1.5.0/gcc-arm-none-eabi/bin/../lib/gcc/arm-none-eabi/10.3.1/../../../../arm-none-eabi/lib/thumb/v6-m/nofp\libg.a(lib_a-locale.o)
                0x20000b28                __global_locale
 .data.numempty
                0x20000c94        0x2 e:/program/pico-sdk-v1.5.0/gcc-arm-none-eabi/bin/../lib/gcc/arm-none-eabi/10.3.1/../../../../arm-none-eabi/lib/thumb/v6-m/nofp\libg.a(lib_a-lnumeric.o)
                0x20000c98                . = ALIGN (0x4)
 *fill*         0x20000c96        0x2 
 *(.after_data.*)
                0x20000c98                . = ALIGN (0x4)
                0x20000c98                PROVIDE (__mutex_array_start = .)
 *(SORT_BY_NAME(.mutex_array.*))
 *(.mutex_array)
 .mutex_array   0x20000c98        0x8 CMakeFiles/blink.dir/E_/program/Pico-SDK-v1.5.0/pico-sdk/src/rp2_common/pico_stdio/stdio.c.obj
                0x20000ca0                PROVIDE (__mutex_array_end = .)
                0x20000ca0                . = ALIGN (0x4)
                0x20000ca0                PROVIDE (__preinit_array_start = .)
 *(SORT_BY_NAME(.preinit_array.*))
 .preinit_array.00001
                0x20000ca0        0x4 CMakeFiles/blink.dir/E_/program/Pico-SDK-v1.5.0/pico-sdk/src/rp2_common/pico_mem_ops/mem_ops_aeabi.S.obj
 .preinit_array.00010